


ARM Macro Assembler    Page 1 


    1 00000000                 EXPORT           _CPU_InterruptEnable_
    2 00000000                 EXPORT           _CPU_InterruptDisable_
    3 00000000                 EXPORT           _MK_SR_Save_
    4 00000000                 EXPORT           _MK_SR_Restore_
    5 00000000         
    6 00000000                 AREA             |.text|, CODE, READONLY, ALIGN=
2
    7 00000000                 THUMB
    8 00000000                 REQUIRE8
    9 00000000                 PRESERVE8
   10 00000000         
   11 00000000         ;开中断
   12 00000000         _CPU_InterruptEnable_
                               PROC
   13 00000000 B662            CPSIE            I
   14 00000002 4770            BX               LR
   15 00000004                 ENDP
   16 00000004         
   17 00000004         ;关中断
   18 00000004         _CPU_InterruptDisable_
                               PROC
   19 00000004 B672            CPSID            I
   20 00000006 4770            BX               LR
   21 00000008                 ENDP
   22 00000008         
   23 00000008         ;带临界保护的中断
   24 00000008         _MK_SR_Save_
                               PROC
   25 00000008 F3EF 8010       MRS              R0,PRIMASK
   26 0000000C B662            CPSIE            I
   27 0000000E 4770            BX               LR
   28 00000010                 ENDP
   29 00000010         
   30 00000010         _MK_SR_Restore_
                               PROC
   31 00000010 F380 8810       MSR              PRIMASK,R0
   32 00000014 4770            BX               LR
   33 00000016                 ENDP
   34 00000016         
   35 00000016         
                       
Command Line: --debug --xref --diag_suppress=9931 --cpu=Cortex-M3 --apcs=interw
ork --depend=.\object\cpu_o.d -o.\object\cpu_o.o -I.\RTE\_Target_1 -ID:\Users\M
agicKingC\AppData\Local\Arm\Packs\ARM\CMSIS\5.6.0\CMSIS\Core\Include -ID:\Users
\MagicKingC\AppData\Local\Arm\Packs\ARM\CMSIS\5.6.0\Device\ARM\ARMCM3\Include -
-predefine="__UVISION_VERSION SETA 529" --predefine="_RTE_ SETA 1" --predefine=
"ARMCM3 SETA 1" --list=.\cpu_o.lst ..\kernel\libcpu\m3\cpu_o.asm



ARM Macro Assembler    Page 1 Alphabetic symbol ordering
Relocatable symbols

.text 00000000

Symbol: .text
   Definitions
      At line 6 in file ..\kernel\libcpu\m3\cpu_o.asm
   Uses
      None
Comment: .text unused
_CPU_InterruptDisable_ 00000004

Symbol: _CPU_InterruptDisable_
   Definitions
      At line 18 in file ..\kernel\libcpu\m3\cpu_o.asm
   Uses
      At line 2 in file ..\kernel\libcpu\m3\cpu_o.asm
Comment: _CPU_InterruptDisable_ used once
_CPU_InterruptEnable_ 00000000

Symbol: _CPU_InterruptEnable_
   Definitions
      At line 12 in file ..\kernel\libcpu\m3\cpu_o.asm
   Uses
      At line 1 in file ..\kernel\libcpu\m3\cpu_o.asm
Comment: _CPU_InterruptEnable_ used once
_MK_SR_Restore_ 00000010

Symbol: _MK_SR_Restore_
   Definitions
      At line 30 in file ..\kernel\libcpu\m3\cpu_o.asm
   Uses
      At line 4 in file ..\kernel\libcpu\m3\cpu_o.asm
Comment: _MK_SR_Restore_ used once
_MK_SR_Save_ 00000008

Symbol: _MK_SR_Save_
   Definitions
      At line 24 in file ..\kernel\libcpu\m3\cpu_o.asm
   Uses
      At line 3 in file ..\kernel\libcpu\m3\cpu_o.asm
Comment: _MK_SR_Save_ used once
5 symbols
338 symbols in table
