Component: ARM Compiler 6.13.1 Tool: armlink [5d895400]

==============================================================================

Section Cross References

    main.o(.ARM.exidx.text.delay) refers to main.o(.text.delay) for [Anonymous Symbol]
    main.o(.text.task1) refers to gpio_stm32f10x.o(.text.GPIO_PortClock) for GPIO_PortClock
    main.o(.text.task1) refers to gpio_stm32f10x.o(.text.GPIO_PinConfigure) for GPIO_PinConfigure
    main.o(.text.task1) refers to systick.o(.text.mk_delay_ms) for mk_delay_ms
    main.o(.text.task1) refers to main.o(.bss.bit1) for bit1
    main.o(.ARM.exidx.text.task1) refers to main.o(.text.task1) for [Anonymous Symbol]
    main.o(.text.task2) refers to main.o(.bss.bit2) for bit2
    main.o(.ARM.exidx.text.task2) refers to main.o(.text.task2) for [Anonymous Symbol]
    main.o(.text.task3) refers to main.o(.bss.bit3) for bit3
    main.o(.ARM.exidx.text.task3) refers to main.o(.text.task3) for [Anonymous Symbol]
    main.o(.text.main) refers to main.o(.bss.task1_s) for task1_s
    main.o(.text.main) refers to main.o(.text.task1) for task1
    main.o(.text.main) refers to main.o(.bss.task2_s) for task2_s
    main.o(.text.main) refers to main.o(.text.task2) for task2
    main.o(.text.main) refers to main.o(.bss.task3_s) for task3_s
    main.o(.text.main) refers to main.o(.bss.taskEnv1) for taskEnv1
    main.o(.text.main) refers to main.o(.bss.taskEnv2) for taskEnv2
    main.o(.text.main) refers to main.o(.bss.taskEnv3) for taskEnv3
    main.o(.text.main) refers to main.o(.text.task3) for task3
    main.o(.text.main) refers to mktask.o(.text.mk_Task_Init) for mk_Task_Init
    main.o(.ARM.exidx.text.main) refers to main.o(.text.main) for [Anonymous Symbol]
    idle.o(.ARM.exidx.text.mk_idle_task) refers to idle.o(.text.mk_idle_task) for [Anonymous Symbol]
    idle.o(.text._MK_Idle_Init_) refers to mktask.o(.text.mk_TaskInit) for mk_TaskInit
    idle.o(.text._MK_Idle_Init_) refers to idle.o(.bss.idletaskEnv) for [Anonymous Symbol]
    idle.o(.text._MK_Idle_Init_) refers to idle.o(.bss.idletask) for idletask
    idle.o(.text._MK_Idle_Init_) refers to idle.o(.text.mk_idle_task) for mk_idle_task
    idle.o(.ARM.exidx.text._MK_Idle_Init_) refers to idle.o(.text._MK_Idle_Init_) for [Anonymous Symbol]
    mktask.o(.text.mk_TaskInit) refers to cpu_1.o(.text) for _MK_SR_Save_
    mktask.o(.text.mk_TaskInit) refers to mktask.o(.text.__MK_TaskStackInit) for __MK_TaskStackInit
    mktask.o(.text.mk_TaskInit) refers to priority.o(.text.InsertNodeToReadyListTail) for InsertNodeToReadyListTail
    mktask.o(.text.mk_TaskInit) refers to priority.o(.text.SetBitToPrioTable) for SetBitToPrioTable
    mktask.o(.ARM.exidx.text.mk_TaskInit) refers to mktask.o(.text.mk_TaskInit) for [Anonymous Symbol]
    mktask.o(.ARM.exidx.text.__MK_TaskStackInit) refers to mktask.o(.text.__MK_TaskStackInit) for [Anonymous Symbol]
    mktask.o(.text.mk_Task_Init) refers to cpu_1.o(.text) for _MK_SR_Save_
    mktask.o(.text.mk_Task_Init) refers to mkstr.o(.text.mk_strlen) for mk_strlen
    mktask.o(.text.mk_Task_Init) refers to mkstr.o(.text.mk_strncpy) for mk_strncpy
    mktask.o(.text.mk_Task_Init) refers to mktask.o(.text.__MK_TaskStackInit) for __MK_TaskStackInit
    mktask.o(.text.mk_Task_Init) refers to priority.o(.text.InsertNodeToReadyListTail) for InsertNodeToReadyListTail
    mktask.o(.text.mk_Task_Init) refers to priority.o(.text.SetBitToPrioTable) for SetBitToPrioTable
    mktask.o(.ARM.exidx.text.mk_Task_Init) refers to mktask.o(.text.mk_Task_Init) for [Anonymous Symbol]
    mktask.o(.text.mk_Task_Delete) refers to cpu_1.o(.text) for _MK_SR_Save_
    mktask.o(.text.mk_Task_Delete) refers to priority.o(.text.RemoveNodeFromReadyList) for RemoveNodeFromReadyList
    mktask.o(.text.mk_Task_Delete) refers to scheduler.o(.text._MK_TaskSwitch_) for _MK_TaskSwitch_
    mktask.o(.text.mk_Task_Delete) refers to mktype.o(.bss._MK_Current_Pro_) for _MK_Current_Pro_
    mktask.o(.ARM.exidx.text.mk_Task_Delete) refers to mktask.o(.text.mk_Task_Delete) for [Anonymous Symbol]
    priority.o(.text.InitReadyList) refers to mktype.o(.bss._MK_ReadyList) for _MK_ReadyList
    priority.o(.ARM.exidx.text.InitReadyList) refers to priority.o(.text.InitReadyList) for [Anonymous Symbol]
    priority.o(.text.InsertNodeToReadyListHead) refers to mktype.o(.bss._MK_PrioTable) for _MK_PrioTable
    priority.o(.text.InsertNodeToReadyListHead) refers to mktype.o(.bss._MK_ReadyList) for _MK_ReadyList
    priority.o(.ARM.exidx.text.InsertNodeToReadyListHead) refers to priority.o(.text.InsertNodeToReadyListHead) for [Anonymous Symbol]
    priority.o(.text.SetBitToPrioTable) refers to mktype.o(.bss._MK_PrioTable) for _MK_PrioTable
    priority.o(.ARM.exidx.text.SetBitToPrioTable) refers to priority.o(.text.SetBitToPrioTable) for [Anonymous Symbol]
    priority.o(.text.InsertNodeToReadyListTail) refers to mktype.o(.bss._MK_PrioTable) for _MK_PrioTable
    priority.o(.text.InsertNodeToReadyListTail) refers to mktype.o(.bss._MK_ReadyList) for _MK_ReadyList
    priority.o(.ARM.exidx.text.InsertNodeToReadyListTail) refers to priority.o(.text.InsertNodeToReadyListTail) for [Anonymous Symbol]
    priority.o(.ARM.exidx.text.MoveHeadToTailInReadList) refers to priority.o(.text.MoveHeadToTailInReadList) for [Anonymous Symbol]
    priority.o(.text.RemoveNodeFromReadyList) refers to priority.o(.text.ClearBitToPrioTable) for ClearBitToPrioTable
    priority.o(.text.RemoveNodeFromReadyList) refers to mktype.o(.bss._MK_ReadyList) for _MK_ReadyList
    priority.o(.ARM.exidx.text.RemoveNodeFromReadyList) refers to priority.o(.text.RemoveNodeFromReadyList) for [Anonymous Symbol]
    priority.o(.text.ClearBitToPrioTable) refers to mktype.o(.bss._MK_PrioTable) for _MK_PrioTable
    priority.o(.ARM.exidx.text.ClearBitToPrioTable) refers to priority.o(.text.ClearBitToPrioTable) for [Anonymous Symbol]
    priority.o(.text.InitPrioTable) refers to mktype.o(.bss._MK_PrioTable) for _MK_PrioTable
    priority.o(.ARM.exidx.text.InitPrioTable) refers to priority.o(.text.InitPrioTable) for [Anonymous Symbol]
    priority.o(.ARM.exidx.text._MK_FindFirstBit_) refers to priority.o(.text._MK_FindFirstBit_) for [Anonymous Symbol]
    priority.o(.text._MK_FindFirstBit) refers to priority.o(.text._MK_FindFirstBit_) for _MK_FindFirstBit_
    priority.o(.ARM.exidx.text._MK_FindFirstBit) refers to priority.o(.text._MK_FindFirstBit) for [Anonymous Symbol]
    priority.o(.text.GetHighestPrioFromPrioTable) refers to priority.o(.text._MK_FindFirstBit_) for _MK_FindFirstBit_
    priority.o(.text.GetHighestPrioFromPrioTable) refers to mktype.o(.bss._MK_PrioTable) for _MK_PrioTable
    priority.o(.ARM.exidx.text.GetHighestPrioFromPrioTable) refers to priority.o(.text.GetHighestPrioFromPrioTable) for [Anonymous Symbol]
    scheduler.o(.text._MK_TaskSwitch_) refers to cpu_1.o(.text) for _MK_SR_Save_
    scheduler.o(.text._MK_TaskSwitch_) refers to priority.o(.text.GetHighestPrioFromPrioTable) for GetHighestPrioFromPrioTable
    scheduler.o(.text._MK_TaskSwitch_) refers to cpu.o(CODE) for _TriggerPendSV_
    scheduler.o(.text._MK_TaskSwitch_) refers to mktype.o(.bss._MK_Highest_Prio_Index) for _MK_Highest_Prio_Index
    scheduler.o(.text._MK_TaskSwitch_) refers to mktype.o(.bss._MK_ReadyList) for _MK_ReadyList
    scheduler.o(.text._MK_TaskSwitch_) refers to mktype.o(.bss._MK_Highest_Pro_) for _MK_Highest_Pro_
    scheduler.o(.ARM.exidx.text._MK_TaskSwitch_) refers to scheduler.o(.text._MK_TaskSwitch_) for [Anonymous Symbol]
    scheduler.o(.text._MK_TaskTimeSliceSched) refers to priority.o(.text.MoveHeadToTailInReadList) for MoveHeadToTailInReadList
    scheduler.o(.text._MK_TaskTimeSliceSched) refers to idle.o(.bss.idletask) for idletask
    scheduler.o(.ARM.exidx.text._MK_TaskTimeSliceSched) refers to scheduler.o(.text._MK_TaskTimeSliceSched) for [Anonymous Symbol]
    system.o(.text.main_task) refers to main.o(.text.main) for main
    system.o(.text.main_task) refers to mktask.o(.text.mk_Task_Delete) for mk_Task_Delete
    system.o(.ARM.exidx.text.main_task) refers to system.o(.text.main_task) for [Anonymous Symbol]
    system.o(.text.__MK_Main) refers to cpu_1.o(.text) for _CPU_InterruptDisable_
    system.o(.text.__MK_Main) refers to sys_tick.o(.text.mk_SystickInit) for mk_SystickInit
    system.o(.text.__MK_Main) refers to priority.o(.text.InitPrioTable) for InitPrioTable
    system.o(.text.__MK_Main) refers to priority.o(.text.InitReadyList) for InitReadyList
    system.o(.text.__MK_Main) refers to systick.o(.text.InitTickSpokeList) for InitTickSpokeList
    system.o(.text.__MK_Main) refers to idle.o(.text._MK_Idle_Init_) for _MK_Idle_Init_
    system.o(.text.__MK_Main) refers to mktask.o(.text.mk_TaskInit) for mk_TaskInit
    system.o(.text.__MK_Main) refers to priority.o(.text.GetHighestPrioFromPrioTable) for GetHighestPrioFromPrioTable
    system.o(.text.__MK_Main) refers to cpu.o(CODE) for _MK_RTOS_RUN_
    system.o(.text.__MK_Main) refers to mktype.o(.bss._MK_Highest_Pro_) for _MK_Highest_Pro_
    system.o(.text.__MK_Main) refers to mktype.o(.bss._MK_Current_Pro_) for _MK_Current_Pro_
    system.o(.text.__MK_Main) refers to system.o(.bss.maintaskEnv) for [Anonymous Symbol]
    system.o(.text.__MK_Main) refers to system.o(.bss.maintask) for maintask
    system.o(.text.__MK_Main) refers to system.o(.text.main_task) for main_task
    system.o(.text.__MK_Main) refers to mktype.o(.bss._MK_Highest_Prio_Index) for _MK_Highest_Prio_Index
    system.o(.text.__MK_Main) refers to mktype.o(.bss._MK_ReadyList) for _MK_ReadyList
    system.o(.ARM.exidx.text.__MK_Main) refers to system.o(.text.__MK_Main) for [Anonymous Symbol]
    systick.o(.text.mk_delay_ms) refers to cpu_1.o(.text) for _MK_SR_Save_
    systick.o(.text.mk_delay_ms) refers to systick.o(.text.InsertNodeToTickSpokeList) for InsertNodeToTickSpokeList
    systick.o(.text.mk_delay_ms) refers to priority.o(.text.RemoveNodeFromReadyList) for RemoveNodeFromReadyList
    systick.o(.text.mk_delay_ms) refers to scheduler.o(.text._MK_TaskSwitch_) for _MK_TaskSwitch_
    systick.o(.text.mk_delay_ms) refers to mktype.o(.bss._MK_Current_Pro_) for _MK_Current_Pro_
    systick.o(.ARM.exidx.text.mk_delay_ms) refers to systick.o(.text.mk_delay_ms) for [Anonymous Symbol]
    systick.o(.text.InsertNodeToTickSpokeList) refers to systick.o(.bss.MK_TickCtr) for MK_TickCtr
    systick.o(.text.InsertNodeToTickSpokeList) refers to mktype.o(.bss.MK_TickSpokeList) for MK_TickSpokeList
    systick.o(.ARM.exidx.text.InsertNodeToTickSpokeList) refers to systick.o(.text.InsertNodeToTickSpokeList) for [Anonymous Symbol]
    systick.o(.text.InitTickSpokeList) refers to mktype.o(.bss.MK_TickSpokeList) for MK_TickSpokeList
    systick.o(.ARM.exidx.text.InitTickSpokeList) refers to systick.o(.text.InitTickSpokeList) for [Anonymous Symbol]
    systick.o(.ARM.exidx.text.RemoveFromTickSpokeList) refers to systick.o(.text.RemoveFromTickSpokeList) for [Anonymous Symbol]
    systick.o(.text.UpdateToTickSpokeList) refers to systick.o(.text.RemoveFromTickSpokeList) for RemoveFromTickSpokeList
    systick.o(.text.UpdateToTickSpokeList) refers to priority.o(.text.InsertNodeToReadyListTail) for InsertNodeToReadyListTail
    systick.o(.text.UpdateToTickSpokeList) refers to systick.o(.bss.MK_TickCtr) for MK_TickCtr
    systick.o(.text.UpdateToTickSpokeList) refers to mktype.o(.bss.MK_TickSpokeList) for MK_TickSpokeList
    systick.o(.ARM.exidx.text.UpdateToTickSpokeList) refers to systick.o(.text.UpdateToTickSpokeList) for [Anonymous Symbol]
    mkstr.o(.ARM.exidx.text.mk_strncpy) refers to mkstr.o(.text.mk_strncpy) for [Anonymous Symbol]
    mkstr.o(.ARM.exidx.text.mk_strlen) refers to mkstr.o(.text.mk_strlen) for [Anonymous Symbol]
    cpu.o(CODE) refers to mktype.o(.bss._MK_Current_Pro_) for _MK_Current_Pro_
    cpu.o(CODE) refers to mktype.o(.bss._MK_Highest_Pro_) for _MK_Highest_Pro_
    sys_tick.o(.text.mk_SystickInit) refers to system_stm32f10x.o(.text.SystemCoreClockUpdate) for SystemCoreClockUpdate
    sys_tick.o(.text.mk_SystickInit) refers to system_stm32f10x.o(.data.SystemCoreClock) for SystemCoreClock
    sys_tick.o(.ARM.exidx.text.mk_SystickInit) refers to sys_tick.o(.text.mk_SystickInit) for [Anonymous Symbol]
    sys_tick.o(.text.SysTick_Handler) refers to cpu_1.o(.text) for _MK_SR_Save_
    sys_tick.o(.text.SysTick_Handler) refers to systick.o(.text.UpdateToTickSpokeList) for UpdateToTickSpokeList
    sys_tick.o(.text.SysTick_Handler) refers to scheduler.o(.text._MK_TaskTimeSliceSched) for _MK_TaskTimeSliceSched
    sys_tick.o(.text.SysTick_Handler) refers to scheduler.o(.text._MK_TaskSwitch_) for _MK_TaskSwitch_
    sys_tick.o(.text.SysTick_Handler) refers to mktype.o(.bss._MK_Highest_Prio_Index) for _MK_Highest_Prio_Index
    sys_tick.o(.text.SysTick_Handler) refers to mktype.o(.bss._MK_ReadyList) for _MK_ReadyList
    sys_tick.o(.ARM.exidx.text.SysTick_Handler) refers to sys_tick.o(.text.SysTick_Handler) for [Anonymous Symbol]
    gpio_stm32f10x.o(.ARM.exidx.text.GPIO_PortClock) refers to gpio_stm32f10x.o(.text.GPIO_PortClock) for [Anonymous Symbol]
    gpio_stm32f10x.o(.ARM.exidx.text.GPIO_GetPortClockState) refers to gpio_stm32f10x.o(.text.GPIO_GetPortClockState) for [Anonymous Symbol]
    gpio_stm32f10x.o(.text.GPIO_PinConfigure) refers to gpio_stm32f10x.o(.text.GPIO_GetPortClockState) for GPIO_GetPortClockState
    gpio_stm32f10x.o(.text.GPIO_PinConfigure) refers to gpio_stm32f10x.o(.text.GPIO_PortClock) for GPIO_PortClock
    gpio_stm32f10x.o(.ARM.exidx.text.GPIO_PinConfigure) refers to gpio_stm32f10x.o(.text.GPIO_PinConfigure) for [Anonymous Symbol]
    gpio_stm32f10x.o(.ARM.exidx.text.GPIO_AFConfigure) refers to gpio_stm32f10x.o(.text.GPIO_AFConfigure) for [Anonymous Symbol]
    startup_stm32f10x_md.o(STACK) refers (Special) to heapauxi.o(.text) for __use_two_region_memory
    startup_stm32f10x_md.o(HEAP) refers (Special) to heapauxi.o(.text) for __use_two_region_memory
    startup_stm32f10x_md.o(RESET) refers (Special) to heapauxi.o(.text) for __use_two_region_memory
    startup_stm32f10x_md.o(RESET) refers to startup_stm32f10x_md.o(STACK) for __initial_sp
    startup_stm32f10x_md.o(RESET) refers to startup_stm32f10x_md.o(.text) for Reset_Handler
    startup_stm32f10x_md.o(RESET) refers to cpu.o(CODE) for PendSV_Handler
    startup_stm32f10x_md.o(RESET) refers to sys_tick.o(.text.SysTick_Handler) for SysTick_Handler
    startup_stm32f10x_md.o(.text) refers (Special) to heapauxi.o(.text) for __use_two_region_memory
    startup_stm32f10x_md.o(.text) refers to system_stm32f10x.o(.text.SystemInit) for SystemInit
    startup_stm32f10x_md.o(.text) refers to system.o(.text.__MK_Main) for __MK_Main
    startup_stm32f10x_md.o(.text) refers to startup_stm32f10x_md.o(HEAP) for Heap_Mem
    startup_stm32f10x_md.o(.text) refers to startup_stm32f10x_md.o(STACK) for Stack_Mem
    system_stm32f10x.o(.ARM.exidx.text.SystemInit) refers to system_stm32f10x.o(.text.SystemInit) for [Anonymous Symbol]
    system_stm32f10x.o(.text.SystemCoreClockUpdate) refers to system_stm32f10x.o(.data.SystemCoreClock) for SystemCoreClock
    system_stm32f10x.o(.text.SystemCoreClockUpdate) refers to system_stm32f10x.o(.rodata.AHBPrescTable) for AHBPrescTable
    system_stm32f10x.o(.ARM.exidx.text.SystemCoreClockUpdate) refers to system_stm32f10x.o(.text.SystemCoreClockUpdate) for [Anonymous Symbol]
    __main.o(!!!main) refers to __rtentry.o(.ARM.Collect$$rtentry$$00000000) for __rt_entry
    __rtentry.o(.ARM.Collect$$rtentry$$00000000) refers (Special) to __rtentry2.o(.ARM.Collect$$rtentry$$0000000A) for __rt_entry_li
    __rtentry.o(.ARM.Collect$$rtentry$$00000000) refers (Special) to __rtentry2.o(.ARM.Collect$$rtentry$$0000000D) for __rt_entry_main
    __rtentry.o(.ARM.Collect$$rtentry$$00000000) refers (Special) to __rtentry2.o(.ARM.Collect$$rtentry$$0000000C) for __rt_entry_postli_1
    __rtentry.o(.ARM.Collect$$rtentry$$00000000) refers (Special) to __rtentry2.o(.ARM.Collect$$rtentry$$00000009) for __rt_entry_postsh_1
    __rtentry.o(.ARM.Collect$$rtentry$$00000000) refers (Special) to __rtentry2.o(.ARM.Collect$$rtentry$$00000002) for __rt_entry_presh_1
    __rtentry.o(.ARM.Collect$$rtentry$$00000000) refers (Special) to __rtentry4.o(.ARM.Collect$$rtentry$$00000004) for __rt_entry_sh
    __rtentry2.o(.ARM.Collect$$rtentry$$00000008) refers to boardinit2.o(.text) for _platform_post_stackheap_init
    __rtentry2.o(.ARM.Collect$$rtentry$$0000000A) refers to libinit.o(.ARM.Collect$$libinit$$00000000) for __rt_lib_init
    __rtentry2.o(.ARM.Collect$$rtentry$$0000000B) refers to boardinit3.o(.text) for _platform_post_lib_init
    __rtentry2.o(.ARM.Collect$$rtentry$$0000000D) refers to main.o(.text.main) for main
    __rtentry2.o(.ARM.Collect$$rtentry$$0000000D) refers to exit.o(.text) for exit
    __rtentry2.o(.ARM.exidx) refers to __rtentry2.o(.ARM.Collect$$rtentry$$00000001) for .ARM.Collect$$rtentry$$00000001
    __rtentry2.o(.ARM.exidx) refers to __rtentry2.o(.ARM.Collect$$rtentry$$00000008) for .ARM.Collect$$rtentry$$00000008
    __rtentry2.o(.ARM.exidx) refers to __rtentry2.o(.ARM.Collect$$rtentry$$0000000A) for .ARM.Collect$$rtentry$$0000000A
    __rtentry2.o(.ARM.exidx) refers to __rtentry2.o(.ARM.Collect$$rtentry$$0000000B) for .ARM.Collect$$rtentry$$0000000B
    __rtentry2.o(.ARM.exidx) refers to __rtentry2.o(.ARM.Collect$$rtentry$$0000000D) for .ARM.Collect$$rtentry$$0000000D
    __rtentry4.o(.ARM.Collect$$rtentry$$00000004) refers to sys_stackheap_outer.o(.text) for __user_setup_stackheap
    __rtentry4.o(.ARM.exidx) refers to __rtentry4.o(.ARM.Collect$$rtentry$$00000004) for .ARM.Collect$$rtentry$$00000004
    sys_stackheap_outer.o(.text) refers to libspace.o(.text) for __user_perproc_libspace
    sys_stackheap_outer.o(.text) refers to startup_stm32f10x_md.o(.text) for __user_initial_stackheap
    exit.o(.text) refers to rtexit.o(.ARM.Collect$$rtexit$$00000000) for __rt_exit
    libinit.o(.ARM.Collect$$libinit$$00000000) refers (Special) to libinit2.o(.ARM.Collect$$libinit$$0000002E) for __rt_lib_init_alloca_1
    libinit.o(.ARM.Collect$$libinit$$00000000) refers (Special) to libinit2.o(.ARM.Collect$$libinit$$0000002C) for __rt_lib_init_argv_1
    libinit.o(.ARM.Collect$$libinit$$00000000) refers (Special) to libinit2.o(.ARM.Collect$$libinit$$0000001B) for __rt_lib_init_atexit_1
    libinit.o(.ARM.Collect$$libinit$$00000000) refers (Special) to libinit2.o(.ARM.Collect$$libinit$$00000021) for __rt_lib_init_clock_1
    libinit.o(.ARM.Collect$$libinit$$00000000) refers (Special) to libinit2.o(.ARM.Collect$$libinit$$00000032) for __rt_lib_init_cpp_1
    libinit.o(.ARM.Collect$$libinit$$00000000) refers (Special) to libinit2.o(.ARM.Collect$$libinit$$00000030) for __rt_lib_init_exceptions_1
    libinit.o(.ARM.Collect$$libinit$$00000000) refers (Special) to libinit2.o(.ARM.Collect$$libinit$$00000002) for __rt_lib_init_fp_1
    libinit.o(.ARM.Collect$$libinit$$00000000) refers (Special) to libinit2.o(.ARM.Collect$$libinit$$0000001F) for __rt_lib_init_fp_trap_1
    libinit.o(.ARM.Collect$$libinit$$00000000) refers (Special) to libinit2.o(.ARM.Collect$$libinit$$00000023) for __rt_lib_init_getenv_1
    libinit.o(.ARM.Collect$$libinit$$00000000) refers (Special) to libinit2.o(.ARM.Collect$$libinit$$0000000A) for __rt_lib_init_heap_1
    libinit.o(.ARM.Collect$$libinit$$00000000) refers (Special) to libinit2.o(.ARM.Collect$$libinit$$00000011) for __rt_lib_init_lc_collate_1
    libinit.o(.ARM.Collect$$libinit$$00000000) refers (Special) to libinit2.o(.ARM.Collect$$libinit$$00000013) for __rt_lib_init_lc_ctype_1
    libinit.o(.ARM.Collect$$libinit$$00000000) refers (Special) to libinit2.o(.ARM.Collect$$libinit$$00000015) for __rt_lib_init_lc_monetary_1
    libinit.o(.ARM.Collect$$libinit$$00000000) refers (Special) to libinit2.o(.ARM.Collect$$libinit$$00000017) for __rt_lib_init_lc_numeric_1
    libinit.o(.ARM.Collect$$libinit$$00000000) refers (Special) to libinit2.o(.ARM.Collect$$libinit$$00000019) for __rt_lib_init_lc_time_1
    libinit.o(.ARM.Collect$$libinit$$00000000) refers (Special) to libinit2.o(.ARM.Collect$$libinit$$00000004) for __rt_lib_init_preinit_1
    libinit.o(.ARM.Collect$$libinit$$00000000) refers (Special) to libinit2.o(.ARM.Collect$$libinit$$0000000E) for __rt_lib_init_rand_1
    libinit.o(.ARM.Collect$$libinit$$00000000) refers (Special) to libinit2.o(.ARM.Collect$$libinit$$00000033) for __rt_lib_init_return
    libinit.o(.ARM.Collect$$libinit$$00000000) refers (Special) to libinit2.o(.ARM.Collect$$libinit$$0000001D) for __rt_lib_init_signal_1
    libinit.o(.ARM.Collect$$libinit$$00000000) refers (Special) to libinit2.o(.ARM.Collect$$libinit$$00000025) for __rt_lib_init_stdio_1
    libinit.o(.ARM.Collect$$libinit$$00000000) refers (Special) to libinit2.o(.ARM.Collect$$libinit$$0000000C) for __rt_lib_init_user_alloc_1
    libspace.o(.text) refers to libspace.o(.bss) for __libspace_start
    rtexit.o(.ARM.Collect$$rtexit$$00000000) refers (Special) to rtexit2.o(.ARM.Collect$$rtexit$$00000004) for __rt_exit_exit
    rtexit.o(.ARM.Collect$$rtexit$$00000000) refers (Special) to rtexit2.o(.ARM.Collect$$rtexit$$00000003) for __rt_exit_ls
    rtexit.o(.ARM.Collect$$rtexit$$00000000) refers (Special) to rtexit2.o(.ARM.Collect$$rtexit$$00000002) for __rt_exit_prels_1
    rtexit.o(.ARM.exidx) refers (Special) to rtexit2.o(.ARM.Collect$$rtexit$$00000004) for __rt_exit_exit
    rtexit.o(.ARM.exidx) refers (Special) to rtexit2.o(.ARM.Collect$$rtexit$$00000003) for __rt_exit_ls
    rtexit.o(.ARM.exidx) refers (Special) to rtexit2.o(.ARM.Collect$$rtexit$$00000002) for __rt_exit_prels_1
    rtexit.o(.ARM.exidx) refers to rtexit.o(.ARM.Collect$$rtexit$$00000000) for .ARM.Collect$$rtexit$$00000000
    libinit2.o(.ARM.Collect$$libinit$$00000010) refers to libinit2.o(.ARM.Collect$$libinit$$0000000F) for .ARM.Collect$$libinit$$0000000F
    libinit2.o(.ARM.Collect$$libinit$$00000012) refers to libinit2.o(.ARM.Collect$$libinit$$0000000F) for .ARM.Collect$$libinit$$0000000F
    libinit2.o(.ARM.Collect$$libinit$$00000014) refers to libinit2.o(.ARM.Collect$$libinit$$0000000F) for .ARM.Collect$$libinit$$0000000F
    libinit2.o(.ARM.Collect$$libinit$$00000016) refers to libinit2.o(.ARM.Collect$$libinit$$0000000F) for .ARM.Collect$$libinit$$0000000F
    libinit2.o(.ARM.Collect$$libinit$$00000018) refers to libinit2.o(.ARM.Collect$$libinit$$0000000F) for .ARM.Collect$$libinit$$0000000F
    libinit2.o(.ARM.Collect$$libinit$$00000026) refers to argv_veneer.o(.emb_text) for __ARM_argv_veneer
    libinit2.o(.ARM.Collect$$libinit$$00000027) refers to argv_veneer.o(.emb_text) for __ARM_argv_veneer
    rtexit2.o(.ARM.Collect$$rtexit$$00000003) refers to libshutdown.o(.ARM.Collect$$libshutdown$$00000000) for __rt_lib_shutdown
    rtexit2.o(.ARM.Collect$$rtexit$$00000004) refers to sys_exit.o(.text) for _sys_exit
    rtexit2.o(.ARM.exidx) refers to rtexit2.o(.ARM.Collect$$rtexit$$00000001) for .ARM.Collect$$rtexit$$00000001
    rtexit2.o(.ARM.exidx) refers to rtexit2.o(.ARM.Collect$$rtexit$$00000003) for .ARM.Collect$$rtexit$$00000003
    rtexit2.o(.ARM.exidx) refers to rtexit2.o(.ARM.Collect$$rtexit$$00000004) for .ARM.Collect$$rtexit$$00000004
    argv_veneer.o(.emb_text) refers to no_argv.o(.text) for __ARM_get_argv
    sys_exit.o(.text) refers (Special) to use_no_semi.o(.text) for __I$use$semihosting
    sys_exit.o(.text) refers (Special) to indicate_semi.o(.text) for __semihosting_library_function
    sys_exit_hlt.o(.text) refers (Special) to use_no_semi.o(.text) for __I$use$semihosting
    sys_exit_hlt.o(.text) refers (Special) to indicate_semi.o(.text) for __semihosting_library_function
    _get_argv_nomalloc.o(.text) refers (Special) to hrguard.o(.text) for __heap_region$guard
    _get_argv_nomalloc.o(.text) refers to defsig_rtmem_outer.o(.text) for __rt_SIGRTMEM
    _get_argv_nomalloc.o(.text) refers to sys_command.o(.text) for _sys_command_string
    libshutdown.o(.ARM.Collect$$libshutdown$$00000000) refers (Special) to libshutdown2.o(.ARM.Collect$$libshutdown$$00000002) for __rt_lib_shutdown_cpp_1
    libshutdown.o(.ARM.Collect$$libshutdown$$00000000) refers (Special) to libshutdown2.o(.ARM.Collect$$libshutdown$$00000007) for __rt_lib_shutdown_fp_trap_1
    libshutdown.o(.ARM.Collect$$libshutdown$$00000000) refers (Special) to libshutdown2.o(.ARM.Collect$$libshutdown$$0000000F) for __rt_lib_shutdown_heap_1
    libshutdown.o(.ARM.Collect$$libshutdown$$00000000) refers (Special) to libshutdown2.o(.ARM.Collect$$libshutdown$$00000010) for __rt_lib_shutdown_return
    libshutdown.o(.ARM.Collect$$libshutdown$$00000000) refers (Special) to libshutdown2.o(.ARM.Collect$$libshutdown$$0000000A) for __rt_lib_shutdown_signal_1
    libshutdown.o(.ARM.Collect$$libshutdown$$00000000) refers (Special) to libshutdown2.o(.ARM.Collect$$libshutdown$$00000004) for __rt_lib_shutdown_stdio_1
    libshutdown.o(.ARM.Collect$$libshutdown$$00000000) refers (Special) to libshutdown2.o(.ARM.Collect$$libshutdown$$0000000C) for __rt_lib_shutdown_user_alloc_1
    sys_command.o(.text) refers (Special) to use_no_semi.o(.text) for __I$use$semihosting
    sys_command.o(.text) refers (Special) to indicate_semi.o(.text) for __semihosting_library_function
    sys_command_hlt.o(.text) refers (Special) to use_no_semi.o(.text) for __I$use$semihosting
    sys_command_hlt.o(.text) refers (Special) to indicate_semi.o(.text) for __semihosting_library_function
    defsig_rtmem_outer.o(.text) refers to defsig_rtmem_inner.o(.text) for __rt_SIGRTMEM_inner
    defsig_rtmem_outer.o(.text) refers to defsig_exit.o(.text) for __sig_exit
    defsig_rtmem_formal.o(.text) refers to rt_raise.o(.text) for __rt_raise
    rt_raise.o(.text) refers to __raise.o(.text) for __raise
    rt_raise.o(.text) refers to sys_exit.o(.text) for _sys_exit
    defsig_exit.o(.text) refers to sys_exit.o(.text) for _sys_exit
    defsig_rtmem_inner.o(.text) refers to defsig_general.o(.text) for __default_signal_display
    __raise.o(.text) refers to defsig.o(CL$$defsig) for __default_signal_handler
    defsig_general.o(.text) refers to sys_wrch.o(.text) for _ttywrch
    sys_wrch.o(.text) refers (Special) to use_no_semi.o(.text) for __I$use$semihosting
    sys_wrch.o(.text) refers (Special) to indicate_semi.o(.text) for __semihosting_library_function
    sys_wrch_hlt.o(.text) refers (Special) to use_no_semi.o(.text) for __I$use$semihosting
    sys_wrch_hlt.o(.text) refers (Special) to indicate_semi.o(.text) for __semihosting_library_function
    defsig.o(CL$$defsig) refers to defsig_rtmem_inner.o(.text) for __rt_SIGRTMEM_inner
    defsig_abrt_inner.o(.text) refers to defsig_general.o(.text) for __default_signal_display
    defsig_fpe_inner.o(.text) refers to defsig_general.o(.text) for __default_signal_display
    defsig_rtred_inner.o(.text) refers to defsig_general.o(.text) for __default_signal_display
    defsig_stak_inner.o(.text) refers to defsig_general.o(.text) for __default_signal_display
    defsig_pvfn_inner.o(.text) refers to defsig_general.o(.text) for __default_signal_display
    defsig_cppl_inner.o(.text) refers to defsig_general.o(.text) for __default_signal_display
    defsig_segv_inner.o(.text) refers to defsig_general.o(.text) for __default_signal_display
    defsig_other.o(.text) refers to defsig_general.o(.text) for __default_signal_display


==============================================================================

Removing Unused input sections from the image.

    Removing main.o(.text), (0 bytes).
    Removing main.o(.text.delay), (2 bytes).
    Removing main.o(.ARM.exidx.text.delay), (8 bytes).
    Removing main.o(.ARM.exidx.text.task1), (8 bytes).
    Removing main.o(.ARM.exidx.text.task2), (8 bytes).
    Removing main.o(.ARM.exidx.text.task3), (8 bytes).
    Removing main.o(.ARM.exidx.text.main), (8 bytes).
    Removing main.o(.bss.task_1), (56 bytes).
    Removing main.o(.bss.task_2), (56 bytes).
    Removing main.o(.bss.task_3), (56 bytes).
    Removing main.o(.ARM.use_no_argv), (4 bytes).
    Removing idle.o(.text), (0 bytes).
    Removing idle.o(.ARM.exidx.text.mk_idle_task), (8 bytes).
    Removing idle.o(.ARM.exidx.text._MK_Idle_Init_), (8 bytes).
    Removing mktask.o(.text), (0 bytes).
    Removing mktask.o(.ARM.exidx.text.mk_TaskInit), (8 bytes).
    Removing mktask.o(.ARM.exidx.text.__MK_TaskStackInit), (8 bytes).
    Removing mktask.o(.ARM.exidx.text.mk_Task_Init), (8 bytes).
    Removing mktask.o(.ARM.exidx.text.mk_Task_Delete), (8 bytes).
    Removing mktype.o(.text), (0 bytes).
    Removing priority.o(.text), (0 bytes).
    Removing priority.o(.ARM.exidx.text.InitReadyList), (8 bytes).
    Removing priority.o(.text.InsertNodeToReadyListHead), (84 bytes).
    Removing priority.o(.ARM.exidx.text.InsertNodeToReadyListHead), (8 bytes).
    Removing priority.o(.ARM.exidx.text.SetBitToPrioTable), (8 bytes).
    Removing priority.o(.ARM.exidx.text.InsertNodeToReadyListTail), (8 bytes).
    Removing priority.o(.ARM.exidx.text.MoveHeadToTailInReadList), (8 bytes).
    Removing priority.o(.ARM.exidx.text.RemoveNodeFromReadyList), (8 bytes).
    Removing priority.o(.ARM.exidx.text.ClearBitToPrioTable), (8 bytes).
    Removing priority.o(.ARM.exidx.text.InitPrioTable), (8 bytes).
    Removing priority.o(.ARM.exidx.text._MK_FindFirstBit_), (8 bytes).
    Removing priority.o(.text._MK_FindFirstBit), (38 bytes).
    Removing priority.o(.ARM.exidx.text._MK_FindFirstBit), (8 bytes).
    Removing priority.o(.ARM.exidx.text.GetHighestPrioFromPrioTable), (8 bytes).
    Removing scheduler.o(.text), (0 bytes).
    Removing scheduler.o(.ARM.exidx.text._MK_TaskSwitch_), (8 bytes).
    Removing scheduler.o(.ARM.exidx.text._MK_TaskTimeSliceSched), (8 bytes).
    Removing system.o(.text), (0 bytes).
    Removing system.o(.ARM.exidx.text.main_task), (8 bytes).
    Removing system.o(.ARM.exidx.text.__MK_Main), (8 bytes).
    Removing systick.o(.text), (0 bytes).
    Removing systick.o(.ARM.exidx.text.mk_delay_ms), (8 bytes).
    Removing systick.o(.ARM.exidx.text.InsertNodeToTickSpokeList), (8 bytes).
    Removing systick.o(.ARM.exidx.text.InitTickSpokeList), (8 bytes).
    Removing systick.o(.ARM.exidx.text.RemoveFromTickSpokeList), (8 bytes).
    Removing systick.o(.ARM.exidx.text.UpdateToTickSpokeList), (8 bytes).
    Removing mkstr.o(.text), (0 bytes).
    Removing mkstr.o(.ARM.exidx.text.mk_strncpy), (8 bytes).
    Removing mkstr.o(.ARM.exidx.text.mk_strlen), (8 bytes).
    Removing sys_tick.o(.text), (0 bytes).
    Removing sys_tick.o(.ARM.exidx.text.mk_SystickInit), (8 bytes).
    Removing sys_tick.o(.ARM.exidx.text.SysTick_Handler), (8 bytes).
    Removing gpio_stm32f10x.o(.text), (0 bytes).
    Removing gpio_stm32f10x.o(.ARM.exidx.text.GPIO_PortClock), (8 bytes).
    Removing gpio_stm32f10x.o(.ARM.exidx.text.GPIO_GetPortClockState), (8 bytes).
    Removing gpio_stm32f10x.o(.ARM.exidx.text.GPIO_PinConfigure), (8 bytes).
    Removing gpio_stm32f10x.o(.text.GPIO_AFConfigure), (124 bytes).
    Removing gpio_stm32f10x.o(.ARM.exidx.text.GPIO_AFConfigure), (8 bytes).
    Removing system_stm32f10x.o(.text), (0 bytes).
    Removing system_stm32f10x.o(.ARM.exidx.text.SystemInit), (8 bytes).
    Removing system_stm32f10x.o(.ARM.exidx.text.SystemCoreClockUpdate), (8 bytes).

61 unused section(s) (total 748 bytes) removed from the image.

==============================================================================

Image Symbol Table

    Local Symbols

    Symbol Name                              Value     Ov Type        Size  Object(Section)

    ../clib/angel/boardlib.s                 0x00000000   Number         0  boardinit1.o ABSOLUTE
    ../clib/angel/boardlib.s                 0x00000000   Number         0  boardinit2.o ABSOLUTE
    ../clib/angel/boardlib.s                 0x00000000   Number         0  boardinit3.o ABSOLUTE
    ../clib/angel/boardlib.s                 0x00000000   Number         0  boardshut.o ABSOLUTE
    ../clib/angel/handlers.s                 0x00000000   Number         0  __scatter_copy.o ABSOLUTE
    ../clib/angel/handlers.s                 0x00000000   Number         0  __scatter_zi.o ABSOLUTE
    ../clib/angel/kernel.s                   0x00000000   Number         0  __rtentry.o ABSOLUTE
    ../clib/angel/kernel.s                   0x00000000   Number         0  __rtentry2.o ABSOLUTE
    ../clib/angel/kernel.s                   0x00000000   Number         0  __rtentry4.o ABSOLUTE
    ../clib/angel/kernel.s                   0x00000000   Number         0  rtexit.o ABSOLUTE
    ../clib/angel/kernel.s                   0x00000000   Number         0  rtexit2.o ABSOLUTE
    ../clib/angel/rt.s                       0x00000000   Number         0  rt_raise.o ABSOLUTE
    ../clib/angel/scatter.s                  0x00000000   Number         0  __scatter.o ABSOLUTE
    ../clib/angel/startup.s                  0x00000000   Number         0  __main.o ABSOLUTE
    ../clib/angel/sys.s                      0x00000000   Number         0  sys_stackheap_outer.o ABSOLUTE
    ../clib/angel/sys.s                      0x00000000   Number         0  libspace.o ABSOLUTE
    ../clib/angel/sys.s                      0x00000000   Number         0  use_no_semi.o ABSOLUTE
    ../clib/angel/sys.s                      0x00000000   Number         0  indicate_semi.o ABSOLUTE
    ../clib/angel/sysapp.c                   0x00000000   Number         0  sys_exit.o ABSOLUTE
    ../clib/angel/sysapp.c                   0x00000000   Number         0  sys_exit_hlt.o ABSOLUTE
    ../clib/angel/sysapp.c                   0x00000000   Number         0  sys_command.o ABSOLUTE
    ../clib/angel/sysapp.c                   0x00000000   Number         0  sys_command_hlt.o ABSOLUTE
    ../clib/angel/sysapp.c                   0x00000000   Number         0  sys_wrch.o ABSOLUTE
    ../clib/angel/sysapp.c                   0x00000000   Number         0  sys_wrch_hlt.o ABSOLUTE
    ../clib/armsys.c                         0x00000000   Number         0  argv_veneer.o ABSOLUTE
    ../clib/armsys.c                         0x00000000   Number         0  argv_veneer.o ABSOLUTE
    ../clib/armsys.c                         0x00000000   Number         0  _get_argv_nomalloc.o ABSOLUTE
    ../clib/armsys.c                         0x00000000   Number         0  no_argv.o ABSOLUTE
    ../clib/heapalloc.c                      0x00000000   Number         0  hrguard.o ABSOLUTE
    ../clib/heapaux.c                        0x00000000   Number         0  heapauxi.o ABSOLUTE
    ../clib/libinit.s                        0x00000000   Number         0  libinit.o ABSOLUTE
    ../clib/libinit.s                        0x00000000   Number         0  libinit2.o ABSOLUTE
    ../clib/libinit.s                        0x00000000   Number         0  libshutdown.o ABSOLUTE
    ../clib/libinit.s                        0x00000000   Number         0  libshutdown2.o ABSOLUTE
    ../clib/signal.c                         0x00000000   Number         0  defsig_rtmem_outer.o ABSOLUTE
    ../clib/signal.c                         0x00000000   Number         0  defsig_rtmem_formal.o ABSOLUTE
    ../clib/signal.c                         0x00000000   Number         0  defsig_exit.o ABSOLUTE
    ../clib/signal.c                         0x00000000   Number         0  defsig_rtmem_inner.o ABSOLUTE
    ../clib/signal.c                         0x00000000   Number         0  __raise.o ABSOLUTE
    ../clib/signal.c                         0x00000000   Number         0  defsig_general.o ABSOLUTE
    ../clib/signal.c                         0x00000000   Number         0  defsig_abrt_inner.o ABSOLUTE
    ../clib/signal.c                         0x00000000   Number         0  defsig_fpe_inner.o ABSOLUTE
    ../clib/signal.c                         0x00000000   Number         0  defsig_rtred_inner.o ABSOLUTE
    ../clib/signal.c                         0x00000000   Number         0  defsig_stak_inner.o ABSOLUTE
    ../clib/signal.c                         0x00000000   Number         0  defsig_pvfn_inner.o ABSOLUTE
    ../clib/signal.c                         0x00000000   Number         0  defsig_cppl_inner.o ABSOLUTE
    ../clib/signal.c                         0x00000000   Number         0  defsig_segv_inner.o ABSOLUTE
    ../clib/signal.c                         0x00000000   Number         0  defsig_other.o ABSOLUTE
    ../clib/signal.s                         0x00000000   Number         0  defsig.o ABSOLUTE
    ../clib/stdlib.c                         0x00000000   Number         0  exit.o ABSOLUTE
    ../fplib/fpinit.s                        0x00000000   Number         0  fpinit.o ABSOLUTE
    ../fplib/fpinit_empty.s                  0x00000000   Number         0  fpinit_empty.o ABSOLUTE
    ..\kernel\libcpu\m3\cpu.asm              0x00000000   Number         0  cpu_1.o ABSOLUTE
    ..\kernel\libcpu\m3\cpu.s                0x00000000   Number         0  cpu.o ABSOLUTE
    GPIO_STM32F10x.c                         0x00000000   Number         0  gpio_stm32f10x.o ABSOLUTE
    RTE\Device\STM32F103C8\startup_stm32f10x_md.s 0x00000000   Number         0  startup_stm32f10x_md.o ABSOLUTE
    dc.s                                     0x00000000   Number         0  dc.o ABSOLUTE
    idle.c                                   0x00000000   Number         0  idle.o ABSOLUTE
    main.c                                   0x00000000   Number         0  main.o ABSOLUTE
    mkstr.c                                  0x00000000   Number         0  mkstr.o ABSOLUTE
    mktask.c                                 0x00000000   Number         0  mktask.o ABSOLUTE
    mktype.c                                 0x00000000   Number         0  mktype.o ABSOLUTE
    priority.c                               0x00000000   Number         0  priority.o ABSOLUTE
    scheduler.c                              0x00000000   Number         0  scheduler.o ABSOLUTE
    sys_tick.c                               0x00000000   Number         0  sys_tick.o ABSOLUTE
    system.c                                 0x00000000   Number         0  system.o ABSOLUTE
    system_stm32f10x.c                       0x00000000   Number         0  system_stm32f10x.o ABSOLUTE
    systick.c                                0x00000000   Number         0  systick.o ABSOLUTE
    RESET                                    0x08000000   Section      236  startup_stm32f10x_md.o(RESET)
    !!!main                                  0x080000ec   Section        8  __main.o(!!!main)
    !!!scatter                               0x080000f4   Section       52  __scatter.o(!!!scatter)
    !!handler_copy                           0x08000128   Section       26  __scatter_copy.o(!!handler_copy)
    !!handler_zi                             0x08000144   Section       28  __scatter_zi.o(!!handler_zi)
    .ARM.Collect$$libinit$$00000000          0x08000160   Section        2  libinit.o(.ARM.Collect$$libinit$$00000000)
    .ARM.Collect$$libinit$$00000002          0x08000162   Section        0  libinit2.o(.ARM.Collect$$libinit$$00000002)
    .ARM.Collect$$libinit$$00000004          0x08000162   Section        0  libinit2.o(.ARM.Collect$$libinit$$00000004)
    .ARM.Collect$$libinit$$0000000A          0x08000162   Section        0  libinit2.o(.ARM.Collect$$libinit$$0000000A)
    .ARM.Collect$$libinit$$0000000C          0x08000162   Section        0  libinit2.o(.ARM.Collect$$libinit$$0000000C)
    .ARM.Collect$$libinit$$0000000E          0x08000162   Section        0  libinit2.o(.ARM.Collect$$libinit$$0000000E)
    .ARM.Collect$$libinit$$00000011          0x08000162   Section        0  libinit2.o(.ARM.Collect$$libinit$$00000011)
    .ARM.Collect$$libinit$$00000013          0x08000162   Section        0  libinit2.o(.ARM.Collect$$libinit$$00000013)
    .ARM.Collect$$libinit$$00000015          0x08000162   Section        0  libinit2.o(.ARM.Collect$$libinit$$00000015)
    .ARM.Collect$$libinit$$00000017          0x08000162   Section        0  libinit2.o(.ARM.Collect$$libinit$$00000017)
    .ARM.Collect$$libinit$$00000019          0x08000162   Section        0  libinit2.o(.ARM.Collect$$libinit$$00000019)
    .ARM.Collect$$libinit$$0000001B          0x08000162   Section        0  libinit2.o(.ARM.Collect$$libinit$$0000001B)
    .ARM.Collect$$libinit$$0000001D          0x08000162   Section        0  libinit2.o(.ARM.Collect$$libinit$$0000001D)
    .ARM.Collect$$libinit$$0000001F          0x08000162   Section        0  libinit2.o(.ARM.Collect$$libinit$$0000001F)
    .ARM.Collect$$libinit$$00000021          0x08000162   Section        0  libinit2.o(.ARM.Collect$$libinit$$00000021)
    .ARM.Collect$$libinit$$00000023          0x08000162   Section        0  libinit2.o(.ARM.Collect$$libinit$$00000023)
    .ARM.Collect$$libinit$$00000025          0x08000162   Section        0  libinit2.o(.ARM.Collect$$libinit$$00000025)
    .ARM.Collect$$libinit$$0000002C          0x08000162   Section        0  libinit2.o(.ARM.Collect$$libinit$$0000002C)
    .ARM.Collect$$libinit$$0000002E          0x08000162   Section        0  libinit2.o(.ARM.Collect$$libinit$$0000002E)
    .ARM.Collect$$libinit$$00000030          0x08000162   Section        0  libinit2.o(.ARM.Collect$$libinit$$00000030)
    .ARM.Collect$$libinit$$00000032          0x08000162   Section        0  libinit2.o(.ARM.Collect$$libinit$$00000032)
    .ARM.Collect$$libinit$$00000033          0x08000162   Section        2  libinit2.o(.ARM.Collect$$libinit$$00000033)
    .ARM.Collect$$libshutdown$$00000000      0x08000164   Section        2  libshutdown.o(.ARM.Collect$$libshutdown$$00000000)
    .ARM.Collect$$libshutdown$$00000002      0x08000166   Section        0  libshutdown2.o(.ARM.Collect$$libshutdown$$00000002)
    .ARM.Collect$$libshutdown$$00000004      0x08000166   Section        0  libshutdown2.o(.ARM.Collect$$libshutdown$$00000004)
    .ARM.Collect$$libshutdown$$00000007      0x08000166   Section        0  libshutdown2.o(.ARM.Collect$$libshutdown$$00000007)
    .ARM.Collect$$libshutdown$$0000000A      0x08000166   Section        0  libshutdown2.o(.ARM.Collect$$libshutdown$$0000000A)
    .ARM.Collect$$libshutdown$$0000000C      0x08000166   Section        0  libshutdown2.o(.ARM.Collect$$libshutdown$$0000000C)
    .ARM.Collect$$libshutdown$$0000000F      0x08000166   Section        0  libshutdown2.o(.ARM.Collect$$libshutdown$$0000000F)
    .ARM.Collect$$libshutdown$$00000010      0x08000166   Section        2  libshutdown2.o(.ARM.Collect$$libshutdown$$00000010)
    .ARM.Collect$$rtentry$$00000000          0x08000168   Section        0  __rtentry.o(.ARM.Collect$$rtentry$$00000000)
    .ARM.Collect$$rtentry$$00000002          0x08000168   Section        0  __rtentry2.o(.ARM.Collect$$rtentry$$00000002)
    .ARM.Collect$$rtentry$$00000004          0x08000168   Section        6  __rtentry4.o(.ARM.Collect$$rtentry$$00000004)
    .ARM.Collect$$rtentry$$00000009          0x0800016e   Section        0  __rtentry2.o(.ARM.Collect$$rtentry$$00000009)
    .ARM.Collect$$rtentry$$0000000A          0x0800016e   Section        4  __rtentry2.o(.ARM.Collect$$rtentry$$0000000A)
    .ARM.Collect$$rtentry$$0000000C          0x08000172   Section        0  __rtentry2.o(.ARM.Collect$$rtentry$$0000000C)
    .ARM.Collect$$rtentry$$0000000D          0x08000172   Section        8  __rtentry2.o(.ARM.Collect$$rtentry$$0000000D)
    .ARM.Collect$$rtexit$$00000000           0x0800017a   Section        2  rtexit.o(.ARM.Collect$$rtexit$$00000000)
    .ARM.Collect$$rtexit$$00000002           0x0800017c   Section        0  rtexit2.o(.ARM.Collect$$rtexit$$00000002)
    .ARM.Collect$$rtexit$$00000003           0x0800017c   Section        4  rtexit2.o(.ARM.Collect$$rtexit$$00000003)
    .ARM.Collect$$rtexit$$00000004           0x08000180   Section        6  rtexit2.o(.ARM.Collect$$rtexit$$00000004)
    .text                                    0x08000188   Section       22  cpu_1.o(.text)
    .text                                    0x080001a0   Section       64  startup_stm32f10x_md.o(.text)
    .text                                    0x080001e0   Section        0  heapauxi.o(.text)
    .text                                    0x080001e6   Section       74  sys_stackheap_outer.o(.text)
    .text                                    0x08000230   Section        0  exit.o(.text)
    .text                                    0x08000244   Section        8  libspace.o(.text)
    .text                                    0x0800024c   Section        0  sys_exit.o(.text)
    .text                                    0x08000258   Section        2  use_no_semi.o(.text)
    .text                                    0x0800025a   Section        0  indicate_semi.o(.text)
    [Anonymous Symbol]                       0x0800025c   Section        0  priority.o(.text.ClearBitToPrioTable)
    [Anonymous Symbol]                       0x0800027c   Section        0  gpio_stm32f10x.o(.text.GPIO_GetPortClockState)
    __arm_cp.1_0                             0x080002a0   Number         4  gpio_stm32f10x.o(.text.GPIO_GetPortClockState)
    [Anonymous Symbol]                       0x080002c0   Section        0  gpio_stm32f10x.o(.text.GPIO_PinConfigure)
    [Anonymous Symbol]                       0x08000330   Section        0  gpio_stm32f10x.o(.text.GPIO_PortClock)
    __arm_cp.0_0                             0x080003f8   Number         4  gpio_stm32f10x.o(.text.GPIO_PortClock)
    __arm_cp.0_1                             0x080003fc   Number         4  gpio_stm32f10x.o(.text.GPIO_PortClock)
    __arm_cp.0_2                             0x08000400   Number         4  gpio_stm32f10x.o(.text.GPIO_PortClock)
    [Anonymous Symbol]                       0x08000404   Section        0  priority.o(.text.GetHighestPrioFromPrioTable)
    [Anonymous Symbol]                       0x08000410   Section        0  priority.o(.text.InitPrioTable)
    [Anonymous Symbol]                       0x08000418   Section        0  priority.o(.text.InitReadyList)
    [Anonymous Symbol]                       0x08000434   Section        0  systick.o(.text.InitTickSpokeList)
    [Anonymous Symbol]                       0x0800044c   Section        0  priority.o(.text.InsertNodeToReadyListTail)
    [Anonymous Symbol]                       0x0800049c   Section        0  systick.o(.text.InsertNodeToTickSpokeList)
    [Anonymous Symbol]                       0x08000508   Section        0  priority.o(.text.MoveHeadToTailInReadList)
    [Anonymous Symbol]                       0x08000528   Section        0  systick.o(.text.RemoveFromTickSpokeList)
    [Anonymous Symbol]                       0x08000554   Section        0  priority.o(.text.RemoveNodeFromReadyList)
    [Anonymous Symbol]                       0x080005b8   Section        0  priority.o(.text.SetBitToPrioTable)
    __arm_cp.2_0                             0x080005d4   Number         4  priority.o(.text.SetBitToPrioTable)
    [Anonymous Symbol]                       0x080005d8   Section        0  sys_tick.o(.text.SysTick_Handler)
    __arm_cp.1_1                             0x08000604   Number         4  sys_tick.o(.text.SysTick_Handler)
    [Anonymous Symbol]                       0x08000608   Section        0  system_stm32f10x.o(.text.SystemCoreClockUpdate)
    __arm_cp.1_0                             0x08000644   Number         4  system_stm32f10x.o(.text.SystemCoreClockUpdate)
    __arm_cp.1_1                             0x08000648   Number         4  system_stm32f10x.o(.text.SystemCoreClockUpdate)
    __arm_cp.1_2                             0x0800064c   Number         4  system_stm32f10x.o(.text.SystemCoreClockUpdate)
    __arm_cp.1_3                             0x08000650   Number         4  system_stm32f10x.o(.text.SystemCoreClockUpdate)
    __arm_cp.1_4                             0x08000654   Number         4  system_stm32f10x.o(.text.SystemCoreClockUpdate)
    [Anonymous Symbol]                       0x08000658   Section        0  system_stm32f10x.o(.text.SystemInit)
    __arm_cp.0_0                             0x08000734   Number         4  system_stm32f10x.o(.text.SystemInit)
    __arm_cp.0_1                             0x08000738   Number         4  system_stm32f10x.o(.text.SystemInit)
    __arm_cp.0_2                             0x0800073c   Number         4  system_stm32f10x.o(.text.SystemInit)
    __arm_cp.0_3                             0x08000740   Number         4  system_stm32f10x.o(.text.SystemInit)
    __arm_cp.0_4                             0x08000744   Number         4  system_stm32f10x.o(.text.SystemInit)
    [Anonymous Symbol]                       0x08000748   Section        0  systick.o(.text.UpdateToTickSpokeList)
    __arm_cp.4_0                             0x08000780   Number         4  systick.o(.text.UpdateToTickSpokeList)
    __arm_cp.4_1                             0x08000784   Number         4  systick.o(.text.UpdateToTickSpokeList)
    [Anonymous Symbol]                       0x08000788   Section        0  priority.o(.text._MK_FindFirstBit_)
    [Anonymous Symbol]                       0x080007d4   Section        0  idle.o(.text._MK_Idle_Init_)
    __arm_cp.1_0                             0x080007f4   Number         4  idle.o(.text._MK_Idle_Init_)
    __arm_cp.1_3                             0x08000800   Number         4  idle.o(.text._MK_Idle_Init_)
    [Anonymous Symbol]                       0x08000804   Section        0  scheduler.o(.text._MK_TaskSwitch_)
    __arm_cp.0_1                             0x08000830   Number         4  scheduler.o(.text._MK_TaskSwitch_)
    [Anonymous Symbol]                       0x08000834   Section        0  scheduler.o(.text._MK_TaskTimeSliceSched)
    __arm_cp.1_0                             0x08000858   Number         4  scheduler.o(.text._MK_TaskTimeSliceSched)
    [Anonymous Symbol]                       0x0800085c   Section        0  system.o(.text.__MK_Main)
    __arm_cp.1_0                             0x080008c0   Number         4  system.o(.text.__MK_Main)
    __arm_cp.1_1                             0x080008c4   Number         4  system.o(.text.__MK_Main)
    __arm_cp.1_2                             0x080008c8   Number         4  system.o(.text.__MK_Main)
    __arm_cp.1_4                             0x080008d4   Number         4  system.o(.text.__MK_Main)
    __arm_cp.1_5                             0x080008d8   Number         4  system.o(.text.__MK_Main)
    __arm_cp.1_6                             0x080008dc   Number         4  system.o(.text.__MK_Main)
    __arm_cp.1_7                             0x080008e0   Number         4  system.o(.text.__MK_Main)
    __MK_TaskStackInit                       0x080008e5   Thumb Code    74  mktask.o(.text.__MK_TaskStackInit)
    [Anonymous Symbol]                       0x080008e4   Section        0  mktask.o(.text.__MK_TaskStackInit)
    [Anonymous Symbol]                       0x08000930   Section        0  main.o(.text.main)
    __arm_cp.4_0                             0x080009a4   Number         4  main.o(.text.main)
    __arm_cp.4_1                             0x080009a8   Number         4  main.o(.text.main)
    __arm_cp.4_3                             0x080009b4   Number         4  main.o(.text.main)
    __arm_cp.4_4                             0x080009b8   Number         4  main.o(.text.main)
    __arm_cp.4_6                             0x080009c4   Number         4  main.o(.text.main)
    __arm_cp.4_7                             0x080009c8   Number         4  main.o(.text.main)
    __arm_cp.4_8                             0x080009cc   Number         4  main.o(.text.main)
    __arm_cp.4_9                             0x080009d0   Number         4  main.o(.text.main)
    __arm_cp.4_11                            0x080009dc   Number         4  main.o(.text.main)
    __arm_cp.4_12                            0x080009e0   Number         4  main.o(.text.main)
    [Anonymous Symbol]                       0x080009e4   Section        0  system.o(.text.main_task)
    [Anonymous Symbol]                       0x080009f4   Section        0  sys_tick.o(.text.mk_SystickInit)
    __arm_cp.0_0                             0x08000a20   Number         4  sys_tick.o(.text.mk_SystickInit)
    __arm_cp.0_1                             0x08000a24   Number         4  sys_tick.o(.text.mk_SystickInit)
    __arm_cp.0_2                             0x08000a28   Number         4  sys_tick.o(.text.mk_SystickInit)
    [Anonymous Symbol]                       0x08000a2c   Section        0  mktask.o(.text.mk_TaskInit)
    [Anonymous Symbol]                       0x08000a84   Section        0  mktask.o(.text.mk_Task_Delete)
    [Anonymous Symbol]                       0x08000aac   Section        0  mktask.o(.text.mk_Task_Init)
    [Anonymous Symbol]                       0x08000b1c   Section        0  systick.o(.text.mk_delay_ms)
    __arm_cp.0_0                             0x08000b44   Number         4  systick.o(.text.mk_delay_ms)
    [Anonymous Symbol]                       0x08000b48   Section        0  idle.o(.text.mk_idle_task)
    [Anonymous Symbol]                       0x08000b4a   Section        0  mkstr.o(.text.mk_strlen)
    [Anonymous Symbol]                       0x08000b60   Section        0  mkstr.o(.text.mk_strncpy)
    [Anonymous Symbol]                       0x08000b84   Section        0  main.o(.text.task1)
    __arm_cp.1_0                             0x08000bc8   Number         4  main.o(.text.task1)
    __arm_cp.1_1                             0x08000bcc   Number         4  main.o(.text.task1)
    [Anonymous Symbol]                       0x08000bd0   Section        0  main.o(.text.task2)
    __arm_cp.2_0                             0x08000bdc   Number         4  main.o(.text.task2)
    [Anonymous Symbol]                       0x08000be0   Section        0  main.o(.text.task3)
    __arm_cp.3_0                             0x08000bec   Number         4  main.o(.text.task3)
    CODE                                     0x08000bf0   Section       92  cpu.o(CODE)
    .bss                                     0x20000008   Section       96  libspace.o(.bss)
    idletaskEnv                              0x20000300   Data         128  idle.o(.bss.idletaskEnv)
    [Anonymous Symbol]                       0x20000300   Section        0  idle.o(.bss.idletaskEnv)
    maintaskEnv                              0x200003b8   Data        2048  system.o(.bss.maintaskEnv)
    [Anonymous Symbol]                       0x200003b8   Section        0  system.o(.bss.maintaskEnv)
    Heap_Mem                                 0x200024c0   Data         512  startup_stm32f10x_md.o(HEAP)
    HEAP                                     0x200024c0   Section      512  startup_stm32f10x_md.o(HEAP)
    Stack_Mem                                0x200026c0   Data        1024  startup_stm32f10x_md.o(STACK)
    STACK                                    0x200026c0   Section     1024  startup_stm32f10x_md.o(STACK)
    __initial_sp                             0x20002ac0   Data           0  startup_stm32f10x_md.o(STACK)

    Global Symbols

    Symbol Name                              Value     Ov Type        Size  Object(Section)

    BuildAttributes$$THM_ISAv4$P$D$K$B$S$PE$A:L22UL41UL21$X:L11$S22US41US21$IEEE1$IW$~IW$USESV6$~STKCKD$USESV7$~SHL$OSPACE$ROPI$EBA8$UX$STANDARDLIB$REQ8$PRES8$EABIv2 0x00000000   Number         0  anon$$obj.o ABSOLUTE
    __fp_init_empty                          0x00000000   Number         0  fpinit_empty.o ABSOLUTE
    __ARM_exceptions_init                     - Undefined Weak Reference
    __alloca_initialize                       - Undefined Weak Reference
    __arm_preinit_                            - Undefined Weak Reference
    __cpp_initialize__aeabi_                  - Undefined Weak Reference
    __cxa_finalize                            - Undefined Weak Reference
    __rt_locale                               - Undefined Weak Reference
    __sigvec_lookup                           - Undefined Weak Reference
    _atexit_init                              - Undefined Weak Reference
    _call_atexit_fns                          - Undefined Weak Reference
    _clock_init                               - Undefined Weak Reference
    _fp_trap_init                             - Undefined Weak Reference
    _fp_trap_shutdown                         - Undefined Weak Reference
    _get_lc_collate                           - Undefined Weak Reference
    _get_lc_ctype                             - Undefined Weak Reference
    _get_lc_monetary                          - Undefined Weak Reference
    _get_lc_numeric                           - Undefined Weak Reference
    _get_lc_time                              - Undefined Weak Reference
    _getenv_init                              - Undefined Weak Reference
    _handle_redirection                       - Undefined Weak Reference
    _init_alloc                               - Undefined Weak Reference
    _init_user_alloc                          - Undefined Weak Reference
    _initio                                   - Undefined Weak Reference
    _rand_init                                - Undefined Weak Reference
    _signal_finish                            - Undefined Weak Reference
    _signal_init                              - Undefined Weak Reference
    _terminate_alloc                          - Undefined Weak Reference
    _terminate_user_alloc                     - Undefined Weak Reference
    _terminateio                              - Undefined Weak Reference
    __Vectors_Size                           0x000000ec   Number         0  startup_stm32f10x_md.o ABSOLUTE
    __Vectors                                0x08000000   Data           4  startup_stm32f10x_md.o(RESET)
    __Vectors_End                            0x080000ec   Data           0  startup_stm32f10x_md.o(RESET)
    __main                                   0x080000ed   Thumb Code     8  __main.o(!!!main)
    __scatterload                            0x080000f5   Thumb Code     0  __scatter.o(!!!scatter)
    __scatterload_rt2                        0x080000f5   Thumb Code    44  __scatter.o(!!!scatter)
    __scatterload_rt2_thumb_only             0x080000f5   Thumb Code     0  __scatter.o(!!!scatter)
    __scatterload_null                       0x08000103   Thumb Code     0  __scatter.o(!!!scatter)
    __scatterload_copy                       0x08000129   Thumb Code    26  __scatter_copy.o(!!handler_copy)
    __scatterload_zeroinit                   0x08000145   Thumb Code    28  __scatter_zi.o(!!handler_zi)
    __rt_lib_init                            0x08000161   Thumb Code     0  libinit.o(.ARM.Collect$$libinit$$00000000)
    __rt_lib_init_alloca_1                   0x08000163   Thumb Code     0  libinit2.o(.ARM.Collect$$libinit$$0000002E)
    __rt_lib_init_argv_1                     0x08000163   Thumb Code     0  libinit2.o(.ARM.Collect$$libinit$$0000002C)
    __rt_lib_init_atexit_1                   0x08000163   Thumb Code     0  libinit2.o(.ARM.Collect$$libinit$$0000001B)
    __rt_lib_init_clock_1                    0x08000163   Thumb Code     0  libinit2.o(.ARM.Collect$$libinit$$00000021)
    __rt_lib_init_cpp_1                      0x08000163   Thumb Code     0  libinit2.o(.ARM.Collect$$libinit$$00000032)
    __rt_lib_init_exceptions_1               0x08000163   Thumb Code     0  libinit2.o(.ARM.Collect$$libinit$$00000030)
    __rt_lib_init_fp_1                       0x08000163   Thumb Code     0  libinit2.o(.ARM.Collect$$libinit$$00000002)
    __rt_lib_init_fp_trap_1                  0x08000163   Thumb Code     0  libinit2.o(.ARM.Collect$$libinit$$0000001F)
    __rt_lib_init_getenv_1                   0x08000163   Thumb Code     0  libinit2.o(.ARM.Collect$$libinit$$00000023)
    __rt_lib_init_heap_1                     0x08000163   Thumb Code     0  libinit2.o(.ARM.Collect$$libinit$$0000000A)
    __rt_lib_init_lc_collate_1               0x08000163   Thumb Code     0  libinit2.o(.ARM.Collect$$libinit$$00000011)
    __rt_lib_init_lc_ctype_1                 0x08000163   Thumb Code     0  libinit2.o(.ARM.Collect$$libinit$$00000013)
    __rt_lib_init_lc_monetary_1              0x08000163   Thumb Code     0  libinit2.o(.ARM.Collect$$libinit$$00000015)
    __rt_lib_init_lc_numeric_1               0x08000163   Thumb Code     0  libinit2.o(.ARM.Collect$$libinit$$00000017)
    __rt_lib_init_lc_time_1                  0x08000163   Thumb Code     0  libinit2.o(.ARM.Collect$$libinit$$00000019)
    __rt_lib_init_preinit_1                  0x08000163   Thumb Code     0  libinit2.o(.ARM.Collect$$libinit$$00000004)
    __rt_lib_init_rand_1                     0x08000163   Thumb Code     0  libinit2.o(.ARM.Collect$$libinit$$0000000E)
    __rt_lib_init_return                     0x08000163   Thumb Code     0  libinit2.o(.ARM.Collect$$libinit$$00000033)
    __rt_lib_init_signal_1                   0x08000163   Thumb Code     0  libinit2.o(.ARM.Collect$$libinit$$0000001D)
    __rt_lib_init_stdio_1                    0x08000163   Thumb Code     0  libinit2.o(.ARM.Collect$$libinit$$00000025)
    __rt_lib_init_user_alloc_1               0x08000163   Thumb Code     0  libinit2.o(.ARM.Collect$$libinit$$0000000C)
    __rt_lib_shutdown                        0x08000165   Thumb Code     0  libshutdown.o(.ARM.Collect$$libshutdown$$00000000)
    __rt_lib_shutdown_cpp_1                  0x08000167   Thumb Code     0  libshutdown2.o(.ARM.Collect$$libshutdown$$00000002)
    __rt_lib_shutdown_fp_trap_1              0x08000167   Thumb Code     0  libshutdown2.o(.ARM.Collect$$libshutdown$$00000007)
    __rt_lib_shutdown_heap_1                 0x08000167   Thumb Code     0  libshutdown2.o(.ARM.Collect$$libshutdown$$0000000F)
    __rt_lib_shutdown_return                 0x08000167   Thumb Code     0  libshutdown2.o(.ARM.Collect$$libshutdown$$00000010)
    __rt_lib_shutdown_signal_1               0x08000167   Thumb Code     0  libshutdown2.o(.ARM.Collect$$libshutdown$$0000000A)
    __rt_lib_shutdown_stdio_1                0x08000167   Thumb Code     0  libshutdown2.o(.ARM.Collect$$libshutdown$$00000004)
    __rt_lib_shutdown_user_alloc_1           0x08000167   Thumb Code     0  libshutdown2.o(.ARM.Collect$$libshutdown$$0000000C)
    __rt_entry                               0x08000169   Thumb Code     0  __rtentry.o(.ARM.Collect$$rtentry$$00000000)
    __rt_entry_presh_1                       0x08000169   Thumb Code     0  __rtentry2.o(.ARM.Collect$$rtentry$$00000002)
    __rt_entry_sh                            0x08000169   Thumb Code     0  __rtentry4.o(.ARM.Collect$$rtentry$$00000004)
    __rt_entry_li                            0x0800016f   Thumb Code     0  __rtentry2.o(.ARM.Collect$$rtentry$$0000000A)
    __rt_entry_postsh_1                      0x0800016f   Thumb Code     0  __rtentry2.o(.ARM.Collect$$rtentry$$00000009)
    __rt_entry_main                          0x08000173   Thumb Code     0  __rtentry2.o(.ARM.Collect$$rtentry$$0000000D)
    __rt_entry_postli_1                      0x08000173   Thumb Code     0  __rtentry2.o(.ARM.Collect$$rtentry$$0000000C)
    __rt_exit                                0x0800017b   Thumb Code     0  rtexit.o(.ARM.Collect$$rtexit$$00000000)
    __rt_exit_ls                             0x0800017d   Thumb Code     0  rtexit2.o(.ARM.Collect$$rtexit$$00000003)
    __rt_exit_prels_1                        0x0800017d   Thumb Code     0  rtexit2.o(.ARM.Collect$$rtexit$$00000002)
    __rt_exit_exit                           0x08000181   Thumb Code     0  rtexit2.o(.ARM.Collect$$rtexit$$00000004)
    _CPU_InterruptEnable_                    0x08000189   Thumb Code     4  cpu_1.o(.text)
    _CPU_InterruptDisable_                   0x0800018d   Thumb Code     4  cpu_1.o(.text)
    _MK_SR_Save_                             0x08000191   Thumb Code     8  cpu_1.o(.text)
    _MK_SR_Restore_                          0x08000199   Thumb Code     6  cpu_1.o(.text)
    Reset_Handler                            0x080001a1   Thumb Code     8  startup_stm32f10x_md.o(.text)
    NMI_Handler                              0x080001a9   Thumb Code     2  startup_stm32f10x_md.o(.text)
    HardFault_Handler                        0x080001ab   Thumb Code     2  startup_stm32f10x_md.o(.text)
    MemManage_Handler                        0x080001ad   Thumb Code     2  startup_stm32f10x_md.o(.text)
    BusFault_Handler                         0x080001af   Thumb Code     2  startup_stm32f10x_md.o(.text)
    UsageFault_Handler                       0x080001b1   Thumb Code     2  startup_stm32f10x_md.o(.text)
    SVC_Handler                              0x080001b3   Thumb Code     2  startup_stm32f10x_md.o(.text)
    DebugMon_Handler                         0x080001b5   Thumb Code     2  startup_stm32f10x_md.o(.text)
    ADC1_2_IRQHandler                        0x080001bb   Thumb Code     0  startup_stm32f10x_md.o(.text)
    CAN1_RX1_IRQHandler                      0x080001bb   Thumb Code     0  startup_stm32f10x_md.o(.text)
    CAN1_SCE_IRQHandler                      0x080001bb   Thumb Code     0  startup_stm32f10x_md.o(.text)
    DMA1_Channel1_IRQHandler                 0x080001bb   Thumb Code     0  startup_stm32f10x_md.o(.text)
    DMA1_Channel2_IRQHandler                 0x080001bb   Thumb Code     0  startup_stm32f10x_md.o(.text)
    DMA1_Channel3_IRQHandler                 0x080001bb   Thumb Code     0  startup_stm32f10x_md.o(.text)
    DMA1_Channel4_IRQHandler                 0x080001bb   Thumb Code     0  startup_stm32f10x_md.o(.text)
    DMA1_Channel5_IRQHandler                 0x080001bb   Thumb Code     0  startup_stm32f10x_md.o(.text)
    DMA1_Channel6_IRQHandler                 0x080001bb   Thumb Code     0  startup_stm32f10x_md.o(.text)
    DMA1_Channel7_IRQHandler                 0x080001bb   Thumb Code     0  startup_stm32f10x_md.o(.text)
    EXTI0_IRQHandler                         0x080001bb   Thumb Code     0  startup_stm32f10x_md.o(.text)
    EXTI15_10_IRQHandler                     0x080001bb   Thumb Code     0  startup_stm32f10x_md.o(.text)
    EXTI1_IRQHandler                         0x080001bb   Thumb Code     0  startup_stm32f10x_md.o(.text)
    EXTI2_IRQHandler                         0x080001bb   Thumb Code     0  startup_stm32f10x_md.o(.text)
    EXTI3_IRQHandler                         0x080001bb   Thumb Code     0  startup_stm32f10x_md.o(.text)
    EXTI4_IRQHandler                         0x080001bb   Thumb Code     0  startup_stm32f10x_md.o(.text)
    EXTI9_5_IRQHandler                       0x080001bb   Thumb Code     0  startup_stm32f10x_md.o(.text)
    FLASH_IRQHandler                         0x080001bb   Thumb Code     0  startup_stm32f10x_md.o(.text)
    I2C1_ER_IRQHandler                       0x080001bb   Thumb Code     0  startup_stm32f10x_md.o(.text)
    I2C1_EV_IRQHandler                       0x080001bb   Thumb Code     0  startup_stm32f10x_md.o(.text)
    I2C2_ER_IRQHandler                       0x080001bb   Thumb Code     0  startup_stm32f10x_md.o(.text)
    I2C2_EV_IRQHandler                       0x080001bb   Thumb Code     0  startup_stm32f10x_md.o(.text)
    PVD_IRQHandler                           0x080001bb   Thumb Code     0  startup_stm32f10x_md.o(.text)
    RCC_IRQHandler                           0x080001bb   Thumb Code     0  startup_stm32f10x_md.o(.text)
    RTCAlarm_IRQHandler                      0x080001bb   Thumb Code     0  startup_stm32f10x_md.o(.text)
    RTC_IRQHandler                           0x080001bb   Thumb Code     0  startup_stm32f10x_md.o(.text)
    SPI1_IRQHandler                          0x080001bb   Thumb Code     0  startup_stm32f10x_md.o(.text)
    SPI2_IRQHandler                          0x080001bb   Thumb Code     0  startup_stm32f10x_md.o(.text)
    TAMPER_IRQHandler                        0x080001bb   Thumb Code     0  startup_stm32f10x_md.o(.text)
    TIM1_BRK_IRQHandler                      0x080001bb   Thumb Code     0  startup_stm32f10x_md.o(.text)
    TIM1_CC_IRQHandler                       0x080001bb   Thumb Code     0  startup_stm32f10x_md.o(.text)
    TIM1_TRG_COM_IRQHandler                  0x080001bb   Thumb Code     0  startup_stm32f10x_md.o(.text)
    TIM1_UP_IRQHandler                       0x080001bb   Thumb Code     0  startup_stm32f10x_md.o(.text)
    TIM2_IRQHandler                          0x080001bb   Thumb Code     0  startup_stm32f10x_md.o(.text)
    TIM3_IRQHandler                          0x080001bb   Thumb Code     0  startup_stm32f10x_md.o(.text)
    TIM4_IRQHandler                          0x080001bb   Thumb Code     0  startup_stm32f10x_md.o(.text)
    USART1_IRQHandler                        0x080001bb   Thumb Code     0  startup_stm32f10x_md.o(.text)
    USART2_IRQHandler                        0x080001bb   Thumb Code     0  startup_stm32f10x_md.o(.text)
    USART3_IRQHandler                        0x080001bb   Thumb Code     0  startup_stm32f10x_md.o(.text)
    USBWakeUp_IRQHandler                     0x080001bb   Thumb Code     0  startup_stm32f10x_md.o(.text)
    USB_HP_CAN1_TX_IRQHandler                0x080001bb   Thumb Code     0  startup_stm32f10x_md.o(.text)
    USB_LP_CAN1_RX0_IRQHandler               0x080001bb   Thumb Code     0  startup_stm32f10x_md.o(.text)
    WWDG_IRQHandler                          0x080001bb   Thumb Code     0  startup_stm32f10x_md.o(.text)
    __user_initial_stackheap                 0x080001bd   Thumb Code     0  startup_stm32f10x_md.o(.text)
    __use_two_region_memory                  0x080001e1   Thumb Code     2  heapauxi.o(.text)
    __rt_heap_escrow$2region                 0x080001e3   Thumb Code     2  heapauxi.o(.text)
    __rt_heap_expand$2region                 0x080001e5   Thumb Code     2  heapauxi.o(.text)
    __user_setup_stackheap                   0x080001e7   Thumb Code    74  sys_stackheap_outer.o(.text)
    exit                                     0x08000231   Thumb Code    18  exit.o(.text)
    __user_libspace                          0x08000245   Thumb Code     8  libspace.o(.text)
    __user_perproc_libspace                  0x08000245   Thumb Code     0  libspace.o(.text)
    __user_perthread_libspace                0x08000245   Thumb Code     0  libspace.o(.text)
    _sys_exit                                0x0800024d   Thumb Code     8  sys_exit.o(.text)
    __I$use$semihosting                      0x08000259   Thumb Code     0  use_no_semi.o(.text)
    __use_no_semihosting_swi                 0x08000259   Thumb Code     2  use_no_semi.o(.text)
    __semihosting_library_function           0x0800025b   Thumb Code     0  indicate_semi.o(.text)
    ClearBitToPrioTable                      0x0800025d   Thumb Code    32  priority.o(.text.ClearBitToPrioTable)
    GPIO_GetPortClockState                   0x0800027d   Thumb Code    68  gpio_stm32f10x.o(.text.GPIO_GetPortClockState)
    GPIO_PinConfigure                        0x080002c1   Thumb Code   112  gpio_stm32f10x.o(.text.GPIO_PinConfigure)
    GPIO_PortClock                           0x08000331   Thumb Code   212  gpio_stm32f10x.o(.text.GPIO_PortClock)
    GetHighestPrioFromPrioTable              0x08000405   Thumb Code    12  priority.o(.text.GetHighestPrioFromPrioTable)
    InitPrioTable                            0x08000411   Thumb Code     8  priority.o(.text.InitPrioTable)
    InitReadyList                            0x08000419   Thumb Code    28  priority.o(.text.InitReadyList)
    InitTickSpokeList                        0x08000435   Thumb Code    24  systick.o(.text.InitTickSpokeList)
    InsertNodeToReadyListTail                0x0800044d   Thumb Code    80  priority.o(.text.InsertNodeToReadyListTail)
    InsertNodeToTickSpokeList                0x0800049d   Thumb Code   108  systick.o(.text.InsertNodeToTickSpokeList)
    MoveHeadToTailInReadList                 0x08000509   Thumb Code    32  priority.o(.text.MoveHeadToTailInReadList)
    RemoveFromTickSpokeList                  0x08000529   Thumb Code    42  systick.o(.text.RemoveFromTickSpokeList)
    RemoveNodeFromReadyList                  0x08000555   Thumb Code   100  priority.o(.text.RemoveNodeFromReadyList)
    SetBitToPrioTable                        0x080005b9   Thumb Code    32  priority.o(.text.SetBitToPrioTable)
    SysTick_Handler                          0x080005d9   Thumb Code    48  sys_tick.o(.text.SysTick_Handler)
    SystemCoreClockUpdate                    0x08000609   Thumb Code    80  system_stm32f10x.o(.text.SystemCoreClockUpdate)
    SystemInit                               0x08000659   Thumb Code   240  system_stm32f10x.o(.text.SystemInit)
    UpdateToTickSpokeList                    0x08000749   Thumb Code    64  systick.o(.text.UpdateToTickSpokeList)
    _MK_FindFirstBit_                        0x08000789   Thumb Code    76  priority.o(.text._MK_FindFirstBit_)
    _MK_Idle_Init_                           0x080007d5   Thumb Code    48  idle.o(.text._MK_Idle_Init_)
    _MK_TaskSwitch_                          0x08000805   Thumb Code    48  scheduler.o(.text._MK_TaskSwitch_)
    _MK_TaskTimeSliceSched                   0x08000835   Thumb Code    40  scheduler.o(.text._MK_TaskTimeSliceSched)
    __MK_Main                                0x0800085d   Thumb Code   136  system.o(.text.__MK_Main)
    main                                     0x08000931   Thumb Code   180  main.o(.text.main)
    main_task                                0x080009e5   Thumb Code    16  system.o(.text.main_task)
    mk_SystickInit                           0x080009f5   Thumb Code    56  sys_tick.o(.text.mk_SystickInit)
    mk_TaskInit                              0x08000a2d   Thumb Code    88  mktask.o(.text.mk_TaskInit)
    mk_Task_Delete                           0x08000a85   Thumb Code    40  mktask.o(.text.mk_Task_Delete)
    mk_Task_Init                             0x08000aad   Thumb Code   112  mktask.o(.text.mk_Task_Init)
    mk_delay_ms                              0x08000b1d   Thumb Code    44  systick.o(.text.mk_delay_ms)
    mk_idle_task                             0x08000b49   Thumb Code     2  idle.o(.text.mk_idle_task)
    mk_strlen                                0x08000b4b   Thumb Code    22  mkstr.o(.text.mk_strlen)
    mk_strncpy                               0x08000b61   Thumb Code    34  mkstr.o(.text.mk_strncpy)
    task1                                    0x08000b85   Thumb Code    76  main.o(.text.task1)
    task2                                    0x08000bd1   Thumb Code    16  main.o(.text.task2)
    task3                                    0x08000be1   Thumb Code    16  main.o(.text.task3)
    _MK_RTOS_RUN_                            0x08000bf1   Thumb Code    24  cpu.o(CODE)
    _TriggerPendSV_                          0x08000c09   Thumb Code     8  cpu.o(CODE)
    PendSV_Handler                           0x08000c11   Thumb Code    16  cpu.o(CODE)
    AHBPrescTable                            0x08000c4c   Data          16  system_stm32f10x.o(.rodata.AHBPrescTable)
    Region$$Table$$Base                      0x08000c5c   Number         0  anon$$obj.o(Region$$Table)
    Region$$Table$$Limit                     0x08000c7c   Number         0  anon$$obj.o(Region$$Table)
    SystemCoreClock                          0x20000000   Data           4  system_stm32f10x.o(.data.SystemCoreClock)
    __libspace_start                         0x20000008   Data          96  libspace.o(.bss)
    MK_TickCtr                               0x20000068   Data           4  systick.o(.bss.MK_TickCtr)
    __temporary_stack_top$libspace           0x20000068   Data           0  libspace.o(.bss)
    MK_TickSpokeList                         0x2000006c   Data         192  mktype.o(.bss.MK_TickSpokeList)
    _MK_Current_Pro_                         0x2000012c   Data           4  mktype.o(.bss._MK_Current_Pro_)
    _MK_Highest_Prio_Index                   0x20000130   Data           4  mktype.o(.bss._MK_Highest_Prio_Index)
    _MK_Highest_Pro_                         0x20000134   Data           4  mktype.o(.bss._MK_Highest_Pro_)
    _MK_PrioTable                            0x20000138   Data           4  mktype.o(.bss._MK_PrioTable)
    _MK_ReadyList                            0x2000013c   Data         384  mktype.o(.bss._MK_ReadyList)
    bit1                                     0x200002bc   Data           4  main.o(.bss.bit1)
    bit2                                     0x200002c0   Data           4  main.o(.bss.bit2)
    bit3                                     0x200002c4   Data           4  main.o(.bss.bit3)
    idletask                                 0x200002c8   Data          56  idle.o(.bss.idletask)
    maintask                                 0x20000380   Data          56  system.o(.bss.maintask)
    task1_s                                  0x20000bb8   Data          88  main.o(.bss.task1_s)
    task2_s                                  0x20000c10   Data          88  main.o(.bss.task2_s)
    task3_s                                  0x20000c68   Data          88  main.o(.bss.task3_s)
    taskEnv1                                 0x20000cc0   Data        2048  main.o(.bss.taskEnv1)
    taskEnv2                                 0x200014c0   Data        2048  main.o(.bss.taskEnv2)
    taskEnv3                                 0x20001cc0   Data        2048  main.o(.bss.taskEnv3)



==============================================================================

Memory Map of the image

  Image Entry point : 0x080000ed

  Load Region LR_IROM1 (Base: 0x08000000, Size: 0x00000c88, Max: 0x00010000, ABSOLUTE)

    Execution Region ER_IROM1 (Exec base: 0x08000000, Load base: 0x08000000, Size: 0x00000c7c, Max: 0x00010000, ABSOLUTE)

    Exec Addr    Load Addr    Size         Type   Attr      Idx    E Section Name        Object

    0x08000000   0x08000000   0x000000ec   Data   RO          209    RESET               startup_stm32f10x_md.o
    0x080000ec   0x080000ec   0x00000008   Code   RO          233  * !!!main             c_w.l(__main.o)
    0x080000f4   0x080000f4   0x00000034   Code   RO          396    !!!scatter          c_w.l(__scatter.o)
    0x08000128   0x08000128   0x0000001a   Code   RO          398    !!handler_copy      c_w.l(__scatter_copy.o)
    0x08000142   0x08000142   0x00000002   PAD
    0x08000144   0x08000144   0x0000001c   Code   RO          400    !!handler_zi        c_w.l(__scatter_zi.o)
    0x08000160   0x08000160   0x00000002   Code   RO          260    .ARM.Collect$$libinit$$00000000  c_w.l(libinit.o)
    0x08000162   0x08000162   0x00000000   Code   RO          267    .ARM.Collect$$libinit$$00000002  c_w.l(libinit2.o)
    0x08000162   0x08000162   0x00000000   Code   RO          269    .ARM.Collect$$libinit$$00000004  c_w.l(libinit2.o)
    0x08000162   0x08000162   0x00000000   Code   RO          272    .ARM.Collect$$libinit$$0000000A  c_w.l(libinit2.o)
    0x08000162   0x08000162   0x00000000   Code   RO          274    .ARM.Collect$$libinit$$0000000C  c_w.l(libinit2.o)
    0x08000162   0x08000162   0x00000000   Code   RO          276    .ARM.Collect$$libinit$$0000000E  c_w.l(libinit2.o)
    0x08000162   0x08000162   0x00000000   Code   RO          279    .ARM.Collect$$libinit$$00000011  c_w.l(libinit2.o)
    0x08000162   0x08000162   0x00000000   Code   RO          281    .ARM.Collect$$libinit$$00000013  c_w.l(libinit2.o)
    0x08000162   0x08000162   0x00000000   Code   RO          283    .ARM.Collect$$libinit$$00000015  c_w.l(libinit2.o)
    0x08000162   0x08000162   0x00000000   Code   RO          285    .ARM.Collect$$libinit$$00000017  c_w.l(libinit2.o)
    0x08000162   0x08000162   0x00000000   Code   RO          287    .ARM.Collect$$libinit$$00000019  c_w.l(libinit2.o)
    0x08000162   0x08000162   0x00000000   Code   RO          289    .ARM.Collect$$libinit$$0000001B  c_w.l(libinit2.o)
    0x08000162   0x08000162   0x00000000   Code   RO          291    .ARM.Collect$$libinit$$0000001D  c_w.l(libinit2.o)
    0x08000162   0x08000162   0x00000000   Code   RO          293    .ARM.Collect$$libinit$$0000001F  c_w.l(libinit2.o)
    0x08000162   0x08000162   0x00000000   Code   RO          295    .ARM.Collect$$libinit$$00000021  c_w.l(libinit2.o)
    0x08000162   0x08000162   0x00000000   Code   RO          297    .ARM.Collect$$libinit$$00000023  c_w.l(libinit2.o)
    0x08000162   0x08000162   0x00000000   Code   RO          299    .ARM.Collect$$libinit$$00000025  c_w.l(libinit2.o)
    0x08000162   0x08000162   0x00000000   Code   RO          303    .ARM.Collect$$libinit$$0000002C  c_w.l(libinit2.o)
    0x08000162   0x08000162   0x00000000   Code   RO          305    .ARM.Collect$$libinit$$0000002E  c_w.l(libinit2.o)
    0x08000162   0x08000162   0x00000000   Code   RO          307    .ARM.Collect$$libinit$$00000030  c_w.l(libinit2.o)
    0x08000162   0x08000162   0x00000000   Code   RO          309    .ARM.Collect$$libinit$$00000032  c_w.l(libinit2.o)
    0x08000162   0x08000162   0x00000002   Code   RO          310    .ARM.Collect$$libinit$$00000033  c_w.l(libinit2.o)
    0x08000164   0x08000164   0x00000002   Code   RO          332    .ARM.Collect$$libshutdown$$00000000  c_w.l(libshutdown.o)
    0x08000166   0x08000166   0x00000000   Code   RO          347    .ARM.Collect$$libshutdown$$00000002  c_w.l(libshutdown2.o)
    0x08000166   0x08000166   0x00000000   Code   RO          349    .ARM.Collect$$libshutdown$$00000004  c_w.l(libshutdown2.o)
    0x08000166   0x08000166   0x00000000   Code   RO          352    .ARM.Collect$$libshutdown$$00000007  c_w.l(libshutdown2.o)
    0x08000166   0x08000166   0x00000000   Code   RO          355    .ARM.Collect$$libshutdown$$0000000A  c_w.l(libshutdown2.o)
    0x08000166   0x08000166   0x00000000   Code   RO          357    .ARM.Collect$$libshutdown$$0000000C  c_w.l(libshutdown2.o)
    0x08000166   0x08000166   0x00000000   Code   RO          360    .ARM.Collect$$libshutdown$$0000000F  c_w.l(libshutdown2.o)
    0x08000166   0x08000166   0x00000002   Code   RO          361    .ARM.Collect$$libshutdown$$00000010  c_w.l(libshutdown2.o)
    0x08000168   0x08000168   0x00000000   Code   RO          235    .ARM.Collect$$rtentry$$00000000  c_w.l(__rtentry.o)
    0x08000168   0x08000168   0x00000000   Code   RO          237    .ARM.Collect$$rtentry$$00000002  c_w.l(__rtentry2.o)
    0x08000168   0x08000168   0x00000006   Code   RO          249    .ARM.Collect$$rtentry$$00000004  c_w.l(__rtentry4.o)
    0x0800016e   0x0800016e   0x00000000   Code   RO          239    .ARM.Collect$$rtentry$$00000009  c_w.l(__rtentry2.o)
    0x0800016e   0x0800016e   0x00000004   Code   RO          240    .ARM.Collect$$rtentry$$0000000A  c_w.l(__rtentry2.o)
    0x08000172   0x08000172   0x00000000   Code   RO          242    .ARM.Collect$$rtentry$$0000000C  c_w.l(__rtentry2.o)
    0x08000172   0x08000172   0x00000008   Code   RO          243    .ARM.Collect$$rtentry$$0000000D  c_w.l(__rtentry2.o)
    0x0800017a   0x0800017a   0x00000002   Code   RO          264    .ARM.Collect$$rtexit$$00000000  c_w.l(rtexit.o)
    0x0800017c   0x0800017c   0x00000000   Code   RO          312    .ARM.Collect$$rtexit$$00000002  c_w.l(rtexit2.o)
    0x0800017c   0x0800017c   0x00000004   Code   RO          313    .ARM.Collect$$rtexit$$00000003  c_w.l(rtexit2.o)
    0x08000180   0x08000180   0x00000006   Code   RO          314    .ARM.Collect$$rtexit$$00000004  c_w.l(rtexit2.o)
    0x08000186   0x08000186   0x00000002   PAD
    0x08000188   0x08000188   0x00000016   Code   RO          173    .text               cpu_1.o
    0x0800019e   0x0800019e   0x00000002   PAD
    0x080001a0   0x080001a0   0x00000040   Code   RO          210    .text               startup_stm32f10x_md.o
    0x080001e0   0x080001e0   0x00000006   Code   RO          231    .text               c_w.l(heapauxi.o)
    0x080001e6   0x080001e6   0x0000004a   Code   RO          251    .text               c_w.l(sys_stackheap_outer.o)
    0x08000230   0x08000230   0x00000012   Code   RO          253    .text               c_w.l(exit.o)
    0x08000242   0x08000242   0x00000002   PAD
    0x08000244   0x08000244   0x00000008   Code   RO          261    .text               c_w.l(libspace.o)
    0x0800024c   0x0800024c   0x0000000c   Code   RO          322    .text               c_w.l(sys_exit.o)
    0x08000258   0x08000258   0x00000002   Code   RO          337    .text               c_w.l(use_no_semi.o)
    0x0800025a   0x0800025a   0x00000000   Code   RO          339    .text               c_w.l(indicate_semi.o)
    0x0800025a   0x0800025a   0x00000002   PAD
    0x0800025c   0x0800025c   0x00000020   Code   RO           89    .text.ClearBitToPrioTable  priority.o
    0x0800027c   0x0800027c   0x00000044   Code   RO          193    .text.GPIO_GetPortClockState  gpio_stm32f10x.o
    0x080002c0   0x080002c0   0x00000070   Code   RO          195    .text.GPIO_PinConfigure  gpio_stm32f10x.o
    0x08000330   0x08000330   0x000000d4   Code   RO          191    .text.GPIO_PortClock  gpio_stm32f10x.o
    0x08000404   0x08000404   0x0000000c   Code   RO           97    .text.GetHighestPrioFromPrioTable  priority.o
    0x08000410   0x08000410   0x00000008   Code   RO           91    .text.InitPrioTable  priority.o
    0x08000418   0x08000418   0x0000001c   Code   RO           77    .text.InitReadyList  priority.o
    0x08000434   0x08000434   0x00000018   Code   RO          139    .text.InitTickSpokeList  systick.o
    0x0800044c   0x0800044c   0x00000050   Code   RO           83    .text.InsertNodeToReadyListTail  priority.o
    0x0800049c   0x0800049c   0x0000006c   Code   RO          137    .text.InsertNodeToTickSpokeList  systick.o
    0x08000508   0x08000508   0x00000020   Code   RO           85    .text.MoveHeadToTailInReadList  priority.o
    0x08000528   0x08000528   0x0000002a   Code   RO          141    .text.RemoveFromTickSpokeList  systick.o
    0x08000552   0x08000552   0x00000002   PAD
    0x08000554   0x08000554   0x00000064   Code   RO           87    .text.RemoveNodeFromReadyList  priority.o
    0x080005b8   0x080005b8   0x00000020   Code   RO           81    .text.SetBitToPrioTable  priority.o
    0x080005d8   0x080005d8   0x00000030   Code   RO          180    .text.SysTick_Handler  sys_tick.o
    0x08000608   0x08000608   0x00000050   Code   RO          217    .text.SystemCoreClockUpdate  system_stm32f10x.o
    0x08000658   0x08000658   0x000000f0   Code   RO          215    .text.SystemInit    system_stm32f10x.o
    0x08000748   0x08000748   0x00000040   Code   RO          143    .text.UpdateToTickSpokeList  systick.o
    0x08000788   0x08000788   0x0000004c   Code   RO           93    .text._MK_FindFirstBit_  priority.o
    0x080007d4   0x080007d4   0x00000030   Code   RO           36    .text._MK_Idle_Init_  idle.o
    0x08000804   0x08000804   0x00000030   Code   RO          108    .text._MK_TaskSwitch_  scheduler.o
    0x08000834   0x08000834   0x00000028   Code   RO          110    .text._MK_TaskTimeSliceSched  scheduler.o
    0x0800085c   0x0800085c   0x00000088   Code   RO          123    .text.__MK_Main     system.o
    0x080008e4   0x080008e4   0x0000004a   Code   RO           50    .text.__MK_TaskStackInit  mktask.o
    0x0800092e   0x0800092e   0x00000002   PAD
    0x08000930   0x08000930   0x000000b4   Code   RO           10    .text.main          main.o
    0x080009e4   0x080009e4   0x00000010   Code   RO          121    .text.main_task     system.o
    0x080009f4   0x080009f4   0x00000038   Code   RO          178    .text.mk_SystickInit  sys_tick.o
    0x08000a2c   0x08000a2c   0x00000058   Code   RO           48    .text.mk_TaskInit   mktask.o
    0x08000a84   0x08000a84   0x00000028   Code   RO           54    .text.mk_Task_Delete  mktask.o
    0x08000aac   0x08000aac   0x00000070   Code   RO           52    .text.mk_Task_Init  mktask.o
    0x08000b1c   0x08000b1c   0x0000002c   Code   RO          135    .text.mk_delay_ms   systick.o
    0x08000b48   0x08000b48   0x00000002   Code   RO           34    .text.mk_idle_task  idle.o
    0x08000b4a   0x08000b4a   0x00000016   Code   RO          157    .text.mk_strlen     mkstr.o
    0x08000b60   0x08000b60   0x00000022   Code   RO          155    .text.mk_strncpy    mkstr.o
    0x08000b82   0x08000b82   0x00000002   PAD
    0x08000b84   0x08000b84   0x0000004c   Code   RO            4    .text.task1         main.o
    0x08000bd0   0x08000bd0   0x00000010   Code   RO            6    .text.task2         main.o
    0x08000be0   0x08000be0   0x00000010   Code   RO            8    .text.task3         main.o
    0x08000bf0   0x08000bf0   0x0000005c   Code   RO          167    CODE                cpu.o
    0x08000c4c   0x08000c4c   0x00000010   Data   RO          220    .rodata.AHBPrescTable  system_stm32f10x.o
    0x08000c5c   0x08000c5c   0x00000020   Data   RO          395    Region$$Table       anon$$obj.o


    Execution Region RW_IRAM1 (Exec base: 0x20000000, Load base: 0x08000c80, Size: 0x00002ac0, Max: 0x00005000, ABSOLUTE)

    Exec Addr    Load Addr    Size         Type   Attr      Idx    E Section Name        Object

    0x20000000   0x08000c80   0x00000004   Data   RW          219    .data.SystemCoreClock  system_stm32f10x.o
    0x20000004   0x08000c84   0x00000004   PAD
    0x20000008        -       0x00000060   Zero   RW          262    .bss                c_w.l(libspace.o)
    0x20000068        -       0x00000004   Zero   RW          145    .bss.MK_TickCtr     systick.o
    0x2000006c        -       0x000000c0   Zero   RW           70    .bss.MK_TickSpokeList  mktype.o
    0x2000012c        -       0x00000004   Zero   RW           66    .bss._MK_Current_Pro_  mktype.o
    0x20000130        -       0x00000004   Zero   RW           65    .bss._MK_Highest_Prio_Index  mktype.o
    0x20000134        -       0x00000004   Zero   RW           67    .bss._MK_Highest_Pro_  mktype.o
    0x20000138        -       0x00000004   Zero   RW           69    .bss._MK_PrioTable  mktype.o
    0x2000013c        -       0x00000180   Zero   RW           68    .bss._MK_ReadyList  mktype.o
    0x200002bc        -       0x00000004   Zero   RW           12    .bss.bit1           main.o
    0x200002c0        -       0x00000004   Zero   RW           13    .bss.bit2           main.o
    0x200002c4        -       0x00000004   Zero   RW           14    .bss.bit3           main.o
    0x200002c8        -       0x00000038   Zero   RW           38    .bss.idletask       idle.o
    0x20000300        -       0x00000080   Zero   RW           39    .bss.idletaskEnv    idle.o
    0x20000380        -       0x00000038   Zero   RW          125    .bss.maintask       system.o
    0x200003b8        -       0x00000800   Zero   RW          126    .bss.maintaskEnv    system.o
    0x20000bb8        -       0x00000058   Zero   RW           15    .bss.task1_s        main.o
    0x20000c10        -       0x00000058   Zero   RW           16    .bss.task2_s        main.o
    0x20000c68        -       0x00000058   Zero   RW           17    .bss.task3_s        main.o
    0x20000cc0        -       0x00000800   Zero   RW           18    .bss.taskEnv1       main.o
    0x200014c0        -       0x00000800   Zero   RW           19    .bss.taskEnv2       main.o
    0x20001cc0        -       0x00000800   Zero   RW           20    .bss.taskEnv3       main.o
    0x200024c0        -       0x00000200   Zero   RW          208    HEAP                startup_stm32f10x_md.o
    0x200026c0        -       0x00000400   Zero   RW          207    STACK               startup_stm32f10x_md.o


==============================================================================

Image component sizes


      Code (inc. data)   RO Data    RW Data    ZI Data      Debug   Object Name

        92         16          0          0          0        512   cpu.o
        22          0          0          0          0        480   cpu_1.o
       392         56          0          0          0       5149   gpio_stm32f10x.o
        50         16          0          0        184       1490   idle.o
       288         80          0          0       6420       3558   main.o
        56          0          0          0          0       1027   mkstr.o
       314          0          0          0          0       3219   mktask.o
         0          0          0          0        592       1502   mktype.o
       400          4          0          0          0       4026   priority.o
        88          8          0          0          0       1700   scheduler.o
        64         26        236          0       1536        812   startup_stm32f10x_md.o
       104         16          0          0          0       3527   sys_tick.o
       152         36          0          0       2104       1540   system.o
       320         40         16          4          0       2723   system_stm32f10x.o
       282         12          0          0          4       3028   systick.o

    ----------------------------------------------------------------------
      2632        310        284          4      10844      34293   Object Totals
         0          0         32          0          0          0   (incl. Generated)
         8          0          0          0          4          0   (incl. Padding)

    ----------------------------------------------------------------------

      Code (inc. data)   RO Data    RW Data    ZI Data      Debug   Library Member Name

         8          0          0          0          0         68   __main.o
         0          0          0          0          0          0   __rtentry.o
        12          0          0          0          0          0   __rtentry2.o
         6          0          0          0          0          0   __rtentry4.o
        52          8          0          0          0          0   __scatter.o
        26          0          0          0          0          0   __scatter_copy.o
        28          0          0          0          0          0   __scatter_zi.o
        18          0          0          0          0         80   exit.o
         6          0          0          0          0        152   heapauxi.o
         0          0          0          0          0          0   indicate_semi.o
         2          0          0          0          0          0   libinit.o
         2          0          0          0          0          0   libinit2.o
         2          0          0          0          0          0   libshutdown.o
         2          0          0          0          0          0   libshutdown2.o
         8          4          0          0         96         68   libspace.o
         2          0          0          0          0          0   rtexit.o
        10          0          0          0          0          0   rtexit2.o
        12          4          0          0          0         68   sys_exit.o
        74          0          0          0          0         80   sys_stackheap_outer.o
         2          0          0          0          0         68   use_no_semi.o

    ----------------------------------------------------------------------
       280         16          0          0         96        584   Library Totals
         8          0          0          0          0          0   (incl. Padding)

    ----------------------------------------------------------------------

      Code (inc. data)   RO Data    RW Data    ZI Data      Debug   Library Name

       272         16          0          0         96        584   c_w.l

    ----------------------------------------------------------------------
       280         16          0          0         96        584   Library Totals

    ----------------------------------------------------------------------

==============================================================================


      Code (inc. data)   RO Data    RW Data    ZI Data      Debug   

      2912        326        284          4      10940      34505   Grand Totals
      2912        326        284          4      10940      34505   ELF Image Totals
      2912        326        284          4          0          0   ROM Totals

==============================================================================

    Total RO  Size (Code + RO Data)                 3196 (   3.12kB)
    Total RW  Size (RW Data + ZI Data)             10944 (  10.69kB)
    Total ROM Size (Code + RO Data + RW Data)       3200 (   3.13kB)

==============================================================================

