Component: Arm Compiler for Embedded 6.18 Tool: armlink [5e4cc100]

==============================================================================

Section Cross References

    main.o(.text._MK_main_) refers to main.o(.bss.taskEnv1) for taskEnv1
    main.o(.text._MK_main_) refers to main.o(.bss.task_1) for task_1
    main.o(.text._MK_main_) refers to main.o(.text.task1) for task1
    main.o(.text._MK_main_) refers to system.o(.text.mk_task_init) for mk_task_init
    main.o(.text._MK_main_) refers to main.o(.bss.taskEnv2) for taskEnv2
    main.o(.text._MK_main_) refers to main.o(.bss.task_2) for task_2
    main.o(.text._MK_main_) refers to main.o(.text.task2) for task2
    main.o(.text._MK_main_) refers to data_type.o(.bss._OSReadyList) for _OSReadyList
    main.o(.text._MK_main_) refers to system.o(.text.mk_rtos_init) for mk_rtos_init
    main.o(.ARM.exidx.text._MK_main_) refers to main.o(.text._MK_main_) for [Anonymous Symbol]
    main.o(.text.task1) refers to main.o(.bss.bit1) for bit1
    main.o(.text.task1) refers to delay.o(.text.mk_delay_ms) for mk_delay_ms
    main.o(.ARM.exidx.text.task1) refers to main.o(.text.task1) for [Anonymous Symbol]
    main.o(.text.task2) refers to main.o(.bss.bit2) for bit2
    main.o(.text.task2) refers to delay.o(.text.mk_delay_ms) for mk_delay_ms
    main.o(.ARM.exidx.text.task2) refers to main.o(.text.task2) for [Anonymous Symbol]
    system.o(.ARM.exidx.text.mk_task_init) refers to system.o(.text.mk_task_init) for [Anonymous Symbol]
    system.o(.text.mk_rtos_init) refers to cpu_o.o(.text) for _CPU_InterruptDisable_
    system.o(.text.mk_rtos_init) refers to systick.o(.text.mk_SystickInit) for mk_SystickInit
    system.o(.text.mk_rtos_init) refers to idle.o(.text.mk_idle_init) for mk_idle_init
    system.o(.text.mk_rtos_init) refers to data_type.o(.bss._OSReadyList) for _OSReadyList
    system.o(.text.mk_rtos_init) refers to data_type.o(.bss._MK_Next_Pro_) for _MK_Next_Pro_
    system.o(.text.mk_rtos_init) refers to cpu.o(CODE) for _MK_RTOS_RUN_
    system.o(.ARM.exidx.text.mk_rtos_init) refers to system.o(.text.mk_rtos_init) for [Anonymous Symbol]
    switch.o(.text._mk_task_switch_) refers to data_type.o(.bss._MK_Current_Pro_) for _MK_Current_Pro_
    switch.o(.text._mk_task_switch_) refers to data_type.o(.bss._OSReadyList) for _OSReadyList
    switch.o(.text._mk_task_switch_) refers to idle.o(.bss.idletask) for idletask
    switch.o(.text._mk_task_switch_) refers to data_type.o(.bss._MK_Next_Pro_) for _MK_Next_Pro_
    switch.o(.text._mk_task_switch_) refers to switch.o(.bss.i) for i
    switch.o(.text._mk_task_switch_) refers to cpu.o(CODE) for _TriggerPendSV_
    switch.o(.ARM.exidx.text._mk_task_switch_) refers to switch.o(.text._mk_task_switch_) for [Anonymous Symbol]
    idle.o(.ARM.exidx.text.mk_idle_task) refers to idle.o(.text.mk_idle_task) for [Anonymous Symbol]
    idle.o(.text.mk_idle_init) refers to idle.o(.bss.idletaskEnv) for idletaskEnv
    idle.o(.text.mk_idle_init) refers to idle.o(.bss.idletask) for idletask
    idle.o(.text.mk_idle_init) refers to idle.o(.text.mk_idle_task) for mk_idle_task
    idle.o(.text.mk_idle_init) refers to system.o(.text.mk_task_init) for mk_task_init
    idle.o(.ARM.exidx.text.mk_idle_init) refers to idle.o(.text.mk_idle_init) for [Anonymous Symbol]
    delay.o(.text.mk_delay_ms) refers to data_type.o(.bss._MK_Current_Pro_) for _MK_Current_Pro_
    delay.o(.text.mk_delay_ms) refers to switch.o(.text._mk_task_switch_) for _mk_task_switch_
    delay.o(.ARM.exidx.text.mk_delay_ms) refers to delay.o(.text.mk_delay_ms) for [Anonymous Symbol]
    priority.o(.ARM.exidx.text._MK_PrioInit_) refers to priority.o(.text._MK_PrioInit_) for [Anonymous Symbol]
    cpu.o(CODE) refers to data_type.o(.bss._MK_Current_Pro_) for _MK_Current_Pro_
    cpu.o(CODE) refers to data_type.o(.bss._MK_Next_Pro_) for _MK_Next_Pro_
    systick.o(.text.mk_SystickInit) refers to system_armcm3.o(.data.SystemCoreClock) for SystemCoreClock
    systick.o(.ARM.exidx.text.mk_SystickInit) refers to systick.o(.text.mk_SystickInit) for [Anonymous Symbol]
    systick.o(.text.SysTick_Handler) refers to data_type.o(.bss._OSReadyList) for _OSReadyList
    systick.o(.text.SysTick_Handler) refers to switch.o(.text._mk_task_switch_) for _mk_task_switch_
    systick.o(.ARM.exidx.text.SysTick_Handler) refers to systick.o(.text.SysTick_Handler) for [Anonymous Symbol]
    list.o(.ARM.exidx.text.InitNode) refers to list.o(.text.InitNode) for [Anonymous Symbol]
    list.o(.ARM.exidx.text.InitList) refers to list.o(.text.InitList) for [Anonymous Symbol]
    startup_armcm3.o(STACK) refers (Special) to heapauxi.o(.text) for __use_two_region_memory
    startup_armcm3.o(HEAP) refers (Special) to heapauxi.o(.text) for __use_two_region_memory
    startup_armcm3.o(RESET) refers (Special) to heapauxi.o(.text) for __use_two_region_memory
    startup_armcm3.o(RESET) refers to startup_armcm3.o(STACK) for __initial_sp
    startup_armcm3.o(RESET) refers to startup_armcm3.o(.text) for Reset_Handler
    startup_armcm3.o(RESET) refers to cpu.o(CODE) for PendSV_Handler
    startup_armcm3.o(RESET) refers to systick.o(.text.SysTick_Handler) for SysTick_Handler
    startup_armcm3.o(.text) refers (Special) to heapauxi.o(.text) for __use_two_region_memory
    startup_armcm3.o(.text) refers to system_armcm3.o(.text.SystemInit) for SystemInit
    startup_armcm3.o(.text) refers to main.o(.text._MK_main_) for _MK_main_
    system_armcm3.o(.text.SystemCoreClockUpdate) refers to system_armcm3.o(.data.SystemCoreClock) for SystemCoreClock
    system_armcm3.o(.ARM.exidx.text.SystemCoreClockUpdate) refers to system_armcm3.o(.text.SystemCoreClockUpdate) for [Anonymous Symbol]
    system_armcm3.o(.text.SystemInit) refers to startup_armcm3.o(RESET) for __Vectors
    system_armcm3.o(.text.SystemInit) refers to system_armcm3.o(.data.SystemCoreClock) for SystemCoreClock
    system_armcm3.o(.ARM.exidx.text.SystemInit) refers to system_armcm3.o(.text.SystemInit) for [Anonymous Symbol]


==============================================================================

Removing Unused exception sections from the image.

    Removing main.o(.ARM.exidx.text._MK_main_), (8 bytes).
    Removing main.o(.ARM.exidx.text.task1), (8 bytes).
    Removing main.o(.ARM.exidx.text.task2), (8 bytes).
    Removing system.o(.ARM.exidx.text.mk_task_init), (8 bytes).
    Removing system.o(.ARM.exidx.text.mk_rtos_init), (8 bytes).
    Removing switch.o(.ARM.exidx.text._mk_task_switch_), (8 bytes).
    Removing idle.o(.ARM.exidx.text.mk_idle_task), (8 bytes).
    Removing idle.o(.ARM.exidx.text.mk_idle_init), (8 bytes).
    Removing delay.o(.ARM.exidx.text.mk_delay_ms), (8 bytes).
    Removing priority.o(.ARM.exidx.text._MK_PrioInit_), (8 bytes).
    Removing systick.o(.ARM.exidx.text.mk_SystickInit), (8 bytes).
    Removing systick.o(.ARM.exidx.text.SysTick_Handler), (8 bytes).
    Removing list.o(.ARM.exidx.text.InitNode), (8 bytes).
    Removing list.o(.ARM.exidx.text.InitList), (8 bytes).
    Removing system_armcm3.o(.ARM.exidx.text.SystemCoreClockUpdate), (8 bytes).
    Removing system_armcm3.o(.ARM.exidx.text.SystemInit), (8 bytes).

16 unused section(s) (total 128 bytes) removed from the image.

==============================================================================

Image Symbol Table

    Local Symbols

    Symbol Name                              Value     Ov Type        Size  Object(Section)

    ../clib/heapaux.c                        0x00000000   Number         0  heapauxi.o ABSOLUTE
    ..\kernel\libcpu\m3\cpu.s                0x00000000   Number         0  cpu.o ABSOLUTE
    ..\kernel\libcpu\m3\cpu_o.asm            0x00000000   Number         0  cpu_o.o ABSOLUTE
    RTE/Device/ARMCM3/startup_ARMCM3.s       0x00000000   Number         0  startup_armcm3.o ABSOLUTE
    data_type.c                              0x00000000   Number         0  data_type.o ABSOLUTE
    dc.s                                     0x00000000   Number         0  dc.o ABSOLUTE
    delay.c                                  0x00000000   Number         0  delay.o ABSOLUTE
    idle.c                                   0x00000000   Number         0  idle.o ABSOLUTE
    list.c                                   0x00000000   Number         0  list.o ABSOLUTE
    main.c                                   0x00000000   Number         0  main.o ABSOLUTE
    priority.c                               0x00000000   Number         0  priority.o ABSOLUTE
    switch.c                                 0x00000000   Number         0  switch.o ABSOLUTE
    system.c                                 0x00000000   Number         0  system.o ABSOLUTE
    system_ARMCM3.c                          0x00000000   Number         0  system_armcm3.o ABSOLUTE
    systick.c                                0x00000000   Number         0  systick.o ABSOLUTE
    time_stamp.c                             0x00000000   Number         0  time_stamp.o ABSOLUTE
    RESET                                    0x00000000   Section      960  startup_armcm3.o(RESET)
    .text                                    0x000003c0   Section       22  cpu_o.o(.text)
    .text                                    0x000003d8   Section       56  startup_armcm3.o(.text)
    .text                                    0x00000410   Section        0  heapauxi.o(.text)
    [Anonymous Symbol]                       0x00000418   Section        0  list.o(.text.InitList)
    [Anonymous Symbol]                       0x0000041c   Section        0  list.o(.text.InitNode)
    [Anonymous Symbol]                       0x00000424   Section        0  systick.o(.text.SysTick_Handler)
    [Anonymous Symbol]                       0x0000044c   Section        0  system_armcm3.o(.text.SystemCoreClockUpdate)
    [Anonymous Symbol]                       0x00000460   Section        0  system_armcm3.o(.text.SystemInit)
    [Anonymous Symbol]                       0x00000488   Section        0  priority.o(.text._MK_PrioInit_)
    [Anonymous Symbol]                       0x0000048c   Section        0  main.o(.text._MK_main_)
    [Anonymous Symbol]                       0x000004ec   Section        0  switch.o(.text._mk_task_switch_)
    [Anonymous Symbol]                       0x00000560   Section        0  systick.o(.text.mk_SystickInit)
    [Anonymous Symbol]                       0x000005a0   Section        0  delay.o(.text.mk_delay_ms)
    [Anonymous Symbol]                       0x000005b4   Section        0  idle.o(.text.mk_idle_init)
    [Anonymous Symbol]                       0x000005dc   Section        0  idle.o(.text.mk_idle_task)
    [Anonymous Symbol]                       0x000005e0   Section        0  system.o(.text.mk_rtos_init)
    [Anonymous Symbol]                       0x0000060c   Section        0  system.o(.text.mk_task_init)
    [Anonymous Symbol]                       0x0000065c   Section        0  main.o(.text.task1)
    [Anonymous Symbol]                       0x0000067c   Section        0  main.o(.text.task2)
    CODE                                     0x0000069c   Section       92  cpu.o(CODE)
    idletaskEnv                              0x200000f4   Data         512  idle.o(.bss.idletaskEnv)
    [Anonymous Symbol]                       0x200000f4   Section        0  idle.o(.bss.idletaskEnv)
    HEAP                                     0x20001308   Section     3072  startup_armcm3.o(HEAP)
    STACK                                    0x20001f08   Section     1024  startup_armcm3.o(STACK)

    Global Symbols

    Symbol Name                              Value     Ov Type        Size  Object(Section)

    BuildAttributes$$THM_ISAv4$P$D$K$B$S$PE$A:L22UL41UL21$X:L11$S22US41US21$IEEE1$IW$~IW$USESV6$~STKCKD$USESV7$~SHL$OTIME$ROPI$EBA8$STANDARDLIB$REQ8$PRES8$EABIv2 0x00000000   Number         0  anon$$obj.o ABSOLUTE
    __Vectors                                0x00000000   Data           4  startup_armcm3.o(RESET)
    _CPU_InterruptEnable_                    0x000003c1   Thumb Code     4  cpu_o.o(.text)
    __Vectors_End                            0x000003c0   Data           0  startup_armcm3.o(RESET)
    __Vectors_Size                           0x000003c0   Number         0  startup_armcm3.o ABSOLUTE
    _CPU_InterruptDisable_                   0x000003c5   Thumb Code     4  cpu_o.o(.text)
    _MK_SR_Save_                             0x000003c9   Thumb Code     8  cpu_o.o(.text)
    _MK_SR_Restore_                          0x000003d1   Thumb Code     6  cpu_o.o(.text)
    Reset_Handler                            0x000003d9   Thumb Code     8  startup_armcm3.o(.text)
    NMI_Handler                              0x000003e1   Thumb Code     2  startup_armcm3.o(.text)
    HardFault_Handler                        0x000003e3   Thumb Code     2  startup_armcm3.o(.text)
    MemManage_Handler                        0x000003e5   Thumb Code     2  startup_armcm3.o(.text)
    BusFault_Handler                         0x000003e7   Thumb Code     2  startup_armcm3.o(.text)
    UsageFault_Handler                       0x000003e9   Thumb Code     2  startup_armcm3.o(.text)
    SVC_Handler                              0x000003eb   Thumb Code     2  startup_armcm3.o(.text)
    DebugMon_Handler                         0x000003ed   Thumb Code     2  startup_armcm3.o(.text)
    Interrupt0_Handler                       0x000003f3   Thumb Code     2  startup_armcm3.o(.text)
    Interrupt1_Handler                       0x000003f5   Thumb Code     2  startup_armcm3.o(.text)
    Interrupt2_Handler                       0x000003f7   Thumb Code     2  startup_armcm3.o(.text)
    Interrupt3_Handler                       0x000003f9   Thumb Code     2  startup_armcm3.o(.text)
    Interrupt4_Handler                       0x000003fb   Thumb Code     2  startup_armcm3.o(.text)
    Interrupt5_Handler                       0x000003fd   Thumb Code     2  startup_armcm3.o(.text)
    Interrupt6_Handler                       0x000003ff   Thumb Code     2  startup_armcm3.o(.text)
    Interrupt7_Handler                       0x00000401   Thumb Code     2  startup_armcm3.o(.text)
    Interrupt8_Handler                       0x00000403   Thumb Code     2  startup_armcm3.o(.text)
    Interrupt9_Handler                       0x00000405   Thumb Code     2  startup_armcm3.o(.text)
    __use_two_region_memory                  0x00000411   Thumb Code     2  heapauxi.o(.text)
    __rt_heap_escrow$2region                 0x00000413   Thumb Code     2  heapauxi.o(.text)
    __rt_heap_expand$2region                 0x00000415   Thumb Code     2  heapauxi.o(.text)
    InitList                                 0x00000419   Thumb Code     2  list.o(.text.InitList)
    InitNode                                 0x0000041d   Thumb Code     6  list.o(.text.InitNode)
    SysTick_Handler                          0x00000425   Thumb Code    38  systick.o(.text.SysTick_Handler)
    SystemCoreClockUpdate                    0x0000044d   Thumb Code    20  system_armcm3.o(.text.SystemCoreClockUpdate)
    SystemInit                               0x00000461   Thumb Code    38  system_armcm3.o(.text.SystemInit)
    _MK_PrioInit_                            0x00000489   Thumb Code     2  priority.o(.text._MK_PrioInit_)
    _MK_main_                                0x0000048d   Thumb Code    94  main.o(.text._MK_main_)
    _mk_task_switch_                         0x000004ed   Thumb Code   114  switch.o(.text._mk_task_switch_)
    mk_SystickInit                           0x00000561   Thumb Code    64  systick.o(.text.mk_SystickInit)
    mk_delay_ms                              0x000005a1   Thumb Code    20  delay.o(.text.mk_delay_ms)
    mk_idle_init                             0x000005b5   Thumb Code    38  idle.o(.text.mk_idle_init)
    mk_idle_task                             0x000005dd   Thumb Code     2  idle.o(.text.mk_idle_task)
    mk_rtos_init                             0x000005e1   Thumb Code    42  system.o(.text.mk_rtos_init)
    mk_task_init                             0x0000060d   Thumb Code    80  system.o(.text.mk_task_init)
    task1                                    0x0000065d   Thumb Code    30  main.o(.text.task1)
    task2                                    0x0000067d   Thumb Code    30  main.o(.text.task2)
    _MK_RTOS_RUN_                            0x0000069d   Thumb Code    24  cpu.o(CODE)
    _TriggerPendSV_                          0x000006b5   Thumb Code     8  cpu.o(CODE)
    PendSV_Handler                           0x000006bd   Thumb Code    16  cpu.o(CODE)
    SystemCoreClock                          0x20000000   Data           4  system_armcm3.o(.data.SystemCoreClock)
    _MK_Current_Pro_                         0x20000008   Data           4  data_type.o(.bss._MK_Current_Pro_)
    _MK_Next_Pro_                            0x2000000c   Data           4  data_type.o(.bss._MK_Next_Pro_)
    _MK_PRIO_TABLE_                          0x20000010   Data         128  priority.o(.bss._MK_PRIO_TABLE_)
    _OSReadyList                             0x20000090   Data          80  data_type.o(.bss._OSReadyList)
    bit1                                     0x200000e0   Data           4  main.o(.bss.bit1)
    bit2                                     0x200000e4   Data           4  main.o(.bss.bit2)
    i                                        0x200000e8   Data           4  switch.o(.bss.i)
    idletask                                 0x200000ec   Data           8  idle.o(.bss.idletask)
    taskEnv1                                 0x200002f4   Data        2048  main.o(.bss.taskEnv1)
    taskEnv2                                 0x20000af4   Data        2048  main.o(.bss.taskEnv2)
    task_1                                   0x200012f4   Data           8  main.o(.bss.task_1)
    task_2                                   0x200012fc   Data           8  main.o(.bss.task_2)
    __heap_base                              0x20001308   Data           0  startup_armcm3.o(HEAP)
    __heap_limit                             0x20001f08   Data           0  startup_armcm3.o(HEAP)
    __stack_limit                            0x20001f08   Data           0  startup_armcm3.o(STACK)
    __initial_sp                             0x20002308   Data           0  startup_armcm3.o(STACK)



==============================================================================

Memory Map of the image

  Image entry point : Not specified.

  Load Region LR_IROM1 (Base: 0x00000000, Size: 0x00000700, Max: 0x00040000, ABSOLUTE)

    Execution Region ER_IROM1 (Exec base: 0x00000000, Load base: 0x00000000, Size: 0x000006f8, Max: 0x00040000, ABSOLUTE)

    Exec Addr    Load Addr    Size         Type   Attr      Idx    E Section Name        Object

    0x00000000   0x00000000   0x000003c0   Data   RO          116    RESET               startup_armcm3.o
    0x000003c0   0x000003c0   0x00000000   Code   RO            1    .text               main.o
    0x000003c0   0x000003c0   0x00000000   Code   RO           20    .text               data_type.o
    0x000003c0   0x000003c0   0x00000000   Code   RO           28    .text               system.o
    0x000003c0   0x000003c0   0x00000000   Code   RO           40    .text               switch.o
    0x000003c0   0x000003c0   0x00000000   Code   RO           49    .text               idle.o
    0x000003c0   0x000003c0   0x00000000   Code   RO           62    .text               delay.o
    0x000003c0   0x000003c0   0x00000000   Code   RO           71    .text               time_stamp.o
    0x000003c0   0x000003c0   0x00000000   Code   RO           72    .text               priority.o
    0x000003c0   0x000003c0   0x00000000   Code   RO           87    .text               systick.o
    0x000003c0   0x000003c0   0x00000016   Code   RO           99    .text               cpu_o.o
    0x000003d6   0x000003d6   0x00000002   PAD
    0x000003d8   0x000003d8   0x00000000   Code   RO          103    .text               list.o
    0x000003d8   0x000003d8   0x00000038   Code   RO          117    .text               startup_armcm3.o
    0x00000410   0x00000410   0x00000000   Code   RO          121    .text               system_armcm3.o
    0x00000410   0x00000410   0x00000006   Code   RO          135    .text               c_w.l(heapauxi.o)
    0x00000416   0x00000416   0x00000002   PAD
    0x00000418   0x00000418   0x00000002   Code   RO          106    .text.InitList      list.o
    0x0000041a   0x0000041a   0x00000002   PAD
    0x0000041c   0x0000041c   0x00000006   Code   RO          104    .text.InitNode      list.o
    0x00000422   0x00000422   0x00000002   PAD
    0x00000424   0x00000424   0x00000026   Code   RO           90    .text.SysTick_Handler  systick.o
    0x0000044a   0x0000044a   0x00000002   PAD
    0x0000044c   0x0000044c   0x00000014   Code   RO          122    .text.SystemCoreClockUpdate  system_armcm3.o
    0x00000460   0x00000460   0x00000026   Code   RO          124    .text.SystemInit    system_armcm3.o
    0x00000486   0x00000486   0x00000002   PAD
    0x00000488   0x00000488   0x00000002   Code   RO           73    .text._MK_PrioInit_  priority.o
    0x0000048a   0x0000048a   0x00000002   PAD
    0x0000048c   0x0000048c   0x0000005e   Code   RO            2    .text._MK_main_     main.o
    0x000004ea   0x000004ea   0x00000002   PAD
    0x000004ec   0x000004ec   0x00000072   Code   RO           41    .text._mk_task_switch_  switch.o
    0x0000055e   0x0000055e   0x00000002   PAD
    0x00000560   0x00000560   0x00000040   Code   RO           88    .text.mk_SystickInit  systick.o
    0x000005a0   0x000005a0   0x00000014   Code   RO           63    .text.mk_delay_ms   delay.o
    0x000005b4   0x000005b4   0x00000026   Code   RO           52    .text.mk_idle_init  idle.o
    0x000005da   0x000005da   0x00000002   PAD
    0x000005dc   0x000005dc   0x00000002   Code   RO           50    .text.mk_idle_task  idle.o
    0x000005de   0x000005de   0x00000002   PAD
    0x000005e0   0x000005e0   0x0000002a   Code   RO           31    .text.mk_rtos_init  system.o
    0x0000060a   0x0000060a   0x00000002   PAD
    0x0000060c   0x0000060c   0x00000050   Code   RO           29    .text.mk_task_init  system.o
    0x0000065c   0x0000065c   0x0000001e   Code   RO            4    .text.task1         main.o
    0x0000067a   0x0000067a   0x00000002   PAD
    0x0000067c   0x0000067c   0x0000001e   Code   RO            6    .text.task2         main.o
    0x0000069a   0x0000069a   0x00000002   PAD
    0x0000069c   0x0000069c   0x0000005c   Code   RO           81    CODE                cpu.o


    Execution Region RW_IRAM1 (Exec base: 0x20000000, Load base: 0x000006f8, Size: 0x00002308, Max: 0x00020000, ABSOLUTE)

    Exec Addr    Load Addr    Size         Type   Attr      Idx    E Section Name        Object

    0x20000000   0x000006f8   0x00000004   Data   RW          126    .data.SystemCoreClock  system_armcm3.o
    0x20000004   0x000006fc   0x00000004   PAD
    0x20000008        -       0x00000004   Zero   RW           22    .bss._MK_Current_Pro_  data_type.o
    0x2000000c        -       0x00000004   Zero   RW           23    .bss._MK_Next_Pro_  data_type.o
    0x20000010        -       0x00000080   Zero   RW           75    .bss._MK_PRIO_TABLE_  priority.o
    0x20000090        -       0x00000050   Zero   RW           21    .bss._OSReadyList   data_type.o
    0x200000e0        -       0x00000004   Zero   RW           12    .bss.bit1           main.o
    0x200000e4        -       0x00000004   Zero   RW           13    .bss.bit2           main.o
    0x200000e8        -       0x00000004   Zero   RW           43    .bss.i              switch.o
    0x200000ec        -       0x00000008   Zero   RW           54    .bss.idletask       idle.o
    0x200000f4        -       0x00000200   Zero   RW           55    .bss.idletaskEnv    idle.o
    0x200002f4        -       0x00000800   Zero   RW            9    .bss.taskEnv1       main.o
    0x20000af4        -       0x00000800   Zero   RW           11    .bss.taskEnv2       main.o
    0x200012f4        -       0x00000008   Zero   RW            8    .bss.task_1         main.o
    0x200012fc        -       0x00000008   Zero   RW           10    .bss.task_2         main.o
    0x20001304   0x000006fc   0x00000004   PAD
    0x20001308        -       0x00000c00   Zero   RW          115    HEAP                startup_armcm3.o
    0x20001f08        -       0x00000400   Zero   RW          114    STACK               startup_armcm3.o


==============================================================================

Image component sizes


      Code (inc. data)   RO Data    RW Data    ZI Data      Debug   Object Name

        92         16          0          0          0        504   cpu.o
        22          0          0          0          0        480   cpu_o.o
         0          0          0          0         88        768   data_type.o
        20          0          0          0          0        543   delay.o
        40          0          0          0        520        961   idle.o
         8          0          0          0          0        788   list.o
       154          0          0          0       4120       1143   main.o
         2          0          0          0        128        583   priority.o
        56         10        960          0       4096       1156   startup_armcm3.o
       114          0          0          0          4        551   switch.o
       122          0          0          0          0       1245   system.o
        58          0          0          4          0       1386   system_armcm3.o
       102          0          0          0          0       2879   systick.o
         0          0          0          0          0          0   time_stamp.o

    ----------------------------------------------------------------------
       816         26        960          4       8964      12987   Object Totals
         0          0          0          0          0          0   (incl. Generated)
        26          0          0          0          8          0   (incl. Padding)

    ----------------------------------------------------------------------

      Code (inc. data)   RO Data    RW Data    ZI Data      Debug   Library Member Name

         6          0          0          0          0        152   heapauxi.o

    ----------------------------------------------------------------------
         8          0          0          0          0        152   Library Totals
         2          0          0          0          0          0   (incl. Padding)

    ----------------------------------------------------------------------

      Code (inc. data)   RO Data    RW Data    ZI Data      Debug   Library Name

         6          0          0          0          0        152   c_w.l

    ----------------------------------------------------------------------
         8          0          0          0          0        152   Library Totals

    ----------------------------------------------------------------------

==============================================================================


      Code (inc. data)   RO Data    RW Data    ZI Data      Debug   

       824         26        960          4       8964      12875   Grand Totals
       824         26        960          4       8964      12875   ELF Image Totals
       824         26        960          4          0          0   ROM Totals

==============================================================================

    Total RO  Size (Code + RO Data)                 1784 (   1.74kB)
    Total RW  Size (RW Data + ZI Data)              8968 (   8.76kB)
    Total ROM Size (Code + RO Data + RW Data)       1788 (   1.75kB)

==============================================================================

