Component: Arm Compiler for Embedded 6.18 Tool: armlink [5e4cc100]

==============================================================================

Section Cross References

    main.o(.ARM.exidx.text.delay) refers to main.o(.text.delay) for [Anonymous Symbol]
    main.o(.text.task1) refers to main.o(.bss.bit1) for bit1
    main.o(.text.task1) refers to systick.o(.text.mk_delay_ms) for mk_delay_ms
    main.o(.ARM.exidx.text.task1) refers to main.o(.text.task1) for [Anonymous Symbol]
    main.o(.text.task2) refers to main.o(.bss.bit2) for bit2
    main.o(.ARM.exidx.text.task2) refers to main.o(.text.task2) for [Anonymous Symbol]
    main.o(.text.task3) refers to main.o(.bss.bit3) for bit3
    main.o(.ARM.exidx.text.task3) refers to main.o(.text.task3) for [Anonymous Symbol]
    main.o(.text.main) refers to main.o(.bss.taskEnv1) for taskEnv1
    main.o(.text.main) refers to main.o(.bss.task1_s) for task1_s
    main.o(.text.main) refers to main.o(.text.task1) for task1
    main.o(.text.main) refers to main.o(.bss.taskEnv2) for taskEnv2
    main.o(.text.main) refers to main.o(.bss.task2_s) for task2_s
    main.o(.text.main) refers to main.o(.text.task2) for task2
    main.o(.text.main) refers to main.o(.bss.task3_s) for task3_s
    main.o(.text.main) refers to main.o(.bss.taskEnv3) for taskEnv3
    main.o(.text.main) refers to main.o(.text.task3) for task3
    main.o(.text.main) refers to mktask.o(.text.mk_Task_Init) for mk_Task_Init
    main.o(.ARM.exidx.text.main) refers to main.o(.text.main) for [Anonymous Symbol]
    idle.o(.ARM.exidx.text.mk_idle_task) refers to idle.o(.text.mk_idle_task) for [Anonymous Symbol]
    idle.o(.text._MK_Idle_Init_) refers to idle.o(.bss.idletaskEnv) for idletaskEnv
    idle.o(.text._MK_Idle_Init_) refers to idle.o(.bss.idletask) for idletask
    idle.o(.text._MK_Idle_Init_) refers to idle.o(.text.mk_idle_task) for mk_idle_task
    idle.o(.text._MK_Idle_Init_) refers to mktask.o(.text.mk_TaskInit) for mk_TaskInit
    idle.o(.ARM.exidx.text._MK_Idle_Init_) refers to idle.o(.text._MK_Idle_Init_) for [Anonymous Symbol]
    mktask.o(.text.mk_TaskInit) refers to cpu_1.o(.text) for _MK_SR_Save_
    mktask.o(.text.mk_TaskInit) refers to priority.o(.text.InsertNodeToReadyListTail) for InsertNodeToReadyListTail
    mktask.o(.text.mk_TaskInit) refers to priority.o(.text.SetBitToPrioTable) for SetBitToPrioTable
    mktask.o(.ARM.exidx.text.mk_TaskInit) refers to mktask.o(.text.mk_TaskInit) for [Anonymous Symbol]
    mktask.o(.text.mk_Task_Init) refers to cpu_1.o(.text) for _MK_SR_Save_
    mktask.o(.text.mk_Task_Init) refers to mkstr.o(.text.mk_strlen) for mk_strlen
    mktask.o(.text.mk_Task_Init) refers to mkstr.o(.text.mk_strncpy) for mk_strncpy
    mktask.o(.text.mk_Task_Init) refers to priority.o(.text.InsertNodeToReadyListTail) for InsertNodeToReadyListTail
    mktask.o(.text.mk_Task_Init) refers to priority.o(.text.SetBitToPrioTable) for SetBitToPrioTable
    mktask.o(.ARM.exidx.text.mk_Task_Init) refers to mktask.o(.text.mk_Task_Init) for [Anonymous Symbol]
    mktask.o(.text.mk_Task_Delete) refers to cpu_1.o(.text) for _MK_SR_Save_
    mktask.o(.text.mk_Task_Delete) refers to priority.o(.text.RemoveNodeFromReadyList) for RemoveNodeFromReadyList
    mktask.o(.text.mk_Task_Delete) refers to mktype.o(.bss._MK_Current_Pro_) for _MK_Current_Pro_
    mktask.o(.text.mk_Task_Delete) refers to scheduler.o(.text._MK_TaskSwitch_) for _MK_TaskSwitch_
    mktask.o(.ARM.exidx.text.mk_Task_Delete) refers to mktask.o(.text.mk_Task_Delete) for [Anonymous Symbol]
    priority.o(.text.InitReadyList) refers to mktype.o(.bss._MK_ReadyList) for _MK_ReadyList
    priority.o(.text.InitReadyList) refers to rt_memclr_w.o(.text) for __aeabi_memclr4
    priority.o(.ARM.exidx.text.InitReadyList) refers to priority.o(.text.InitReadyList) for [Anonymous Symbol]
    priority.o(.text.InsertNodeToReadyListHead) refers to mktype.o(.bss._MK_ReadyList) for _MK_ReadyList
    priority.o(.text.InsertNodeToReadyListHead) refers to mktype.o(.bss._MK_PrioTable) for _MK_PrioTable
    priority.o(.ARM.exidx.text.InsertNodeToReadyListHead) refers to priority.o(.text.InsertNodeToReadyListHead) for [Anonymous Symbol]
    priority.o(.text.SetBitToPrioTable) refers to mktype.o(.bss._MK_PrioTable) for _MK_PrioTable
    priority.o(.ARM.exidx.text.SetBitToPrioTable) refers to priority.o(.text.SetBitToPrioTable) for [Anonymous Symbol]
    priority.o(.text.InsertNodeToReadyListTail) refers to mktype.o(.bss._MK_ReadyList) for _MK_ReadyList
    priority.o(.text.InsertNodeToReadyListTail) refers to mktype.o(.bss._MK_PrioTable) for _MK_PrioTable
    priority.o(.ARM.exidx.text.InsertNodeToReadyListTail) refers to priority.o(.text.InsertNodeToReadyListTail) for [Anonymous Symbol]
    priority.o(.ARM.exidx.text.MoveHeadToTailInReadList) refers to priority.o(.text.MoveHeadToTailInReadList) for [Anonymous Symbol]
    priority.o(.text.RemoveNodeFromReadyList) refers to mktype.o(.bss._MK_ReadyList) for _MK_ReadyList
    priority.o(.text.RemoveNodeFromReadyList) refers to mktype.o(.bss._MK_PrioTable) for _MK_PrioTable
    priority.o(.ARM.exidx.text.RemoveNodeFromReadyList) refers to priority.o(.text.RemoveNodeFromReadyList) for [Anonymous Symbol]
    priority.o(.text.ClearBitToPrioTable) refers to mktype.o(.bss._MK_PrioTable) for _MK_PrioTable
    priority.o(.ARM.exidx.text.ClearBitToPrioTable) refers to priority.o(.text.ClearBitToPrioTable) for [Anonymous Symbol]
    priority.o(.text.InitPrioTable) refers to mktype.o(.bss._MK_PrioTable) for _MK_PrioTable
    priority.o(.ARM.exidx.text.InitPrioTable) refers to priority.o(.text.InitPrioTable) for [Anonymous Symbol]
    priority.o(.ARM.exidx.text._MK_FindFirstBit_) refers to priority.o(.text._MK_FindFirstBit_) for [Anonymous Symbol]
    priority.o(.ARM.exidx.text._MK_FindFirstBit) refers to priority.o(.text._MK_FindFirstBit) for [Anonymous Symbol]
    priority.o(.text.GetHighestPrioFromPrioTable) refers to mktype.o(.bss._MK_PrioTable) for _MK_PrioTable
    priority.o(.ARM.exidx.text.GetHighestPrioFromPrioTable) refers to priority.o(.text.GetHighestPrioFromPrioTable) for [Anonymous Symbol]
    scheduler.o(.text._MK_TaskSwitch_) refers to cpu_1.o(.text) for _MK_SR_Save_
    scheduler.o(.text._MK_TaskSwitch_) refers to priority.o(.text.GetHighestPrioFromPrioTable) for GetHighestPrioFromPrioTable
    scheduler.o(.text._MK_TaskSwitch_) refers to mktype.o(.bss._MK_Highest_Prio_Index) for _MK_Highest_Prio_Index
    scheduler.o(.text._MK_TaskSwitch_) refers to mktype.o(.bss._MK_ReadyList) for _MK_ReadyList
    scheduler.o(.text._MK_TaskSwitch_) refers to mktype.o(.bss._MK_Highest_Pro_) for _MK_Highest_Pro_
    scheduler.o(.text._MK_TaskSwitch_) refers to cpu.o(CODE) for _TriggerPendSV_
    scheduler.o(.ARM.exidx.text._MK_TaskSwitch_) refers to scheduler.o(.text._MK_TaskSwitch_) for [Anonymous Symbol]
    scheduler.o(.text._MK_TaskTimeSliceSched) refers to idle.o(.bss.idletask) for idletask
    scheduler.o(.text._MK_TaskTimeSliceSched) refers to priority.o(.text.MoveHeadToTailInReadList) for MoveHeadToTailInReadList
    scheduler.o(.ARM.exidx.text._MK_TaskTimeSliceSched) refers to scheduler.o(.text._MK_TaskTimeSliceSched) for [Anonymous Symbol]
    system.o(.text.main_task) refers to main.o(.text.main) for main
    system.o(.text.main_task) refers to mktask.o(.text.mk_Task_Delete) for mk_Task_Delete
    system.o(.ARM.exidx.text.main_task) refers to system.o(.text.main_task) for [Anonymous Symbol]
    system.o(.text.__MK_Main) refers to cpu_1.o(.text) for _CPU_InterruptDisable_
    system.o(.text.__MK_Main) refers to sys_tick.o(.text.mk_SystickInit) for mk_SystickInit
    system.o(.text.__MK_Main) refers to mktype.o(.bss._MK_Current_Pro_) for _MK_Current_Pro_
    system.o(.text.__MK_Main) refers to mktype.o(.bss._MK_Highest_Pro_) for _MK_Highest_Pro_
    system.o(.text.__MK_Main) refers to priority.o(.text.InitPrioTable) for InitPrioTable
    system.o(.text.__MK_Main) refers to priority.o(.text.InitReadyList) for InitReadyList
    system.o(.text.__MK_Main) refers to systick.o(.text.InitTickSpokeList) for InitTickSpokeList
    system.o(.text.__MK_Main) refers to idle.o(.text._MK_Idle_Init_) for _MK_Idle_Init_
    system.o(.text.__MK_Main) refers to system.o(.bss.maintaskEnv) for maintaskEnv
    system.o(.text.__MK_Main) refers to system.o(.bss.maintask) for maintask
    system.o(.text.__MK_Main) refers to system.o(.text.main_task) for main_task
    system.o(.text.__MK_Main) refers to mktask.o(.text.mk_TaskInit) for mk_TaskInit
    system.o(.text.__MK_Main) refers to priority.o(.text.GetHighestPrioFromPrioTable) for GetHighestPrioFromPrioTable
    system.o(.text.__MK_Main) refers to mktype.o(.bss._MK_ReadyList) for _MK_ReadyList
    system.o(.text.__MK_Main) refers to mktype.o(.bss._MK_Highest_Prio_Index) for _MK_Highest_Prio_Index
    system.o(.text.__MK_Main) refers to cpu.o(CODE) for _MK_RTOS_RUN_
    system.o(.ARM.exidx.text.__MK_Main) refers to system.o(.text.__MK_Main) for [Anonymous Symbol]
    systick.o(.text.mk_delay_ms) refers to cpu_1.o(.text) for _MK_SR_Save_
    systick.o(.text.mk_delay_ms) refers to mktype.o(.bss._MK_Current_Pro_) for _MK_Current_Pro_
    systick.o(.text.mk_delay_ms) refers to mktype.o(.bss.MK_TickSpokeList) for MK_TickSpokeList
    systick.o(.text.mk_delay_ms) refers to systick.o(.bss.MK_TickCtr) for MK_TickCtr
    systick.o(.text.mk_delay_ms) refers to priority.o(.text.RemoveNodeFromReadyList) for RemoveNodeFromReadyList
    systick.o(.text.mk_delay_ms) refers to scheduler.o(.text._MK_TaskSwitch_) for _MK_TaskSwitch_
    systick.o(.ARM.exidx.text.mk_delay_ms) refers to systick.o(.text.mk_delay_ms) for [Anonymous Symbol]
    systick.o(.text.InsertNodeToTickSpokeList) refers to systick.o(.bss.MK_TickCtr) for MK_TickCtr
    systick.o(.text.InsertNodeToTickSpokeList) refers to mktype.o(.bss.MK_TickSpokeList) for MK_TickSpokeList
    systick.o(.ARM.exidx.text.InsertNodeToTickSpokeList) refers to systick.o(.text.InsertNodeToTickSpokeList) for [Anonymous Symbol]
    systick.o(.text.InitTickSpokeList) refers to mktype.o(.bss.MK_TickSpokeList) for MK_TickSpokeList
    systick.o(.text.InitTickSpokeList) refers to rt_memclr_w.o(.text) for __aeabi_memclr4
    systick.o(.ARM.exidx.text.InitTickSpokeList) refers to systick.o(.text.InitTickSpokeList) for [Anonymous Symbol]
    systick.o(.ARM.exidx.text.RemoveFromTickSpokeList) refers to systick.o(.text.RemoveFromTickSpokeList) for [Anonymous Symbol]
    systick.o(.text.UpdateToTickSpokeList) refers to systick.o(.bss.MK_TickCtr) for MK_TickCtr
    systick.o(.text.UpdateToTickSpokeList) refers to mktype.o(.bss.MK_TickSpokeList) for MK_TickSpokeList
    systick.o(.text.UpdateToTickSpokeList) refers to priority.o(.text.InsertNodeToReadyListTail) for InsertNodeToReadyListTail
    systick.o(.ARM.exidx.text.UpdateToTickSpokeList) refers to systick.o(.text.UpdateToTickSpokeList) for [Anonymous Symbol]
    mkstr.o(.ARM.exidx.text.mk_strncpy) refers to mkstr.o(.text.mk_strncpy) for [Anonymous Symbol]
    mkstr.o(.ARM.exidx.text.mk_strlen) refers to mkstr.o(.text.mk_strlen) for [Anonymous Symbol]
    cpu.o(CODE) refers to mktype.o(.bss._MK_Current_Pro_) for _MK_Current_Pro_
    cpu.o(CODE) refers to mktype.o(.bss._MK_Highest_Pro_) for _MK_Highest_Pro_
    sys_tick.o(.text.mk_SystickInit) refers to system_armcm3.o(.data.SystemCoreClock) for SystemCoreClock
    sys_tick.o(.ARM.exidx.text.mk_SystickInit) refers to sys_tick.o(.text.mk_SystickInit) for [Anonymous Symbol]
    sys_tick.o(.text.SysTick_Handler) refers to cpu_1.o(.text) for _MK_SR_Save_
    sys_tick.o(.text.SysTick_Handler) refers to systick.o(.text.UpdateToTickSpokeList) for UpdateToTickSpokeList
    sys_tick.o(.text.SysTick_Handler) refers to mktype.o(.bss._MK_Highest_Prio_Index) for _MK_Highest_Prio_Index
    sys_tick.o(.text.SysTick_Handler) refers to mktype.o(.bss._MK_ReadyList) for _MK_ReadyList
    sys_tick.o(.text.SysTick_Handler) refers to scheduler.o(.text._MK_TaskTimeSliceSched) for _MK_TaskTimeSliceSched
    sys_tick.o(.text.SysTick_Handler) refers to scheduler.o(.text._MK_TaskSwitch_) for _MK_TaskSwitch_
    sys_tick.o(.ARM.exidx.text.SysTick_Handler) refers to sys_tick.o(.text.SysTick_Handler) for [Anonymous Symbol]
    startup_armcm3.o(STACK) refers (Special) to heapauxi.o(.text) for __use_two_region_memory
    startup_armcm3.o(HEAP) refers (Special) to heapauxi.o(.text) for __use_two_region_memory
    startup_armcm3.o(RESET) refers (Special) to heapauxi.o(.text) for __use_two_region_memory
    startup_armcm3.o(RESET) refers to startup_armcm3.o(STACK) for __initial_sp
    startup_armcm3.o(RESET) refers to startup_armcm3.o(.text) for Reset_Handler
    startup_armcm3.o(RESET) refers to cpu.o(CODE) for PendSV_Handler
    startup_armcm3.o(RESET) refers to sys_tick.o(.text.SysTick_Handler) for SysTick_Handler
    startup_armcm3.o(.text) refers (Special) to heapauxi.o(.text) for __use_two_region_memory
    startup_armcm3.o(.text) refers to system_armcm3.o(.text.SystemInit) for SystemInit
    startup_armcm3.o(.text) refers to system.o(.text.__MK_Main) for __MK_Main
    system_armcm3.o(.text.SystemCoreClockUpdate) refers to system_armcm3.o(.data.SystemCoreClock) for SystemCoreClock
    system_armcm3.o(.ARM.exidx.text.SystemCoreClockUpdate) refers to system_armcm3.o(.text.SystemCoreClockUpdate) for [Anonymous Symbol]
    system_armcm3.o(.text.SystemInit) refers to startup_armcm3.o(RESET) for __Vectors
    system_armcm3.o(.text.SystemInit) refers to system_armcm3.o(.data.SystemCoreClock) for SystemCoreClock
    system_armcm3.o(.ARM.exidx.text.SystemInit) refers to system_armcm3.o(.text.SystemInit) for [Anonymous Symbol]
    __main.o(!!!main) refers to __rtentry.o(.ARM.Collect$$rtentry$$00000000) for __rt_entry
    __rtentry.o(.ARM.Collect$$rtentry$$00000000) refers (Special) to __rtentry2.o(.ARM.Collect$$rtentry$$0000000A) for __rt_entry_li
    __rtentry.o(.ARM.Collect$$rtentry$$00000000) refers (Special) to __rtentry2.o(.ARM.Collect$$rtentry$$0000000D) for __rt_entry_main
    __rtentry.o(.ARM.Collect$$rtentry$$00000000) refers (Special) to __rtentry2.o(.ARM.Collect$$rtentry$$0000000C) for __rt_entry_postli_1
    __rtentry.o(.ARM.Collect$$rtentry$$00000000) refers (Special) to __rtentry2.o(.ARM.Collect$$rtentry$$00000009) for __rt_entry_postsh_1
    __rtentry.o(.ARM.Collect$$rtentry$$00000000) refers (Special) to __rtentry2.o(.ARM.Collect$$rtentry$$00000002) for __rt_entry_presh_1
    __rtentry.o(.ARM.Collect$$rtentry$$00000000) refers (Special) to __rtentry5.o(.ARM.Collect$$rtentry$$00000005) for __rt_entry_sh
    __rtentry2.o(.ARM.Collect$$rtentry$$00000008) refers to boardinit2.o(.text) for _platform_post_stackheap_init
    __rtentry2.o(.ARM.Collect$$rtentry$$0000000A) refers to libinit.o(.ARM.Collect$$libinit$$00000000) for __rt_lib_init
    __rtentry2.o(.ARM.Collect$$rtentry$$0000000B) refers to boardinit3.o(.text) for _platform_post_lib_init
    __rtentry2.o(.ARM.Collect$$rtentry$$0000000D) refers to main.o(.text.main) for main
    __rtentry2.o(.ARM.Collect$$rtentry$$0000000D) refers to exit.o(.text) for exit
    __rtentry2.o(.ARM.exidx) refers to __rtentry2.o(.ARM.Collect$$rtentry$$00000001) for .ARM.Collect$$rtentry$$00000001
    __rtentry2.o(.ARM.exidx) refers to __rtentry2.o(.ARM.Collect$$rtentry$$00000008) for .ARM.Collect$$rtentry$$00000008
    __rtentry2.o(.ARM.exidx) refers to __rtentry2.o(.ARM.Collect$$rtentry$$0000000A) for .ARM.Collect$$rtentry$$0000000A
    __rtentry2.o(.ARM.exidx) refers to __rtentry2.o(.ARM.Collect$$rtentry$$0000000B) for .ARM.Collect$$rtentry$$0000000B
    __rtentry2.o(.ARM.exidx) refers to __rtentry2.o(.ARM.Collect$$rtentry$$0000000D) for .ARM.Collect$$rtentry$$0000000D
    __rtentry4.o(.ARM.Collect$$rtentry$$00000004) refers to sys_stackheap_outer.o(.text) for __user_setup_stackheap
    __rtentry4.o(.ARM.exidx) refers to __rtentry4.o(.ARM.Collect$$rtentry$$00000004) for .ARM.Collect$$rtentry$$00000004
    __rtentry5.o(.ARM.Collect$$rtentry$$00000005) refers to __rtentry5.o(.ARM.Collect$$rtentry$$00002716) for __lit__00000000
    __rtentry5.o(.ARM.Collect$$rtentry$$00002716) refers to startup_armcm3.o(STACK) for __initial_sp
    __rtentry5.o(__vectab_stack_and_reset_sym_area) refers to startup_armcm3.o(STACK) for __initial_sp
    __rtentry5.o(__vectab_stack_and_reset_sym_area) refers to __main.o(!!!main) for __main
    __rtentry5.o(.ARM.exidx) refers to __rtentry5.o(.ARM.Collect$$rtentry$$00000005) for .ARM.Collect$$rtentry$$00000005
    __rtentry5.o(.ARM.exidx) refers to __rtentry5.o(.ARM.Collect$$rtentry$$00002716) for .ARM.Collect$$rtentry$$00002716
    sys_stackheap_outer.o(.text) refers to libspace.o(.text) for __user_perproc_libspace
    sys_stackheap_outer.o(.text) refers to sys_stackheap.o(.text) for __user_initial_stackheap
    exit.o(.text) refers to rtexit.o(.ARM.Collect$$rtexit$$00000000) for __rt_exit
    libinit.o(.ARM.Collect$$libinit$$00000000) refers (Special) to libinit2.o(.ARM.Collect$$libinit$$00000030) for __rt_lib_init_alloca_1
    libinit.o(.ARM.Collect$$libinit$$00000000) refers (Special) to libinit2.o(.ARM.Collect$$libinit$$0000002E) for __rt_lib_init_argv_1
    libinit.o(.ARM.Collect$$libinit$$00000000) refers (Special) to libinit2.o(.ARM.Collect$$libinit$$0000001D) for __rt_lib_init_atexit_1
    libinit.o(.ARM.Collect$$libinit$$00000000) refers (Special) to libinit2.o(.ARM.Collect$$libinit$$00000023) for __rt_lib_init_clock_1
    libinit.o(.ARM.Collect$$libinit$$00000000) refers (Special) to libinit2.o(.ARM.Collect$$libinit$$00000034) for __rt_lib_init_cpp_1
    libinit.o(.ARM.Collect$$libinit$$00000000) refers (Special) to libinit2.o(.ARM.Collect$$libinit$$00000032) for __rt_lib_init_exceptions_1
    libinit.o(.ARM.Collect$$libinit$$00000000) refers (Special) to libinit2.o(.ARM.Collect$$libinit$$00000002) for __rt_lib_init_fp_1
    libinit.o(.ARM.Collect$$libinit$$00000000) refers (Special) to libinit2.o(.ARM.Collect$$libinit$$00000021) for __rt_lib_init_fp_trap_1
    libinit.o(.ARM.Collect$$libinit$$00000000) refers (Special) to libinit2.o(.ARM.Collect$$libinit$$00000025) for __rt_lib_init_getenv_1
    libinit.o(.ARM.Collect$$libinit$$00000000) refers (Special) to libinit2.o(.ARM.Collect$$libinit$$0000000C) for __rt_lib_init_heap_1
    libinit.o(.ARM.Collect$$libinit$$00000000) refers (Special) to libinit2.o(.ARM.Collect$$libinit$$00000013) for __rt_lib_init_lc_collate_1
    libinit.o(.ARM.Collect$$libinit$$00000000) refers (Special) to libinit2.o(.ARM.Collect$$libinit$$00000015) for __rt_lib_init_lc_ctype_1
    libinit.o(.ARM.Collect$$libinit$$00000000) refers (Special) to libinit2.o(.ARM.Collect$$libinit$$00000017) for __rt_lib_init_lc_monetary_1
    libinit.o(.ARM.Collect$$libinit$$00000000) refers (Special) to libinit2.o(.ARM.Collect$$libinit$$00000019) for __rt_lib_init_lc_numeric_1
    libinit.o(.ARM.Collect$$libinit$$00000000) refers (Special) to libinit2.o(.ARM.Collect$$libinit$$0000001B) for __rt_lib_init_lc_time_1
    libinit.o(.ARM.Collect$$libinit$$00000000) refers (Special) to libinit2.o(.ARM.Collect$$libinit$$00000006) for __rt_lib_init_preinit_1
    libinit.o(.ARM.Collect$$libinit$$00000000) refers (Special) to libinit2.o(.ARM.Collect$$libinit$$00000010) for __rt_lib_init_rand_1
    libinit.o(.ARM.Collect$$libinit$$00000000) refers (Special) to libinit2.o(.ARM.Collect$$libinit$$00000004) for __rt_lib_init_relocate_pie_1
    libinit.o(.ARM.Collect$$libinit$$00000000) refers (Special) to libinit2.o(.ARM.Collect$$libinit$$00000035) for __rt_lib_init_return
    libinit.o(.ARM.Collect$$libinit$$00000000) refers (Special) to libinit2.o(.ARM.Collect$$libinit$$0000001F) for __rt_lib_init_signal_1
    libinit.o(.ARM.Collect$$libinit$$00000000) refers (Special) to libinit2.o(.ARM.Collect$$libinit$$00000027) for __rt_lib_init_stdio_1
    libinit.o(.ARM.Collect$$libinit$$00000000) refers (Special) to libinit2.o(.ARM.Collect$$libinit$$0000000E) for __rt_lib_init_user_alloc_1
    libspace.o(.text) refers to libspace.o(.bss) for __libspace_start
    sys_stackheap.o(.text) refers (Special) to indicate_semi.o(.text) for __semihosting_library_function
    sys_stackheap.o(.text) refers to use_no_semi.o(.text) for __I$use$semihosting
    sys_stackheap_hlt.o(.text) refers (Special) to indicate_semi.o(.text) for __semihosting_library_function
    sys_stackheap_hlt.o(.text) refers to use_no_semi.o(.text) for __I$use$semihosting
    rtexit.o(.ARM.Collect$$rtexit$$00000000) refers (Special) to rtexit2.o(.ARM.Collect$$rtexit$$00000004) for __rt_exit_exit
    rtexit.o(.ARM.Collect$$rtexit$$00000000) refers (Special) to rtexit2.o(.ARM.Collect$$rtexit$$00000003) for __rt_exit_ls
    rtexit.o(.ARM.Collect$$rtexit$$00000000) refers (Special) to rtexit2.o(.ARM.Collect$$rtexit$$00000002) for __rt_exit_prels_1
    rtexit.o(.ARM.exidx) refers (Special) to rtexit2.o(.ARM.Collect$$rtexit$$00000004) for __rt_exit_exit
    rtexit.o(.ARM.exidx) refers (Special) to rtexit2.o(.ARM.Collect$$rtexit$$00000003) for __rt_exit_ls
    rtexit.o(.ARM.exidx) refers (Special) to rtexit2.o(.ARM.Collect$$rtexit$$00000002) for __rt_exit_prels_1
    rtexit.o(.ARM.exidx) refers to rtexit.o(.ARM.Collect$$rtexit$$00000000) for .ARM.Collect$$rtexit$$00000000
    libinit2.o(.ARM.Collect$$libinit$$00000012) refers to libinit2.o(.ARM.Collect$$libinit$$00000011) for .ARM.Collect$$libinit$$00000011
    libinit2.o(.ARM.Collect$$libinit$$00000014) refers to libinit2.o(.ARM.Collect$$libinit$$00000011) for .ARM.Collect$$libinit$$00000011
    libinit2.o(.ARM.Collect$$libinit$$00000016) refers to libinit2.o(.ARM.Collect$$libinit$$00000011) for .ARM.Collect$$libinit$$00000011
    libinit2.o(.ARM.Collect$$libinit$$00000018) refers to libinit2.o(.ARM.Collect$$libinit$$00000011) for .ARM.Collect$$libinit$$00000011
    libinit2.o(.ARM.Collect$$libinit$$0000001A) refers to libinit2.o(.ARM.Collect$$libinit$$00000011) for .ARM.Collect$$libinit$$00000011
    libinit2.o(.ARM.Collect$$libinit$$00000028) refers to argv_veneer.o(.emb_text) for __ARM_argv_veneer
    libinit2.o(.ARM.Collect$$libinit$$00000029) refers to argv_veneer.o(.emb_text) for __ARM_argv_veneer
    libinit3.o(.ARM.Collect$$libinit$$00000008) refers to libinit3.o(.ARM.Collect$$libinit$$00002719) for __lit__00000000
    libinit3.o(.ARM.Collect$$libinit$$00002719) refers to startup_armcm3.o(HEAP) for __heap_base
    libinit3.o(.ARM.Collect$$libinit$$0000002A) refers to libinit3.o(.ARM.Collect$$libinit$$0000273B) for __lit__00000002
    libinit3.o(.ARM.Collect$$libinit$$0000002A) refers to argv_veneer.o(.emb_text) for __ARM_argv_veneer
    libinit3.o(.ARM.Collect$$libinit$$0000273B) refers to startup_armcm3.o(HEAP) for __heap_base
    rtexit2.o(.ARM.Collect$$rtexit$$00000003) refers to libshutdown.o(.ARM.Collect$$libshutdown$$00000000) for __rt_lib_shutdown
    rtexit2.o(.ARM.Collect$$rtexit$$00000004) refers to sys_exit.o(.text) for _sys_exit
    rtexit2.o(.ARM.exidx) refers to rtexit2.o(.ARM.Collect$$rtexit$$00000001) for .ARM.Collect$$rtexit$$00000001
    rtexit2.o(.ARM.exidx) refers to rtexit2.o(.ARM.Collect$$rtexit$$00000003) for .ARM.Collect$$rtexit$$00000003
    rtexit2.o(.ARM.exidx) refers to rtexit2.o(.ARM.Collect$$rtexit$$00000004) for .ARM.Collect$$rtexit$$00000004
    argv_veneer.o(.emb_text) refers to no_argv.o(.text) for __ARM_get_argv
    sys_exit.o(.text) refers (Special) to use_no_semi.o(.text) for __I$use$semihosting
    sys_exit.o(.text) refers (Special) to indicate_semi.o(.text) for __semihosting_library_function
    sys_exit_hlt.o(.text) refers (Special) to use_no_semi.o(.text) for __I$use$semihosting
    sys_exit_hlt.o(.text) refers (Special) to indicate_semi.o(.text) for __semihosting_library_function
    _get_argv_nomalloc.o(.text) refers (Special) to hrguard.o(.text) for __heap_region$guard
    _get_argv_nomalloc.o(.text) refers to defsig_rtmem_outer.o(.text) for __rt_SIGRTMEM
    _get_argv_nomalloc.o(.text) refers to sys_command.o(.text) for _sys_command_string
    libshutdown.o(.ARM.Collect$$libshutdown$$00000000) refers (Special) to libshutdown2.o(.ARM.Collect$$libshutdown$$00000002) for __rt_lib_shutdown_cpp_1
    libshutdown.o(.ARM.Collect$$libshutdown$$00000000) refers (Special) to libshutdown2.o(.ARM.Collect$$libshutdown$$00000007) for __rt_lib_shutdown_fp_trap_1
    libshutdown.o(.ARM.Collect$$libshutdown$$00000000) refers (Special) to libshutdown2.o(.ARM.Collect$$libshutdown$$0000000F) for __rt_lib_shutdown_heap_1
    libshutdown.o(.ARM.Collect$$libshutdown$$00000000) refers (Special) to libshutdown2.o(.ARM.Collect$$libshutdown$$00000010) for __rt_lib_shutdown_return
    libshutdown.o(.ARM.Collect$$libshutdown$$00000000) refers (Special) to libshutdown2.o(.ARM.Collect$$libshutdown$$0000000A) for __rt_lib_shutdown_signal_1
    libshutdown.o(.ARM.Collect$$libshutdown$$00000000) refers (Special) to libshutdown2.o(.ARM.Collect$$libshutdown$$00000004) for __rt_lib_shutdown_stdio_1
    libshutdown.o(.ARM.Collect$$libshutdown$$00000000) refers (Special) to libshutdown2.o(.ARM.Collect$$libshutdown$$0000000C) for __rt_lib_shutdown_user_alloc_1
    sys_command.o(.text) refers (Special) to use_no_semi.o(.text) for __I$use$semihosting
    sys_command.o(.text) refers (Special) to indicate_semi.o(.text) for __semihosting_library_function
    sys_command_hlt.o(.text) refers (Special) to use_no_semi.o(.text) for __I$use$semihosting
    sys_command_hlt.o(.text) refers (Special) to indicate_semi.o(.text) for __semihosting_library_function
    defsig_rtmem_outer.o(.text) refers to defsig_rtmem_inner.o(.text) for __rt_SIGRTMEM_inner
    defsig_rtmem_outer.o(.text) refers to defsig_exit.o(.text) for __sig_exit
    defsig_rtmem_formal.o(.text) refers to rt_raise.o(.text) for __rt_raise
    rt_raise.o(.text) refers to __raise.o(.text) for __raise
    rt_raise.o(.text) refers to sys_exit.o(.text) for _sys_exit
    defsig_exit.o(.text) refers to sys_exit.o(.text) for _sys_exit
    defsig_rtmem_inner.o(.text) refers to defsig_general.o(.text) for __default_signal_display
    __raise.o(.text) refers to defsig.o(CL$$defsig) for __default_signal_handler
    defsig_general.o(.text) refers to sys_wrch.o(.text) for _ttywrch
    sys_wrch.o(.text) refers (Special) to use_no_semi.o(.text) for __I$use$semihosting
    sys_wrch.o(.text) refers (Special) to indicate_semi.o(.text) for __semihosting_library_function
    sys_wrch_hlt.o(.text) refers (Special) to use_no_semi.o(.text) for __I$use$semihosting
    sys_wrch_hlt.o(.text) refers (Special) to indicate_semi.o(.text) for __semihosting_library_function
    defsig.o(CL$$defsig) refers to defsig_rtmem_inner.o(.text) for __rt_SIGRTMEM_inner
    defsig_abrt_inner.o(.text) refers to defsig_general.o(.text) for __default_signal_display
    defsig_fpe_inner.o(.text) refers to defsig_general.o(.text) for __default_signal_display
    defsig_rtred_inner.o(.text) refers to defsig_general.o(.text) for __default_signal_display
    defsig_stak_inner.o(.text) refers to defsig_general.o(.text) for __default_signal_display
    defsig_pvfn_inner.o(.text) refers to defsig_general.o(.text) for __default_signal_display
    defsig_cppl_inner.o(.text) refers to defsig_general.o(.text) for __default_signal_display
    defsig_segv_inner.o(.text) refers to defsig_general.o(.text) for __default_signal_display
    defsig_other.o(.text) refers to defsig_general.o(.text) for __default_signal_display


==============================================================================

Removing Unused input sections from the image.

    Removing main.o(.text), (0 bytes).
    Removing main.o(.text.delay), (2 bytes).
    Removing main.o(.ARM.exidx.text.delay), (8 bytes).
    Removing main.o(.ARM.exidx.text.task1), (8 bytes).
    Removing main.o(.ARM.exidx.text.task2), (8 bytes).
    Removing main.o(.ARM.exidx.text.task3), (8 bytes).
    Removing main.o(.ARM.exidx.text.main), (8 bytes).
    Removing main.o(.bss.task_1), (56 bytes).
    Removing main.o(.bss.task_2), (56 bytes).
    Removing main.o(.bss.task_3), (56 bytes).
    Removing main.o(.ARM.use_no_argv), (4 bytes).
    Removing idle.o(.text), (0 bytes).
    Removing idle.o(.ARM.exidx.text.mk_idle_task), (8 bytes).
    Removing idle.o(.ARM.exidx.text._MK_Idle_Init_), (8 bytes).
    Removing mktask.o(.text), (0 bytes).
    Removing mktask.o(.ARM.exidx.text.mk_TaskInit), (8 bytes).
    Removing mktask.o(.ARM.exidx.text.mk_Task_Init), (8 bytes).
    Removing mktask.o(.ARM.exidx.text.mk_Task_Delete), (8 bytes).
    Removing mktype.o(.text), (0 bytes).
    Removing priority.o(.text), (0 bytes).
    Removing priority.o(.ARM.exidx.text.InitReadyList), (8 bytes).
    Removing priority.o(.text.InsertNodeToReadyListHead), (94 bytes).
    Removing priority.o(.ARM.exidx.text.InsertNodeToReadyListHead), (8 bytes).
    Removing priority.o(.ARM.exidx.text.SetBitToPrioTable), (8 bytes).
    Removing priority.o(.ARM.exidx.text.InsertNodeToReadyListTail), (8 bytes).
    Removing priority.o(.ARM.exidx.text.MoveHeadToTailInReadList), (8 bytes).
    Removing priority.o(.ARM.exidx.text.RemoveNodeFromReadyList), (8 bytes).
    Removing priority.o(.text.ClearBitToPrioTable), (36 bytes).
    Removing priority.o(.ARM.exidx.text.ClearBitToPrioTable), (8 bytes).
    Removing priority.o(.ARM.exidx.text.InitPrioTable), (8 bytes).
    Removing priority.o(.text._MK_FindFirstBit_), (58 bytes).
    Removing priority.o(.ARM.exidx.text._MK_FindFirstBit_), (8 bytes).
    Removing priority.o(.text._MK_FindFirstBit), (140 bytes).
    Removing priority.o(.ARM.exidx.text._MK_FindFirstBit), (8 bytes).
    Removing priority.o(.ARM.exidx.text.GetHighestPrioFromPrioTable), (8 bytes).
    Removing scheduler.o(.text), (0 bytes).
    Removing scheduler.o(.ARM.exidx.text._MK_TaskSwitch_), (8 bytes).
    Removing scheduler.o(.ARM.exidx.text._MK_TaskTimeSliceSched), (8 bytes).
    Removing system.o(.text), (0 bytes).
    Removing system.o(.ARM.exidx.text.main_task), (8 bytes).
    Removing system.o(.ARM.exidx.text.__MK_Main), (8 bytes).
    Removing systick.o(.text), (0 bytes).
    Removing systick.o(.ARM.exidx.text.mk_delay_ms), (8 bytes).
    Removing systick.o(.text.InsertNodeToTickSpokeList), (126 bytes).
    Removing systick.o(.ARM.exidx.text.InsertNodeToTickSpokeList), (8 bytes).
    Removing systick.o(.ARM.exidx.text.InitTickSpokeList), (8 bytes).
    Removing systick.o(.text.RemoveFromTickSpokeList), (46 bytes).
    Removing systick.o(.ARM.exidx.text.RemoveFromTickSpokeList), (8 bytes).
    Removing systick.o(.ARM.exidx.text.UpdateToTickSpokeList), (8 bytes).
    Removing mkstr.o(.text), (0 bytes).
    Removing mkstr.o(.ARM.exidx.text.mk_strncpy), (8 bytes).
    Removing mkstr.o(.ARM.exidx.text.mk_strlen), (8 bytes).
    Removing sys_tick.o(.text), (0 bytes).
    Removing sys_tick.o(.ARM.exidx.text.mk_SystickInit), (8 bytes).
    Removing sys_tick.o(.ARM.exidx.text.SysTick_Handler), (8 bytes).
    Removing startup_armcm3.o(HEAP), (3072 bytes).
    Removing system_armcm3.o(.text), (0 bytes).
    Removing system_armcm3.o(.text.SystemCoreClockUpdate), (20 bytes).
    Removing system_armcm3.o(.ARM.exidx.text.SystemCoreClockUpdate), (8 bytes).
    Removing system_armcm3.o(.ARM.exidx.text.SystemInit), (8 bytes).

60 unused section(s) (total 4054 bytes) removed from the image.

==============================================================================

Image Symbol Table

    Local Symbols

    Symbol Name                              Value     Ov Type        Size  Object(Section)

    ../clib/angel/boardlib.s                 0x00000000   Number         0  boardinit1.o ABSOLUTE
    ../clib/angel/boardlib.s                 0x00000000   Number         0  boardinit2.o ABSOLUTE
    ../clib/angel/boardlib.s                 0x00000000   Number         0  boardinit3.o ABSOLUTE
    ../clib/angel/boardlib.s                 0x00000000   Number         0  boardshut.o ABSOLUTE
    ../clib/angel/handlers.s                 0x00000000   Number         0  __scatter_copy.o ABSOLUTE
    ../clib/angel/handlers.s                 0x00000000   Number         0  __scatter_zi.o ABSOLUTE
    ../clib/angel/kernel.s                   0x00000000   Number         0  __rtentry.o ABSOLUTE
    ../clib/angel/kernel.s                   0x00000000   Number         0  __rtentry2.o ABSOLUTE
    ../clib/angel/kernel.s                   0x00000000   Number         0  __rtentry4.o ABSOLUTE
    ../clib/angel/kernel.s                   0x00000000   Number         0  __rtentry5.o ABSOLUTE
    ../clib/angel/kernel.s                   0x00000000   Number         0  rtexit.o ABSOLUTE
    ../clib/angel/kernel.s                   0x00000000   Number         0  rtexit2.o ABSOLUTE
    ../clib/angel/rt.s                       0x00000000   Number         0  rt_raise.o ABSOLUTE
    ../clib/angel/scatter.s                  0x00000000   Number         0  __scatter.o ABSOLUTE
    ../clib/angel/startup.s                  0x00000000   Number         0  __main.o ABSOLUTE
    ../clib/angel/sys.s                      0x00000000   Number         0  sys_stackheap_outer.o ABSOLUTE
    ../clib/angel/sys.s                      0x00000000   Number         0  libspace.o ABSOLUTE
    ../clib/angel/sys.s                      0x00000000   Number         0  sys_stackheap.o ABSOLUTE
    ../clib/angel/sys.s                      0x00000000   Number         0  sys_stackheap_hlt.o ABSOLUTE
    ../clib/angel/sys.s                      0x00000000   Number         0  use_no_semi.o ABSOLUTE
    ../clib/angel/sys.s                      0x00000000   Number         0  indicate_semi.o ABSOLUTE
    ../clib/angel/sysapp.c                   0x00000000   Number         0  sys_exit.o ABSOLUTE
    ../clib/angel/sysapp.c                   0x00000000   Number         0  sys_exit_hlt.o ABSOLUTE
    ../clib/angel/sysapp.c                   0x00000000   Number         0  sys_command.o ABSOLUTE
    ../clib/angel/sysapp.c                   0x00000000   Number         0  sys_command_hlt.o ABSOLUTE
    ../clib/angel/sysapp.c                   0x00000000   Number         0  sys_wrch.o ABSOLUTE
    ../clib/angel/sysapp.c                   0x00000000   Number         0  sys_wrch_hlt.o ABSOLUTE
    ../clib/armsys.c                         0x00000000   Number         0  argv_veneer.o ABSOLUTE
    ../clib/armsys.c                         0x00000000   Number         0  argv_veneer.o ABSOLUTE
    ../clib/armsys.c                         0x00000000   Number         0  _get_argv_nomalloc.o ABSOLUTE
    ../clib/armsys.c                         0x00000000   Number         0  no_argv.o ABSOLUTE
    ../clib/heapalloc.c                      0x00000000   Number         0  hrguard.o ABSOLUTE
    ../clib/heapaux.c                        0x00000000   Number         0  heapauxi.o ABSOLUTE
    ../clib/libinit.s                        0x00000000   Number         0  libinit.o ABSOLUTE
    ../clib/libinit.s                        0x00000000   Number         0  libinit2.o ABSOLUTE
    ../clib/libinit.s                        0x00000000   Number         0  libinit3.o ABSOLUTE
    ../clib/libinit.s                        0x00000000   Number         0  libshutdown.o ABSOLUTE
    ../clib/libinit.s                        0x00000000   Number         0  libshutdown2.o ABSOLUTE
    ../clib/memcpset.s                       0x00000000   Number         0  rt_memclr_w.o ABSOLUTE
    ../clib/signal.c                         0x00000000   Number         0  defsig_rtmem_outer.o ABSOLUTE
    ../clib/signal.c                         0x00000000   Number         0  defsig_rtmem_formal.o ABSOLUTE
    ../clib/signal.c                         0x00000000   Number         0  defsig_exit.o ABSOLUTE
    ../clib/signal.c                         0x00000000   Number         0  defsig_rtmem_inner.o ABSOLUTE
    ../clib/signal.c                         0x00000000   Number         0  __raise.o ABSOLUTE
    ../clib/signal.c                         0x00000000   Number         0  defsig_general.o ABSOLUTE
    ../clib/signal.c                         0x00000000   Number         0  defsig_abrt_inner.o ABSOLUTE
    ../clib/signal.c                         0x00000000   Number         0  defsig_fpe_inner.o ABSOLUTE
    ../clib/signal.c                         0x00000000   Number         0  defsig_rtred_inner.o ABSOLUTE
    ../clib/signal.c                         0x00000000   Number         0  defsig_stak_inner.o ABSOLUTE
    ../clib/signal.c                         0x00000000   Number         0  defsig_pvfn_inner.o ABSOLUTE
    ../clib/signal.c                         0x00000000   Number         0  defsig_cppl_inner.o ABSOLUTE
    ../clib/signal.c                         0x00000000   Number         0  defsig_segv_inner.o ABSOLUTE
    ../clib/signal.c                         0x00000000   Number         0  defsig_other.o ABSOLUTE
    ../clib/signal.s                         0x00000000   Number         0  defsig.o ABSOLUTE
    ../clib/stdlib.c                         0x00000000   Number         0  exit.o ABSOLUTE
    ../fplib/fpinit.s                        0x00000000   Number         0  fpinit.o ABSOLUTE
    ../fplib/fpinit_empty.s                  0x00000000   Number         0  fpinit_empty.o ABSOLUTE
    ..\kernel\libcpu\m3\cpu.asm              0x00000000   Number         0  cpu_1.o ABSOLUTE
    ..\kernel\libcpu\m3\cpu.s                0x00000000   Number         0  cpu.o ABSOLUTE
    RTE/Device/ARMCM3/startup_ARMCM3.s       0x00000000   Number         0  startup_armcm3.o ABSOLUTE
    dc.s                                     0x00000000   Number         0  dc.o ABSOLUTE
    idle.c                                   0x00000000   Number         0  idle.o ABSOLUTE
    main.c                                   0x00000000   Number         0  main.o ABSOLUTE
    mkstr.c                                  0x00000000   Number         0  mkstr.o ABSOLUTE
    mktask.c                                 0x00000000   Number         0  mktask.o ABSOLUTE
    mktype.c                                 0x00000000   Number         0  mktype.o ABSOLUTE
    priority.c                               0x00000000   Number         0  priority.o ABSOLUTE
    scheduler.c                              0x00000000   Number         0  scheduler.o ABSOLUTE
    sys_tick.c                               0x00000000   Number         0  sys_tick.o ABSOLUTE
    system.c                                 0x00000000   Number         0  system.o ABSOLUTE
    system_ARMCM3.c                          0x00000000   Number         0  system_armcm3.o ABSOLUTE
    systick.c                                0x00000000   Number         0  systick.o ABSOLUTE
    RESET                                    0x00000000   Section      960  startup_armcm3.o(RESET)
    !!!main                                  0x000003c0   Section        8  __main.o(!!!main)
    !!!scatter                               0x000003c8   Section       52  __scatter.o(!!!scatter)
    !!handler_copy                           0x000003fc   Section       26  __scatter_copy.o(!!handler_copy)
    !!handler_zi                             0x00000418   Section       28  __scatter_zi.o(!!handler_zi)
    .ARM.Collect$$libinit$$00000000          0x00000434   Section        2  libinit.o(.ARM.Collect$$libinit$$00000000)
    .ARM.Collect$$libinit$$00000002          0x00000436   Section        0  libinit2.o(.ARM.Collect$$libinit$$00000002)
    .ARM.Collect$$libinit$$00000004          0x00000436   Section        0  libinit2.o(.ARM.Collect$$libinit$$00000004)
    .ARM.Collect$$libinit$$00000006          0x00000436   Section        0  libinit2.o(.ARM.Collect$$libinit$$00000006)
    .ARM.Collect$$libinit$$0000000C          0x00000436   Section        0  libinit2.o(.ARM.Collect$$libinit$$0000000C)
    .ARM.Collect$$libinit$$0000000E          0x00000436   Section        0  libinit2.o(.ARM.Collect$$libinit$$0000000E)
    .ARM.Collect$$libinit$$00000010          0x00000436   Section        0  libinit2.o(.ARM.Collect$$libinit$$00000010)
    .ARM.Collect$$libinit$$00000013          0x00000436   Section        0  libinit2.o(.ARM.Collect$$libinit$$00000013)
    .ARM.Collect$$libinit$$00000015          0x00000436   Section        0  libinit2.o(.ARM.Collect$$libinit$$00000015)
    .ARM.Collect$$libinit$$00000017          0x00000436   Section        0  libinit2.o(.ARM.Collect$$libinit$$00000017)
    .ARM.Collect$$libinit$$00000019          0x00000436   Section        0  libinit2.o(.ARM.Collect$$libinit$$00000019)
    .ARM.Collect$$libinit$$0000001B          0x00000436   Section        0  libinit2.o(.ARM.Collect$$libinit$$0000001B)
    .ARM.Collect$$libinit$$0000001D          0x00000436   Section        0  libinit2.o(.ARM.Collect$$libinit$$0000001D)
    .ARM.Collect$$libinit$$0000001F          0x00000436   Section        0  libinit2.o(.ARM.Collect$$libinit$$0000001F)
    .ARM.Collect$$libinit$$00000021          0x00000436   Section        0  libinit2.o(.ARM.Collect$$libinit$$00000021)
    .ARM.Collect$$libinit$$00000023          0x00000436   Section        0  libinit2.o(.ARM.Collect$$libinit$$00000023)
    .ARM.Collect$$libinit$$00000025          0x00000436   Section        0  libinit2.o(.ARM.Collect$$libinit$$00000025)
    .ARM.Collect$$libinit$$00000027          0x00000436   Section        0  libinit2.o(.ARM.Collect$$libinit$$00000027)
    .ARM.Collect$$libinit$$0000002E          0x00000436   Section        0  libinit2.o(.ARM.Collect$$libinit$$0000002E)
    .ARM.Collect$$libinit$$00000030          0x00000436   Section        0  libinit2.o(.ARM.Collect$$libinit$$00000030)
    .ARM.Collect$$libinit$$00000032          0x00000436   Section        0  libinit2.o(.ARM.Collect$$libinit$$00000032)
    .ARM.Collect$$libinit$$00000034          0x00000436   Section        0  libinit2.o(.ARM.Collect$$libinit$$00000034)
    .ARM.Collect$$libinit$$00000035          0x00000436   Section        2  libinit2.o(.ARM.Collect$$libinit$$00000035)
    .ARM.Collect$$libshutdown$$00000000      0x00000438   Section        2  libshutdown.o(.ARM.Collect$$libshutdown$$00000000)
    .ARM.Collect$$libshutdown$$00000002      0x0000043a   Section        0  libshutdown2.o(.ARM.Collect$$libshutdown$$00000002)
    .ARM.Collect$$libshutdown$$00000004      0x0000043a   Section        0  libshutdown2.o(.ARM.Collect$$libshutdown$$00000004)
    .ARM.Collect$$libshutdown$$00000007      0x0000043a   Section        0  libshutdown2.o(.ARM.Collect$$libshutdown$$00000007)
    .ARM.Collect$$libshutdown$$0000000A      0x0000043a   Section        0  libshutdown2.o(.ARM.Collect$$libshutdown$$0000000A)
    .ARM.Collect$$libshutdown$$0000000C      0x0000043a   Section        0  libshutdown2.o(.ARM.Collect$$libshutdown$$0000000C)
    .ARM.Collect$$libshutdown$$0000000F      0x0000043a   Section        0  libshutdown2.o(.ARM.Collect$$libshutdown$$0000000F)
    .ARM.Collect$$libshutdown$$00000010      0x0000043a   Section        2  libshutdown2.o(.ARM.Collect$$libshutdown$$00000010)
    .ARM.Collect$$rtentry$$00000000          0x0000043c   Section        0  __rtentry.o(.ARM.Collect$$rtentry$$00000000)
    .ARM.Collect$$rtentry$$00000002          0x0000043c   Section        0  __rtentry2.o(.ARM.Collect$$rtentry$$00000002)
    .ARM.Collect$$rtentry$$00000005          0x0000043c   Section        4  __rtentry5.o(.ARM.Collect$$rtentry$$00000005)
    .ARM.Collect$$rtentry$$00000009          0x00000440   Section        0  __rtentry2.o(.ARM.Collect$$rtentry$$00000009)
    .ARM.Collect$$rtentry$$0000000A          0x00000440   Section        4  __rtentry2.o(.ARM.Collect$$rtentry$$0000000A)
    .ARM.Collect$$rtentry$$0000000C          0x00000444   Section        0  __rtentry2.o(.ARM.Collect$$rtentry$$0000000C)
    .ARM.Collect$$rtentry$$0000000D          0x00000444   Section        8  __rtentry2.o(.ARM.Collect$$rtentry$$0000000D)
    __lit__00000000                          0x0000044c   Data           4  __rtentry5.o(.ARM.Collect$$rtentry$$00002716)
    .ARM.Collect$$rtentry$$00002716          0x0000044c   Section        4  __rtentry5.o(.ARM.Collect$$rtentry$$00002716)
    .ARM.Collect$$rtexit$$00000000           0x00000450   Section        2  rtexit.o(.ARM.Collect$$rtexit$$00000000)
    .ARM.Collect$$rtexit$$00000002           0x00000452   Section        0  rtexit2.o(.ARM.Collect$$rtexit$$00000002)
    .ARM.Collect$$rtexit$$00000003           0x00000452   Section        4  rtexit2.o(.ARM.Collect$$rtexit$$00000003)
    .ARM.Collect$$rtexit$$00000004           0x00000456   Section        6  rtexit2.o(.ARM.Collect$$rtexit$$00000004)
    .text                                    0x0000045c   Section       22  cpu_1.o(.text)
    .text                                    0x00000474   Section       56  startup_armcm3.o(.text)
    .text                                    0x000004ac   Section       78  rt_memclr_w.o(.text)
    .text                                    0x000004fa   Section        0  heapauxi.o(.text)
    .text                                    0x00000500   Section        0  exit.o(.text)
    .text                                    0x00000512   Section        2  use_no_semi.o(.text)
    .text                                    0x00000514   Section        0  indicate_semi.o(.text)
    .text                                    0x00000514   Section        0  sys_exit.o(.text)
    [Anonymous Symbol]                       0x00000520   Section        0  priority.o(.text.GetHighestPrioFromPrioTable)
    [Anonymous Symbol]                       0x00000564   Section        0  priority.o(.text.InitPrioTable)
    [Anonymous Symbol]                       0x00000574   Section        0  priority.o(.text.InitReadyList)
    [Anonymous Symbol]                       0x00000588   Section        0  systick.o(.text.InitTickSpokeList)
    [Anonymous Symbol]                       0x0000059c   Section        0  priority.o(.text.InsertNodeToReadyListTail)
    [Anonymous Symbol]                       0x00000600   Section        0  priority.o(.text.MoveHeadToTailInReadList)
    [Anonymous Symbol]                       0x00000628   Section        0  priority.o(.text.RemoveNodeFromReadyList)
    [Anonymous Symbol]                       0x000006b0   Section        0  priority.o(.text.SetBitToPrioTable)
    [Anonymous Symbol]                       0x000006d4   Section        0  sys_tick.o(.text.SysTick_Handler)
    [Anonymous Symbol]                       0x0000070c   Section        0  system_armcm3.o(.text.SystemInit)
    [Anonymous Symbol]                       0x00000734   Section        0  systick.o(.text.UpdateToTickSpokeList)
    [Anonymous Symbol]                       0x000007a8   Section        0  idle.o(.text._MK_Idle_Init_)
    [Anonymous Symbol]                       0x000007e8   Section        0  scheduler.o(.text._MK_TaskSwitch_)
    [Anonymous Symbol]                       0x00000824   Section        0  scheduler.o(.text._MK_TaskTimeSliceSched)
    [Anonymous Symbol]                       0x00000858   Section        0  system.o(.text.__MK_Main)
    [Anonymous Symbol]                       0x000008f0   Section        0  main.o(.text.main)
    [Anonymous Symbol]                       0x000009b4   Section        0  system.o(.text.main_task)
    [Anonymous Symbol]                       0x000009c4   Section        0  sys_tick.o(.text.mk_SystickInit)
    [Anonymous Symbol]                       0x00000a04   Section        0  mktask.o(.text.mk_TaskInit)
    [Anonymous Symbol]                       0x00000ab0   Section        0  mktask.o(.text.mk_Task_Delete)
    [Anonymous Symbol]                       0x00000ae0   Section        0  mktask.o(.text.mk_Task_Init)
    [Anonymous Symbol]                       0x00000bac   Section        0  systick.o(.text.mk_delay_ms)
    [Anonymous Symbol]                       0x00000c48   Section        0  idle.o(.text.mk_idle_task)
    [Anonymous Symbol]                       0x00000c4c   Section        0  mkstr.o(.text.mk_strlen)
    [Anonymous Symbol]                       0x00000c6c   Section        0  mkstr.o(.text.mk_strncpy)
    [Anonymous Symbol]                       0x00000ca0   Section        0  main.o(.text.task1)
    [Anonymous Symbol]                       0x00000cc0   Section        0  main.o(.text.task2)
    [Anonymous Symbol]                       0x00000cd4   Section        0  main.o(.text.task3)
    CODE                                     0x00000ce8   Section       92  cpu.o(CODE)
    idletaskEnv                              0x200002a0   Data         128  idle.o(.bss.idletaskEnv)
    [Anonymous Symbol]                       0x200002a0   Section        0  idle.o(.bss.idletaskEnv)
    maintaskEnv                              0x20000358   Data        2048  system.o(.bss.maintaskEnv)
    [Anonymous Symbol]                       0x20000358   Section        0  system.o(.bss.maintaskEnv)
    STACK                                    0x20002460   Section     1024  startup_armcm3.o(STACK)

    Global Symbols

    Symbol Name                              Value     Ov Type        Size  Object(Section)

    BuildAttributes$$THM_ISAv4$P$D$K$B$S$PE$A:L22UL41UL21$X:L11$S22US41US21$IEEE1$IW$~IW$USESV6$~STKCKD$USESV7$~SHL$OTIME$ROPI$EBA8$UX$STANDARDLIB$REQ8$PRES8$EABIv2 0x00000000   Number         0  anon$$obj.o ABSOLUTE
    __Vectors                                0x00000000   Data           4  startup_armcm3.o(RESET)
    __fp_init_empty                          0x00000000   Number         0  fpinit_empty.o ABSOLUTE
    Image$$ZI$$Limit                          - Undefined Weak Reference
    __ARM_exceptions_init                     - Undefined Weak Reference
    __alloca_initialize                       - Undefined Weak Reference
    __arm_preinit_                            - Undefined Weak Reference
    __arm_relocate_pie_                       - Undefined Weak Reference
    __cpp_initialize__aeabi_                  - Undefined Weak Reference
    __cxa_finalize                            - Undefined Weak Reference
    __rt_locale                               - Undefined Weak Reference
    __sigvec_lookup                           - Undefined Weak Reference
    _atexit_init                              - Undefined Weak Reference
    _call_atexit_fns                          - Undefined Weak Reference
    _clock_init                               - Undefined Weak Reference
    _fp_trap_init                             - Undefined Weak Reference
    _fp_trap_shutdown                         - Undefined Weak Reference
    _get_lc_collate                           - Undefined Weak Reference
    _get_lc_ctype                             - Undefined Weak Reference
    _get_lc_monetary                          - Undefined Weak Reference
    _get_lc_numeric                           - Undefined Weak Reference
    _get_lc_time                              - Undefined Weak Reference
    _getenv_init                              - Undefined Weak Reference
    _handle_redirection                       - Undefined Weak Reference
    _init_alloc                               - Undefined Weak Reference
    _init_user_alloc                          - Undefined Weak Reference
    _initio                                   - Undefined Weak Reference
    _rand_init                                - Undefined Weak Reference
    _signal_finish                            - Undefined Weak Reference
    _signal_init                              - Undefined Weak Reference
    _terminate_alloc                          - Undefined Weak Reference
    _terminate_user_alloc                     - Undefined Weak Reference
    _terminateio                              - Undefined Weak Reference
    __Vectors_End                            0x000003c0   Data           0  startup_armcm3.o(RESET)
    __Vectors_Size                           0x000003c0   Number         0  startup_armcm3.o ABSOLUTE
    __main                                   0x000003c1   Thumb Code     8  __main.o(!!!main)
    __scatterload                            0x000003c9   Thumb Code     0  __scatter.o(!!!scatter)
    __scatterload_rt2                        0x000003c9   Thumb Code    44  __scatter.o(!!!scatter)
    __scatterload_rt2_thumb_only             0x000003c9   Thumb Code     0  __scatter.o(!!!scatter)
    __scatterload_null                       0x000003d7   Thumb Code     0  __scatter.o(!!!scatter)
    __scatterload_copy                       0x000003fd   Thumb Code    26  __scatter_copy.o(!!handler_copy)
    __scatterload_zeroinit                   0x00000419   Thumb Code    28  __scatter_zi.o(!!handler_zi)
    __rt_lib_init                            0x00000435   Thumb Code     0  libinit.o(.ARM.Collect$$libinit$$00000000)
    __rt_lib_init_alloca_1                   0x00000437   Thumb Code     0  libinit2.o(.ARM.Collect$$libinit$$00000030)
    __rt_lib_init_argv_1                     0x00000437   Thumb Code     0  libinit2.o(.ARM.Collect$$libinit$$0000002E)
    __rt_lib_init_atexit_1                   0x00000437   Thumb Code     0  libinit2.o(.ARM.Collect$$libinit$$0000001D)
    __rt_lib_init_clock_1                    0x00000437   Thumb Code     0  libinit2.o(.ARM.Collect$$libinit$$00000023)
    __rt_lib_init_cpp_1                      0x00000437   Thumb Code     0  libinit2.o(.ARM.Collect$$libinit$$00000034)
    __rt_lib_init_exceptions_1               0x00000437   Thumb Code     0  libinit2.o(.ARM.Collect$$libinit$$00000032)
    __rt_lib_init_fp_1                       0x00000437   Thumb Code     0  libinit2.o(.ARM.Collect$$libinit$$00000002)
    __rt_lib_init_fp_trap_1                  0x00000437   Thumb Code     0  libinit2.o(.ARM.Collect$$libinit$$00000021)
    __rt_lib_init_getenv_1                   0x00000437   Thumb Code     0  libinit2.o(.ARM.Collect$$libinit$$00000025)
    __rt_lib_init_heap_1                     0x00000437   Thumb Code     0  libinit2.o(.ARM.Collect$$libinit$$0000000C)
    __rt_lib_init_lc_collate_1               0x00000437   Thumb Code     0  libinit2.o(.ARM.Collect$$libinit$$00000013)
    __rt_lib_init_lc_ctype_1                 0x00000437   Thumb Code     0  libinit2.o(.ARM.Collect$$libinit$$00000015)
    __rt_lib_init_lc_monetary_1              0x00000437   Thumb Code     0  libinit2.o(.ARM.Collect$$libinit$$00000017)
    __rt_lib_init_lc_numeric_1               0x00000437   Thumb Code     0  libinit2.o(.ARM.Collect$$libinit$$00000019)
    __rt_lib_init_lc_time_1                  0x00000437   Thumb Code     0  libinit2.o(.ARM.Collect$$libinit$$0000001B)
    __rt_lib_init_preinit_1                  0x00000437   Thumb Code     0  libinit2.o(.ARM.Collect$$libinit$$00000006)
    __rt_lib_init_rand_1                     0x00000437   Thumb Code     0  libinit2.o(.ARM.Collect$$libinit$$00000010)
    __rt_lib_init_relocate_pie_1             0x00000437   Thumb Code     0  libinit2.o(.ARM.Collect$$libinit$$00000004)
    __rt_lib_init_return                     0x00000437   Thumb Code     0  libinit2.o(.ARM.Collect$$libinit$$00000035)
    __rt_lib_init_signal_1                   0x00000437   Thumb Code     0  libinit2.o(.ARM.Collect$$libinit$$0000001F)
    __rt_lib_init_stdio_1                    0x00000437   Thumb Code     0  libinit2.o(.ARM.Collect$$libinit$$00000027)
    __rt_lib_init_user_alloc_1               0x00000437   Thumb Code     0  libinit2.o(.ARM.Collect$$libinit$$0000000E)
    __rt_lib_shutdown                        0x00000439   Thumb Code     0  libshutdown.o(.ARM.Collect$$libshutdown$$00000000)
    __rt_lib_shutdown_cpp_1                  0x0000043b   Thumb Code     0  libshutdown2.o(.ARM.Collect$$libshutdown$$00000002)
    __rt_lib_shutdown_fp_trap_1              0x0000043b   Thumb Code     0  libshutdown2.o(.ARM.Collect$$libshutdown$$00000007)
    __rt_lib_shutdown_heap_1                 0x0000043b   Thumb Code     0  libshutdown2.o(.ARM.Collect$$libshutdown$$0000000F)
    __rt_lib_shutdown_return                 0x0000043b   Thumb Code     0  libshutdown2.o(.ARM.Collect$$libshutdown$$00000010)
    __rt_lib_shutdown_signal_1               0x0000043b   Thumb Code     0  libshutdown2.o(.ARM.Collect$$libshutdown$$0000000A)
    __rt_lib_shutdown_stdio_1                0x0000043b   Thumb Code     0  libshutdown2.o(.ARM.Collect$$libshutdown$$00000004)
    __rt_lib_shutdown_user_alloc_1           0x0000043b   Thumb Code     0  libshutdown2.o(.ARM.Collect$$libshutdown$$0000000C)
    __rt_entry                               0x0000043d   Thumb Code     0  __rtentry.o(.ARM.Collect$$rtentry$$00000000)
    __rt_entry_presh_1                       0x0000043d   Thumb Code     0  __rtentry2.o(.ARM.Collect$$rtentry$$00000002)
    __rt_entry_sh                            0x0000043d   Thumb Code     0  __rtentry5.o(.ARM.Collect$$rtentry$$00000005)
    __rt_entry_li                            0x00000441   Thumb Code     0  __rtentry2.o(.ARM.Collect$$rtentry$$0000000A)
    __rt_entry_postsh_1                      0x00000441   Thumb Code     0  __rtentry2.o(.ARM.Collect$$rtentry$$00000009)
    __rt_entry_main                          0x00000445   Thumb Code     0  __rtentry2.o(.ARM.Collect$$rtentry$$0000000D)
    __rt_entry_postli_1                      0x00000445   Thumb Code     0  __rtentry2.o(.ARM.Collect$$rtentry$$0000000C)
    __rt_exit                                0x00000451   Thumb Code     0  rtexit.o(.ARM.Collect$$rtexit$$00000000)
    __rt_exit_ls                             0x00000453   Thumb Code     0  rtexit2.o(.ARM.Collect$$rtexit$$00000003)
    __rt_exit_prels_1                        0x00000453   Thumb Code     0  rtexit2.o(.ARM.Collect$$rtexit$$00000002)
    __rt_exit_exit                           0x00000457   Thumb Code     0  rtexit2.o(.ARM.Collect$$rtexit$$00000004)
    _CPU_InterruptEnable_                    0x0000045d   Thumb Code     4  cpu_1.o(.text)
    _CPU_InterruptDisable_                   0x00000461   Thumb Code     4  cpu_1.o(.text)
    _MK_SR_Save_                             0x00000465   Thumb Code     8  cpu_1.o(.text)
    _MK_SR_Restore_                          0x0000046d   Thumb Code     6  cpu_1.o(.text)
    Reset_Handler                            0x00000475   Thumb Code     8  startup_armcm3.o(.text)
    HardFault_Handler                        0x0000047d   Thumb Code     2  startup_armcm3.o(.text)
    NMI_Handler                              0x0000047f   Thumb Code     2  startup_armcm3.o(.text)
    MemManage_Handler                        0x00000481   Thumb Code     2  startup_armcm3.o(.text)
    BusFault_Handler                         0x00000483   Thumb Code     2  startup_armcm3.o(.text)
    UsageFault_Handler                       0x00000485   Thumb Code     2  startup_armcm3.o(.text)
    SVC_Handler                              0x00000487   Thumb Code     2  startup_armcm3.o(.text)
    DebugMon_Handler                         0x00000489   Thumb Code     2  startup_armcm3.o(.text)
    Interrupt0_Handler                       0x0000048f   Thumb Code     2  startup_armcm3.o(.text)
    Interrupt1_Handler                       0x00000491   Thumb Code     2  startup_armcm3.o(.text)
    Interrupt2_Handler                       0x00000493   Thumb Code     2  startup_armcm3.o(.text)
    Interrupt3_Handler                       0x00000495   Thumb Code     2  startup_armcm3.o(.text)
    Interrupt4_Handler                       0x00000497   Thumb Code     2  startup_armcm3.o(.text)
    Interrupt5_Handler                       0x00000499   Thumb Code     2  startup_armcm3.o(.text)
    Interrupt6_Handler                       0x0000049b   Thumb Code     2  startup_armcm3.o(.text)
    Interrupt7_Handler                       0x0000049d   Thumb Code     2  startup_armcm3.o(.text)
    Interrupt8_Handler                       0x0000049f   Thumb Code     2  startup_armcm3.o(.text)
    Interrupt9_Handler                       0x000004a1   Thumb Code     2  startup_armcm3.o(.text)
    __aeabi_memclr4                          0x000004ad   Thumb Code     0  rt_memclr_w.o(.text)
    __aeabi_memclr8                          0x000004ad   Thumb Code     0  rt_memclr_w.o(.text)
    __rt_memclr_w                            0x000004ad   Thumb Code     0  rt_memclr_w.o(.text)
    _memset_w                                0x000004b1   Thumb Code    74  rt_memclr_w.o(.text)
    __use_two_region_memory                  0x000004fb   Thumb Code     2  heapauxi.o(.text)
    __rt_heap_escrow$2region                 0x000004fd   Thumb Code     2  heapauxi.o(.text)
    __rt_heap_expand$2region                 0x000004ff   Thumb Code     2  heapauxi.o(.text)
    exit                                     0x00000501   Thumb Code    18  exit.o(.text)
    __I$use$semihosting                      0x00000513   Thumb Code     0  use_no_semi.o(.text)
    __use_no_semihosting_swi                 0x00000513   Thumb Code     2  use_no_semi.o(.text)
    __semihosting_library_function           0x00000515   Thumb Code     0  indicate_semi.o(.text)
    _sys_exit                                0x00000515   Thumb Code     8  sys_exit.o(.text)
    GetHighestPrioFromPrioTable              0x00000521   Thumb Code    68  priority.o(.text.GetHighestPrioFromPrioTable)
    InitPrioTable                            0x00000565   Thumb Code    14  priority.o(.text.InitPrioTable)
    InitReadyList                            0x00000575   Thumb Code    20  priority.o(.text.InitReadyList)
    InitTickSpokeList                        0x00000589   Thumb Code    18  systick.o(.text.InitTickSpokeList)
    InsertNodeToReadyListTail                0x0000059d   Thumb Code    98  priority.o(.text.InsertNodeToReadyListTail)
    MoveHeadToTailInReadList                 0x00000601   Thumb Code    38  priority.o(.text.MoveHeadToTailInReadList)
    RemoveNodeFromReadyList                  0x00000629   Thumb Code   136  priority.o(.text.RemoveNodeFromReadyList)
    SetBitToPrioTable                        0x000006b1   Thumb Code    36  priority.o(.text.SetBitToPrioTable)
    SysTick_Handler                          0x000006d5   Thumb Code    54  sys_tick.o(.text.SysTick_Handler)
    SystemInit                               0x0000070d   Thumb Code    38  system_armcm3.o(.text.SystemInit)
    UpdateToTickSpokeList                    0x00000735   Thumb Code   114  systick.o(.text.UpdateToTickSpokeList)
    _MK_Idle_Init_                           0x000007a9   Thumb Code    56  idle.o(.text._MK_Idle_Init_)
    _MK_TaskSwitch_                          0x000007e9   Thumb Code    60  scheduler.o(.text._MK_TaskSwitch_)
    _MK_TaskTimeSliceSched                   0x00000825   Thumb Code    52  scheduler.o(.text._MK_TaskTimeSliceSched)
    __MK_Main                                0x00000859   Thumb Code   144  system.o(.text.__MK_Main)
    main                                     0x000008f1   Thumb Code   172  main.o(.text.main)
    main_task                                0x000009b5   Thumb Code    14  system.o(.text.main_task)
    mk_SystickInit                           0x000009c5   Thumb Code    64  sys_tick.o(.text.mk_SystickInit)
    mk_TaskInit                              0x00000a05   Thumb Code   170  mktask.o(.text.mk_TaskInit)
    mk_Task_Delete                           0x00000ab1   Thumb Code    46  mktask.o(.text.mk_Task_Delete)
    mk_Task_Init                             0x00000ae1   Thumb Code   202  mktask.o(.text.mk_Task_Init)
    mk_delay_ms                              0x00000bad   Thumb Code   154  systick.o(.text.mk_delay_ms)
    mk_idle_task                             0x00000c49   Thumb Code     2  idle.o(.text.mk_idle_task)
    mk_strlen                                0x00000c4d   Thumb Code    30  mkstr.o(.text.mk_strlen)
    mk_strncpy                               0x00000c6d   Thumb Code    50  mkstr.o(.text.mk_strncpy)
    task1                                    0x00000ca1   Thumb Code    30  main.o(.text.task1)
    task2                                    0x00000cc1   Thumb Code    18  main.o(.text.task2)
    task3                                    0x00000cd5   Thumb Code    18  main.o(.text.task3)
    _MK_RTOS_RUN_                            0x00000ce9   Thumb Code    24  cpu.o(CODE)
    _TriggerPendSV_                          0x00000d01   Thumb Code     8  cpu.o(CODE)
    PendSV_Handler                           0x00000d09   Thumb Code    16  cpu.o(CODE)
    Region$$Table$$Base                      0x00000d44   Number         0  anon$$obj.o(Region$$Table)
    Region$$Table$$Limit                     0x00000d64   Number         0  anon$$obj.o(Region$$Table)
    SystemCoreClock                          0x20000000   Data           4  system_armcm3.o(.data.SystemCoreClock)
    MK_TickCtr                               0x20000008   Data           4  systick.o(.bss.MK_TickCtr)
    MK_TickSpokeList                         0x2000000c   Data         192  mktype.o(.bss.MK_TickSpokeList)
    _MK_Current_Pro_                         0x200000cc   Data           4  mktype.o(.bss._MK_Current_Pro_)
    _MK_Highest_Prio_Index                   0x200000d0   Data           4  mktype.o(.bss._MK_Highest_Prio_Index)
    _MK_Highest_Pro_                         0x200000d4   Data           4  mktype.o(.bss._MK_Highest_Pro_)
    _MK_PrioTable                            0x200000d8   Data           4  mktype.o(.bss._MK_PrioTable)
    _MK_ReadyList                            0x200000dc   Data         384  mktype.o(.bss._MK_ReadyList)
    bit1                                     0x2000025c   Data           4  main.o(.bss.bit1)
    bit2                                     0x20000260   Data           4  main.o(.bss.bit2)
    bit3                                     0x20000264   Data           4  main.o(.bss.bit3)
    idletask                                 0x20000268   Data          56  idle.o(.bss.idletask)
    maintask                                 0x20000320   Data          56  system.o(.bss.maintask)
    task1_s                                  0x20000b58   Data          88  main.o(.bss.task1_s)
    task2_s                                  0x20000bb0   Data          88  main.o(.bss.task2_s)
    task3_s                                  0x20000c08   Data          88  main.o(.bss.task3_s)
    taskEnv1                                 0x20000c60   Data        2048  main.o(.bss.taskEnv1)
    taskEnv2                                 0x20001460   Data        2048  main.o(.bss.taskEnv2)
    taskEnv3                                 0x20001c60   Data        2048  main.o(.bss.taskEnv3)
    __stack_limit                            0x20002460   Data           0  startup_armcm3.o(STACK)
    __initial_sp                             0x20002860   Data           0  startup_armcm3.o(STACK)



==============================================================================

Memory Map of the image

  Image Entry point : 0x000003c1

  Load Region LR_IROM1 (Base: 0x00000000, Size: 0x00000d70, Max: 0x00040000, ABSOLUTE)

    Execution Region ER_IROM1 (Exec base: 0x00000000, Load base: 0x00000000, Size: 0x00000d64, Max: 0x00040000, ABSOLUTE)

    Exec Addr    Load Addr    Size         Type   Attr      Idx    E Section Name        Object

    0x00000000   0x00000000   0x000003c0   Data   RO          179    RESET               startup_armcm3.o
    0x000003c0   0x000003c0   0x00000008   Code   RO          202  * !!!main             c_w.l(__main.o)
    0x000003c8   0x000003c8   0x00000034   Code   RO          380    !!!scatter          c_w.l(__scatter.o)
    0x000003fc   0x000003fc   0x0000001a   Code   RO          382    !!handler_copy      c_w.l(__scatter_copy.o)
    0x00000416   0x00000416   0x00000002   PAD
    0x00000418   0x00000418   0x0000001c   Code   RO          384    !!handler_zi        c_w.l(__scatter_zi.o)
    0x00000434   0x00000434   0x00000002   Code   RO          234    .ARM.Collect$$libinit$$00000000  c_w.l(libinit.o)
    0x00000436   0x00000436   0x00000000   Code   RO          245    .ARM.Collect$$libinit$$00000002  c_w.l(libinit2.o)
    0x00000436   0x00000436   0x00000000   Code   RO          247    .ARM.Collect$$libinit$$00000004  c_w.l(libinit2.o)
    0x00000436   0x00000436   0x00000000   Code   RO          249    .ARM.Collect$$libinit$$00000006  c_w.l(libinit2.o)
    0x00000436   0x00000436   0x00000000   Code   RO          252    .ARM.Collect$$libinit$$0000000C  c_w.l(libinit2.o)
    0x00000436   0x00000436   0x00000000   Code   RO          254    .ARM.Collect$$libinit$$0000000E  c_w.l(libinit2.o)
    0x00000436   0x00000436   0x00000000   Code   RO          256    .ARM.Collect$$libinit$$00000010  c_w.l(libinit2.o)
    0x00000436   0x00000436   0x00000000   Code   RO          259    .ARM.Collect$$libinit$$00000013  c_w.l(libinit2.o)
    0x00000436   0x00000436   0x00000000   Code   RO          261    .ARM.Collect$$libinit$$00000015  c_w.l(libinit2.o)
    0x00000436   0x00000436   0x00000000   Code   RO          263    .ARM.Collect$$libinit$$00000017  c_w.l(libinit2.o)
    0x00000436   0x00000436   0x00000000   Code   RO          265    .ARM.Collect$$libinit$$00000019  c_w.l(libinit2.o)
    0x00000436   0x00000436   0x00000000   Code   RO          267    .ARM.Collect$$libinit$$0000001B  c_w.l(libinit2.o)
    0x00000436   0x00000436   0x00000000   Code   RO          269    .ARM.Collect$$libinit$$0000001D  c_w.l(libinit2.o)
    0x00000436   0x00000436   0x00000000   Code   RO          271    .ARM.Collect$$libinit$$0000001F  c_w.l(libinit2.o)
    0x00000436   0x00000436   0x00000000   Code   RO          273    .ARM.Collect$$libinit$$00000021  c_w.l(libinit2.o)
    0x00000436   0x00000436   0x00000000   Code   RO          275    .ARM.Collect$$libinit$$00000023  c_w.l(libinit2.o)
    0x00000436   0x00000436   0x00000000   Code   RO          277    .ARM.Collect$$libinit$$00000025  c_w.l(libinit2.o)
    0x00000436   0x00000436   0x00000000   Code   RO          279    .ARM.Collect$$libinit$$00000027  c_w.l(libinit2.o)
    0x00000436   0x00000436   0x00000000   Code   RO          283    .ARM.Collect$$libinit$$0000002E  c_w.l(libinit2.o)
    0x00000436   0x00000436   0x00000000   Code   RO          285    .ARM.Collect$$libinit$$00000030  c_w.l(libinit2.o)
    0x00000436   0x00000436   0x00000000   Code   RO          287    .ARM.Collect$$libinit$$00000032  c_w.l(libinit2.o)
    0x00000436   0x00000436   0x00000000   Code   RO          289    .ARM.Collect$$libinit$$00000034  c_w.l(libinit2.o)
    0x00000436   0x00000436   0x00000002   Code   RO          290    .ARM.Collect$$libinit$$00000035  c_w.l(libinit2.o)
    0x00000438   0x00000438   0x00000002   Code   RO          319    .ARM.Collect$$libshutdown$$00000000  c_w.l(libshutdown.o)
    0x0000043a   0x0000043a   0x00000000   Code   RO          331    .ARM.Collect$$libshutdown$$00000002  c_w.l(libshutdown2.o)
    0x0000043a   0x0000043a   0x00000000   Code   RO          333    .ARM.Collect$$libshutdown$$00000004  c_w.l(libshutdown2.o)
    0x0000043a   0x0000043a   0x00000000   Code   RO          336    .ARM.Collect$$libshutdown$$00000007  c_w.l(libshutdown2.o)
    0x0000043a   0x0000043a   0x00000000   Code   RO          339    .ARM.Collect$$libshutdown$$0000000A  c_w.l(libshutdown2.o)
    0x0000043a   0x0000043a   0x00000000   Code   RO          341    .ARM.Collect$$libshutdown$$0000000C  c_w.l(libshutdown2.o)
    0x0000043a   0x0000043a   0x00000000   Code   RO          344    .ARM.Collect$$libshutdown$$0000000F  c_w.l(libshutdown2.o)
    0x0000043a   0x0000043a   0x00000002   Code   RO          345    .ARM.Collect$$libshutdown$$00000010  c_w.l(libshutdown2.o)
    0x0000043c   0x0000043c   0x00000000   Code   RO          204    .ARM.Collect$$rtentry$$00000000  c_w.l(__rtentry.o)
    0x0000043c   0x0000043c   0x00000000   Code   RO          206    .ARM.Collect$$rtentry$$00000002  c_w.l(__rtentry2.o)
    0x0000043c   0x0000043c   0x00000004   Code   RO          220    .ARM.Collect$$rtentry$$00000005  c_w.l(__rtentry5.o)
    0x00000440   0x00000440   0x00000000   Code   RO          208    .ARM.Collect$$rtentry$$00000009  c_w.l(__rtentry2.o)
    0x00000440   0x00000440   0x00000004   Code   RO          209    .ARM.Collect$$rtentry$$0000000A  c_w.l(__rtentry2.o)
    0x00000444   0x00000444   0x00000000   Code   RO          211    .ARM.Collect$$rtentry$$0000000C  c_w.l(__rtentry2.o)
    0x00000444   0x00000444   0x00000008   Code   RO          212    .ARM.Collect$$rtentry$$0000000D  c_w.l(__rtentry2.o)
    0x0000044c   0x0000044c   0x00000004   Code   RO          221    .ARM.Collect$$rtentry$$00002716  c_w.l(__rtentry5.o)
    0x00000450   0x00000450   0x00000002   Code   RO          242    .ARM.Collect$$rtexit$$00000000  c_w.l(rtexit.o)
    0x00000452   0x00000452   0x00000000   Code   RO          299    .ARM.Collect$$rtexit$$00000002  c_w.l(rtexit2.o)
    0x00000452   0x00000452   0x00000004   Code   RO          300    .ARM.Collect$$rtexit$$00000003  c_w.l(rtexit2.o)
    0x00000456   0x00000456   0x00000006   Code   RO          301    .ARM.Collect$$rtexit$$00000004  c_w.l(rtexit2.o)
    0x0000045c   0x0000045c   0x00000016   Code   RO          161    .text               cpu_1.o
    0x00000472   0x00000472   0x00000002   PAD
    0x00000474   0x00000474   0x00000038   Code   RO          180    .text               startup_armcm3.o
    0x000004ac   0x000004ac   0x0000004e   Code   RO          198    .text               c_w.l(rt_memclr_w.o)
    0x000004fa   0x000004fa   0x00000006   Code   RO          200    .text               c_w.l(heapauxi.o)
    0x00000500   0x00000500   0x00000012   Code   RO          227    .text               c_w.l(exit.o)
    0x00000512   0x00000512   0x00000002   Code   RO          295    .text               c_w.l(use_no_semi.o)
    0x00000514   0x00000514   0x00000000   Code   RO          297    .text               c_w.l(indicate_semi.o)
    0x00000514   0x00000514   0x0000000c   Code   RO          309    .text               c_w.l(sys_exit.o)
    0x00000520   0x00000520   0x00000044   Code   RO           90    .text.GetHighestPrioFromPrioTable  priority.o
    0x00000564   0x00000564   0x0000000e   Code   RO           84    .text.InitPrioTable  priority.o
    0x00000572   0x00000572   0x00000002   PAD
    0x00000574   0x00000574   0x00000014   Code   RO           70    .text.InitReadyList  priority.o
    0x00000588   0x00000588   0x00000012   Code   RO          129    .text.InitTickSpokeList  systick.o
    0x0000059a   0x0000059a   0x00000002   PAD
    0x0000059c   0x0000059c   0x00000062   Code   RO           76    .text.InsertNodeToReadyListTail  priority.o
    0x000005fe   0x000005fe   0x00000002   PAD
    0x00000600   0x00000600   0x00000026   Code   RO           78    .text.MoveHeadToTailInReadList  priority.o
    0x00000626   0x00000626   0x00000002   PAD
    0x00000628   0x00000628   0x00000088   Code   RO           80    .text.RemoveNodeFromReadyList  priority.o
    0x000006b0   0x000006b0   0x00000024   Code   RO           74    .text.SetBitToPrioTable  priority.o
    0x000006d4   0x000006d4   0x00000036   Code   RO          168    .text.SysTick_Handler  sys_tick.o
    0x0000070a   0x0000070a   0x00000002   PAD
    0x0000070c   0x0000070c   0x00000026   Code   RO          187    .text.SystemInit    system_armcm3.o
    0x00000732   0x00000732   0x00000002   PAD
    0x00000734   0x00000734   0x00000072   Code   RO          133    .text.UpdateToTickSpokeList  systick.o
    0x000007a6   0x000007a6   0x00000002   PAD
    0x000007a8   0x000007a8   0x00000040   Code   RO           34    .text._MK_Idle_Init_  idle.o
    0x000007e8   0x000007e8   0x0000003c   Code   RO          100    .text._MK_TaskSwitch_  scheduler.o
    0x00000824   0x00000824   0x00000034   Code   RO          102    .text._MK_TaskTimeSliceSched  scheduler.o
    0x00000858   0x00000858   0x00000098   Code   RO          114    .text.__MK_Main     system.o
    0x000008f0   0x000008f0   0x000000c4   Code   RO           10    .text.main          main.o
    0x000009b4   0x000009b4   0x0000000e   Code   RO          112    .text.main_task     system.o
    0x000009c2   0x000009c2   0x00000002   PAD
    0x000009c4   0x000009c4   0x00000040   Code   RO          166    .text.mk_SystickInit  sys_tick.o
    0x00000a04   0x00000a04   0x000000aa   Code   RO           45    .text.mk_TaskInit   mktask.o
    0x00000aae   0x00000aae   0x00000002   PAD
    0x00000ab0   0x00000ab0   0x0000002e   Code   RO           49    .text.mk_Task_Delete  mktask.o
    0x00000ade   0x00000ade   0x00000002   PAD
    0x00000ae0   0x00000ae0   0x000000ca   Code   RO           47    .text.mk_Task_Init  mktask.o
    0x00000baa   0x00000baa   0x00000002   PAD
    0x00000bac   0x00000bac   0x0000009a   Code   RO          125    .text.mk_delay_ms   systick.o
    0x00000c46   0x00000c46   0x00000002   PAD
    0x00000c48   0x00000c48   0x00000002   Code   RO           32    .text.mk_idle_task  idle.o
    0x00000c4a   0x00000c4a   0x00000002   PAD
    0x00000c4c   0x00000c4c   0x0000001e   Code   RO          146    .text.mk_strlen     mkstr.o
    0x00000c6a   0x00000c6a   0x00000002   PAD
    0x00000c6c   0x00000c6c   0x00000032   Code   RO          144    .text.mk_strncpy    mkstr.o
    0x00000c9e   0x00000c9e   0x00000002   PAD
    0x00000ca0   0x00000ca0   0x0000001e   Code   RO            4    .text.task1         main.o
    0x00000cbe   0x00000cbe   0x00000002   PAD
    0x00000cc0   0x00000cc0   0x00000012   Code   RO            6    .text.task2         main.o
    0x00000cd2   0x00000cd2   0x00000002   PAD
    0x00000cd4   0x00000cd4   0x00000012   Code   RO            8    .text.task3         main.o
    0x00000ce6   0x00000ce6   0x00000002   PAD
    0x00000ce8   0x00000ce8   0x0000005c   Code   RO          155    CODE                cpu.o
    0x00000d44   0x00000d44   0x00000020   Data   RO          379    Region$$Table       anon$$obj.o


    Execution Region RW_IRAM1 (Exec base: 0x20000000, Load base: 0x00000d68, Size: 0x00002860, Max: 0x00020000, ABSOLUTE)

    Exec Addr    Load Addr    Size         Type   Attr      Idx    E Section Name        Object

    0x20000000   0x00000d68   0x00000004   Data   RW          189    .data.SystemCoreClock  system_armcm3.o
    0x20000004   0x00000d6c   0x00000004   PAD
    0x20000008        -       0x00000004   Zero   RW          135    .bss.MK_TickCtr     systick.o
    0x2000000c        -       0x000000c0   Zero   RW           64    .bss.MK_TickSpokeList  mktype.o
    0x200000cc        -       0x00000004   Zero   RW           60    .bss._MK_Current_Pro_  mktype.o
    0x200000d0        -       0x00000004   Zero   RW           59    .bss._MK_Highest_Prio_Index  mktype.o
    0x200000d4        -       0x00000004   Zero   RW           61    .bss._MK_Highest_Pro_  mktype.o
    0x200000d8        -       0x00000004   Zero   RW           63    .bss._MK_PrioTable  mktype.o
    0x200000dc        -       0x00000180   Zero   RW           62    .bss._MK_ReadyList  mktype.o
    0x2000025c        -       0x00000004   Zero   RW           12    .bss.bit1           main.o
    0x20000260        -       0x00000004   Zero   RW           13    .bss.bit2           main.o
    0x20000264        -       0x00000004   Zero   RW           14    .bss.bit3           main.o
    0x20000268        -       0x00000038   Zero   RW           36    .bss.idletask       idle.o
    0x200002a0        -       0x00000080   Zero   RW           37    .bss.idletaskEnv    idle.o
    0x20000320        -       0x00000038   Zero   RW          116    .bss.maintask       system.o
    0x20000358        -       0x00000800   Zero   RW          117    .bss.maintaskEnv    system.o
    0x20000b58        -       0x00000058   Zero   RW           15    .bss.task1_s        main.o
    0x20000bb0        -       0x00000058   Zero   RW           16    .bss.task2_s        main.o
    0x20000c08        -       0x00000058   Zero   RW           17    .bss.task3_s        main.o
    0x20000c60        -       0x00000800   Zero   RW           18    .bss.taskEnv1       main.o
    0x20001460        -       0x00000800   Zero   RW           19    .bss.taskEnv2       main.o
    0x20001c60        -       0x00000800   Zero   RW           20    .bss.taskEnv3       main.o
    0x20002460        -       0x00000400   Zero   RW          177    STACK               startup_armcm3.o


==============================================================================

Image component sizes


      Code (inc. data)   RO Data    RW Data    ZI Data      Debug   Object Name

        92         16          0          0          0        500   cpu.o
        22          0          0          0          0        468   cpu_1.o
        66          8          0          0        184       1583   idle.o
       262         24          0          0       6420       2455   main.o
        80          0          0          0          0       1069   mkstr.o
       418          0          0          0          0       3831   mktask.o
         0          0          0          0        592       1484   mktype.o
       410          0          0          0          0       4981   priority.o
       112          0          0          0          0       1727   scheduler.o
        56         10        960          0       1024       1156   startup_armcm3.o
       118          0          0          0          0       2897   sys_tick.o
       166          8          0          0       2104       1643   system.o
        38          0          0          4          0       1383   system_armcm3.o
       286          0          0          0          4       3915   systick.o

    ----------------------------------------------------------------------
      2164         66        992          4      10332      29092   Object Totals
         0          0         32          0          0          0   (incl. Generated)
        38          0          0          0          4          0   (incl. Padding)

    ----------------------------------------------------------------------

      Code (inc. data)   RO Data    RW Data    ZI Data      Debug   Library Member Name

         8          0          0          0          0         68   __main.o
         0          0          0          0          0          0   __rtentry.o
        12          0          0          0          0          0   __rtentry2.o
         8          4          0          0          0          0   __rtentry5.o
        52          8          0          0          0          0   __scatter.o
        26          0          0          0          0          0   __scatter_copy.o
        28          0          0          0          0          0   __scatter_zi.o
        18          0          0          0          0         80   exit.o
         6          0          0          0          0        152   heapauxi.o
         0          0          0          0          0          0   indicate_semi.o
         2          0          0          0          0          0   libinit.o
         2          0          0          0          0          0   libinit2.o
         2          0          0          0          0          0   libshutdown.o
         2          0          0          0          0          0   libshutdown2.o
        78          0          0          0          0         80   rt_memclr_w.o
         2          0          0          0          0          0   rtexit.o
        10          0          0          0          0          0   rtexit2.o
        12          4          0          0          0         68   sys_exit.o
         2          0          0          0          0         68   use_no_semi.o

    ----------------------------------------------------------------------
       272         16          0          0          0        516   Library Totals
         2          0          0          0          0          0   (incl. Padding)

    ----------------------------------------------------------------------

      Code (inc. data)   RO Data    RW Data    ZI Data      Debug   Library Name

       270         16          0          0          0        516   c_w.l

    ----------------------------------------------------------------------
       272         16          0          0          0        516   Library Totals

    ----------------------------------------------------------------------

==============================================================================


      Code (inc. data)   RO Data    RW Data    ZI Data      Debug   

      2436         82        992          4      10332      29268   Grand Totals
      2436         82        992          4      10332      29268   ELF Image Totals
      2436         82        992          4          0          0   ROM Totals

==============================================================================

    Total RO  Size (Code + RO Data)                 3428 (   3.35kB)
    Total RW  Size (RW Data + ZI Data)             10336 (  10.09kB)
    Total ROM Size (Code + RO Data + RW Data)       3432 (   3.35kB)

==============================================================================

