Component: Arm Compiler for Embedded 6.18 Tool: armlink [5e4cc100]

==============================================================================

Section Cross References

    main.o(.text.task1) refers to main.o(.bss.bit1) for bit1
    main.o(.text.task1) refers to delay.o(.text.mk_delay_ms) for mk_delay_ms
    main.o(.ARM.exidx.text.task1) refers to main.o(.text.task1) for [Anonymous Symbol]
    main.o(.text.task2) refers to main.o(.bss.bit2) for bit2
    main.o(.text.task2) refers to delay.o(.text.mk_delay_ms) for mk_delay_ms
    main.o(.ARM.exidx.text.task2) refers to main.o(.text.task2) for [Anonymous Symbol]
    main.o(.text.task3) refers to main.o(.bss.bit3) for bit3
    main.o(.text.task3) refers to delay.o(.text.mk_delay_ms) for mk_delay_ms
    main.o(.ARM.exidx.text.task3) refers to main.o(.text.task3) for [Anonymous Symbol]
    main.o(.text.main) refers to main.o(.bss.taskEnv1) for taskEnv1
    main.o(.text.main) refers to main.o(.bss.task_1) for task_1
    main.o(.text.main) refers to main.o(.text.task1) for task1
    main.o(.text.main) refers to system.o(.text.mk_TaskInit) for mk_TaskInit
    main.o(.text.main) refers to main.o(.bss.taskEnv2) for taskEnv2
    main.o(.text.main) refers to main.o(.bss.task_2) for task_2
    main.o(.text.main) refers to main.o(.text.task2) for task2
    main.o(.text.main) refers to main.o(.bss.taskEnv3) for taskEnv3
    main.o(.text.main) refers to main.o(.bss.task_3) for task_3
    main.o(.text.main) refers to main.o(.text.task3) for task3
    main.o(.ARM.exidx.text.main) refers to main.o(.text.main) for [Anonymous Symbol]
    delay.o(.text.mk_delay_ms) refers to cpu_1.o(.text) for _MK_SR_Save_
    delay.o(.text.mk_delay_ms) refers to mktype.o(.bss._MK_Current_Pro_) for _MK_Current_Pro_
    delay.o(.text.mk_delay_ms) refers to priority.o(.text.ClearBitToPrioTable) for ClearBitToPrioTable
    delay.o(.text.mk_delay_ms) refers to switch.o(.text._mk_task_switch_) for _mk_task_switch_
    delay.o(.ARM.exidx.text.mk_delay_ms) refers to delay.o(.text.mk_delay_ms) for [Anonymous Symbol]
    idle.o(.ARM.exidx.text.mk_idle_task) refers to idle.o(.text.mk_idle_task) for [Anonymous Symbol]
    idle.o(.text._MK_Idle_Init_) refers to idle.o(.bss.idletaskEnv) for idletaskEnv
    idle.o(.text._MK_Idle_Init_) refers to idle.o(.bss.idletask) for idletask
    idle.o(.text._MK_Idle_Init_) refers to idle.o(.text.mk_idle_task) for mk_idle_task
    idle.o(.text._MK_Idle_Init_) refers to system.o(.text.mk_TaskInit) for mk_TaskInit
    idle.o(.ARM.exidx.text._MK_Idle_Init_) refers to idle.o(.text._MK_Idle_Init_) for [Anonymous Symbol]
    priority.o(.text.InitReadyList) refers to mktype.o(.bss._MK_ReadyList) for _MK_ReadyList
    priority.o(.text.InitReadyList) refers to rt_memclr_w.o(.text) for __aeabi_memclr4
    priority.o(.ARM.exidx.text.InitReadyList) refers to priority.o(.text.InitReadyList) for [Anonymous Symbol]
    priority.o(.text.InsertNodeToReadyListHead) refers to mktype.o(.bss._MK_ReadyList) for _MK_ReadyList
    priority.o(.text.InsertNodeToReadyListHead) refers to mktype.o(.bss._MK_PrioTable) for _MK_PrioTable
    priority.o(.ARM.exidx.text.InsertNodeToReadyListHead) refers to priority.o(.text.InsertNodeToReadyListHead) for [Anonymous Symbol]
    priority.o(.text.SetBitToPrioTable) refers to mktype.o(.bss._MK_PrioTable) for _MK_PrioTable
    priority.o(.ARM.exidx.text.SetBitToPrioTable) refers to priority.o(.text.SetBitToPrioTable) for [Anonymous Symbol]
    priority.o(.text.InsertNodeToReadyListTail) refers to mktype.o(.bss._MK_ReadyList) for _MK_ReadyList
    priority.o(.text.InsertNodeToReadyListTail) refers to mktype.o(.bss._MK_PrioTable) for _MK_PrioTable
    priority.o(.ARM.exidx.text.InsertNodeToReadyListTail) refers to priority.o(.text.InsertNodeToReadyListTail) for [Anonymous Symbol]
    priority.o(.ARM.exidx.text.MoveHeadToTailInReadList) refers to priority.o(.text.MoveHeadToTailInReadList) for [Anonymous Symbol]
    priority.o(.text.RemoveNodeFromReadyList) refers to mktype.o(.bss._MK_ReadyList) for _MK_ReadyList
    priority.o(.text.RemoveNodeFromReadyList) refers to mktype.o(.bss._MK_PrioTable) for _MK_PrioTable
    priority.o(.ARM.exidx.text.RemoveNodeFromReadyList) refers to priority.o(.text.RemoveNodeFromReadyList) for [Anonymous Symbol]
    priority.o(.text.ClearBitToPrioTable) refers to mktype.o(.bss._MK_PrioTable) for _MK_PrioTable
    priority.o(.ARM.exidx.text.ClearBitToPrioTable) refers to priority.o(.text.ClearBitToPrioTable) for [Anonymous Symbol]
    priority.o(.text.InitPrioTable) refers to mktype.o(.bss._MK_PrioTable) for _MK_PrioTable
    priority.o(.ARM.exidx.text.InitPrioTable) refers to priority.o(.text.InitPrioTable) for [Anonymous Symbol]
    priority.o(.ARM.exidx.text._MK_FindFirstBit_) refers to priority.o(.text._MK_FindFirstBit_) for [Anonymous Symbol]
    priority.o(.ARM.exidx.text._MK_FindFirstBit) refers to priority.o(.text._MK_FindFirstBit) for [Anonymous Symbol]
    priority.o(.text.GetHighestPrioFromPrioTable) refers to mktype.o(.bss._MK_PrioTable) for _MK_PrioTable
    priority.o(.ARM.exidx.text.GetHighestPrioFromPrioTable) refers to priority.o(.text.GetHighestPrioFromPrioTable) for [Anonymous Symbol]
    priority.o(.ARM.exidx.text.InitDelayList) refers to priority.o(.text.InitDelayList) for [Anonymous Symbol]
    priority.o(.ARM.exidx.text.InsertNodeToDelayList) refers to priority.o(.text.InsertNodeToDelayList) for [Anonymous Symbol]
    priority.o(.ARM.exidx.text.FindFromDelayList) refers to priority.o(.text.FindFromDelayList) for [Anonymous Symbol]
    priority.o(.ARM.exidx.text.SubDelayList) refers to priority.o(.text.SubDelayList) for [Anonymous Symbol]
    switch.o(.text._mk_task_switch_) refers to cpu_1.o(.text) for _MK_SR_Save_
    switch.o(.text._mk_task_switch_) refers to priority.o(.text.GetHighestPrioFromPrioTable) for GetHighestPrioFromPrioTable
    switch.o(.text._mk_task_switch_) refers to mktype.o(.bss._MK_Highest_Prio_Index) for _MK_Highest_Prio_Index
    switch.o(.text._mk_task_switch_) refers to mktype.o(.bss._MK_ReadyList) for _MK_ReadyList
    switch.o(.text._mk_task_switch_) refers to mktype.o(.bss._MK_Highest_Pro_) for _MK_Highest_Pro_
    switch.o(.text._mk_task_switch_) refers to cpu.o(CODE) for _TriggerPendSV_
    switch.o(.ARM.exidx.text._mk_task_switch_) refers to switch.o(.text._mk_task_switch_) for [Anonymous Symbol]
    system.o(.text.mk_TaskInit) refers to cpu_1.o(.text) for _MK_SR_Save_
    system.o(.text.mk_TaskInit) refers to priority.o(.text.InsertNodeToReadyListTail) for InsertNodeToReadyListTail
    system.o(.text.mk_TaskInit) refers to priority.o(.text.SetBitToPrioTable) for SetBitToPrioTable
    system.o(.ARM.exidx.text.mk_TaskInit) refers to system.o(.text.mk_TaskInit) for [Anonymous Symbol]
    system.o(.text.__MK_Main) refers to cpu_1.o(.text) for _CPU_InterruptDisable_
    system.o(.text.__MK_Main) refers to systick.o(.text.mk_SystickInit) for mk_SystickInit
    system.o(.text.__MK_Main) refers to mktype.o(.bss._MK_Current_Pro_) for _MK_Current_Pro_
    system.o(.text.__MK_Main) refers to mktype.o(.bss._MK_Highest_Pro_) for _MK_Highest_Pro_
    system.o(.text.__MK_Main) refers to priority.o(.text.InitPrioTable) for InitPrioTable
    system.o(.text.__MK_Main) refers to priority.o(.text.InitReadyList) for InitReadyList
    system.o(.text.__MK_Main) refers to priority.o(.text.InitDelayList) for InitDelayList
    system.o(.text.__MK_Main) refers to idle.o(.text._MK_Idle_Init_) for _MK_Idle_Init_
    system.o(.text.__MK_Main) refers (Weak) to main.o(.text.main) for main
    system.o(.text.__MK_Main) refers to priority.o(.text.GetHighestPrioFromPrioTable) for GetHighestPrioFromPrioTable
    system.o(.text.__MK_Main) refers to mktype.o(.bss._MK_ReadyList) for _MK_ReadyList
    system.o(.text.__MK_Main) refers to mktype.o(.bss._MK_Highest_Prio_Index) for _MK_Highest_Prio_Index
    system.o(.text.__MK_Main) refers to cpu.o(CODE) for _MK_RTOS_RUN_
    system.o(.ARM.exidx.text.__MK_Main) refers to system.o(.text.__MK_Main) for [Anonymous Symbol]
    list.o(.ARM.exidx.text.InsertNode) refers to list.o(.text.InsertNode) for [Anonymous Symbol]
    list.o(.ARM.exidx.text.FindNode) refers to list.o(.text.FindNode) for [Anonymous Symbol]
    list.o(.ARM.exidx.text.DeleteNode) refers to list.o(.text.DeleteNode) for [Anonymous Symbol]
    str.o(.ARM.exidx.text.mk_Strncopy) refers to str.o(.text.mk_Strncopy) for [Anonymous Symbol]
    str.o(.ARM.exidx.text.mk_Strlen) refers to str.o(.text.mk_Strlen) for [Anonymous Symbol]
    cpu.o(CODE) refers to mktype.o(.bss._MK_Current_Pro_) for _MK_Current_Pro_
    cpu.o(CODE) refers to mktype.o(.bss._MK_Highest_Pro_) for _MK_Highest_Pro_
    systick.o(.text.mk_SystickInit) refers to system_armcm3.o(.data.SystemCoreClock) for SystemCoreClock
    systick.o(.ARM.exidx.text.mk_SystickInit) refers to systick.o(.text.mk_SystickInit) for [Anonymous Symbol]
    systick.o(.text.SysTick_Handler) refers to cpu_1.o(.text) for _MK_SR_Save_
    systick.o(.text.SysTick_Handler) refers to mktype.o(.bss._MK_ReadyList) for _MK_ReadyList
    systick.o(.text.SysTick_Handler) refers to priority.o(.text.SetBitToPrioTable) for SetBitToPrioTable
    systick.o(.text.SysTick_Handler) refers to switch.o(.text._mk_task_switch_) for _mk_task_switch_
    systick.o(.ARM.exidx.text.SysTick_Handler) refers to systick.o(.text.SysTick_Handler) for [Anonymous Symbol]
    startup_armcm3.o(STACK) refers (Special) to heapauxi.o(.text) for __use_two_region_memory
    startup_armcm3.o(HEAP) refers (Special) to heapauxi.o(.text) for __use_two_region_memory
    startup_armcm3.o(RESET) refers (Special) to heapauxi.o(.text) for __use_two_region_memory
    startup_armcm3.o(RESET) refers to startup_armcm3.o(STACK) for __initial_sp
    startup_armcm3.o(RESET) refers to startup_armcm3.o(.text) for Reset_Handler
    startup_armcm3.o(RESET) refers to cpu.o(CODE) for PendSV_Handler
    startup_armcm3.o(RESET) refers to systick.o(.text.SysTick_Handler) for SysTick_Handler
    startup_armcm3.o(.text) refers (Special) to heapauxi.o(.text) for __use_two_region_memory
    startup_armcm3.o(.text) refers to system_armcm3.o(.text.SystemInit) for SystemInit
    startup_armcm3.o(.text) refers to system.o(.text.__MK_Main) for __MK_Main
    system_armcm3.o(.text.SystemCoreClockUpdate) refers to system_armcm3.o(.data.SystemCoreClock) for SystemCoreClock
    system_armcm3.o(.ARM.exidx.text.SystemCoreClockUpdate) refers to system_armcm3.o(.text.SystemCoreClockUpdate) for [Anonymous Symbol]
    system_armcm3.o(.text.SystemInit) refers to startup_armcm3.o(RESET) for __Vectors
    system_armcm3.o(.text.SystemInit) refers to system_armcm3.o(.data.SystemCoreClock) for SystemCoreClock
    system_armcm3.o(.ARM.exidx.text.SystemInit) refers to system_armcm3.o(.text.SystemInit) for [Anonymous Symbol]
    __main.o(!!!main) refers to __rtentry.o(.ARM.Collect$$rtentry$$00000000) for __rt_entry
    __rtentry.o(.ARM.Collect$$rtentry$$00000000) refers (Special) to __rtentry2.o(.ARM.Collect$$rtentry$$0000000A) for __rt_entry_li
    __rtentry.o(.ARM.Collect$$rtentry$$00000000) refers (Special) to __rtentry2.o(.ARM.Collect$$rtentry$$0000000D) for __rt_entry_main
    __rtentry.o(.ARM.Collect$$rtentry$$00000000) refers (Special) to __rtentry2.o(.ARM.Collect$$rtentry$$0000000C) for __rt_entry_postli_1
    __rtentry.o(.ARM.Collect$$rtentry$$00000000) refers (Special) to __rtentry2.o(.ARM.Collect$$rtentry$$00000009) for __rt_entry_postsh_1
    __rtentry.o(.ARM.Collect$$rtentry$$00000000) refers (Special) to __rtentry2.o(.ARM.Collect$$rtentry$$00000002) for __rt_entry_presh_1
    __rtentry.o(.ARM.Collect$$rtentry$$00000000) refers (Special) to __rtentry5.o(.ARM.Collect$$rtentry$$00000005) for __rt_entry_sh
    __rtentry2.o(.ARM.Collect$$rtentry$$00000008) refers to boardinit2.o(.text) for _platform_post_stackheap_init
    __rtentry2.o(.ARM.Collect$$rtentry$$0000000A) refers to libinit.o(.ARM.Collect$$libinit$$00000000) for __rt_lib_init
    __rtentry2.o(.ARM.Collect$$rtentry$$0000000B) refers to boardinit3.o(.text) for _platform_post_lib_init
    __rtentry2.o(.ARM.Collect$$rtentry$$0000000D) refers to main.o(.text.main) for main
    __rtentry2.o(.ARM.Collect$$rtentry$$0000000D) refers to exit.o(.text) for exit
    __rtentry2.o(.ARM.exidx) refers to __rtentry2.o(.ARM.Collect$$rtentry$$00000001) for .ARM.Collect$$rtentry$$00000001
    __rtentry2.o(.ARM.exidx) refers to __rtentry2.o(.ARM.Collect$$rtentry$$00000008) for .ARM.Collect$$rtentry$$00000008
    __rtentry2.o(.ARM.exidx) refers to __rtentry2.o(.ARM.Collect$$rtentry$$0000000A) for .ARM.Collect$$rtentry$$0000000A
    __rtentry2.o(.ARM.exidx) refers to __rtentry2.o(.ARM.Collect$$rtentry$$0000000B) for .ARM.Collect$$rtentry$$0000000B
    __rtentry2.o(.ARM.exidx) refers to __rtentry2.o(.ARM.Collect$$rtentry$$0000000D) for .ARM.Collect$$rtentry$$0000000D
    __rtentry4.o(.ARM.Collect$$rtentry$$00000004) refers to sys_stackheap_outer.o(.text) for __user_setup_stackheap
    __rtentry4.o(.ARM.exidx) refers to __rtentry4.o(.ARM.Collect$$rtentry$$00000004) for .ARM.Collect$$rtentry$$00000004
    __rtentry5.o(.ARM.Collect$$rtentry$$00000005) refers to __rtentry5.o(.ARM.Collect$$rtentry$$00002716) for __lit__00000000
    __rtentry5.o(.ARM.Collect$$rtentry$$00002716) refers to startup_armcm3.o(STACK) for __initial_sp
    __rtentry5.o(__vectab_stack_and_reset_sym_area) refers to startup_armcm3.o(STACK) for __initial_sp
    __rtentry5.o(__vectab_stack_and_reset_sym_area) refers to __main.o(!!!main) for __main
    __rtentry5.o(.ARM.exidx) refers to __rtentry5.o(.ARM.Collect$$rtentry$$00000005) for .ARM.Collect$$rtentry$$00000005
    __rtentry5.o(.ARM.exidx) refers to __rtentry5.o(.ARM.Collect$$rtentry$$00002716) for .ARM.Collect$$rtentry$$00002716
    sys_stackheap_outer.o(.text) refers to libspace.o(.text) for __user_perproc_libspace
    sys_stackheap_outer.o(.text) refers to sys_stackheap.o(.text) for __user_initial_stackheap
    exit.o(.text) refers to rtexit.o(.ARM.Collect$$rtexit$$00000000) for __rt_exit
    libinit.o(.ARM.Collect$$libinit$$00000000) refers (Special) to libinit2.o(.ARM.Collect$$libinit$$00000030) for __rt_lib_init_alloca_1
    libinit.o(.ARM.Collect$$libinit$$00000000) refers (Special) to libinit2.o(.ARM.Collect$$libinit$$0000002E) for __rt_lib_init_argv_1
    libinit.o(.ARM.Collect$$libinit$$00000000) refers (Special) to libinit2.o(.ARM.Collect$$libinit$$0000001D) for __rt_lib_init_atexit_1
    libinit.o(.ARM.Collect$$libinit$$00000000) refers (Special) to libinit2.o(.ARM.Collect$$libinit$$00000023) for __rt_lib_init_clock_1
    libinit.o(.ARM.Collect$$libinit$$00000000) refers (Special) to libinit2.o(.ARM.Collect$$libinit$$00000034) for __rt_lib_init_cpp_1
    libinit.o(.ARM.Collect$$libinit$$00000000) refers (Special) to libinit2.o(.ARM.Collect$$libinit$$00000032) for __rt_lib_init_exceptions_1
    libinit.o(.ARM.Collect$$libinit$$00000000) refers (Special) to libinit2.o(.ARM.Collect$$libinit$$00000002) for __rt_lib_init_fp_1
    libinit.o(.ARM.Collect$$libinit$$00000000) refers (Special) to libinit2.o(.ARM.Collect$$libinit$$00000021) for __rt_lib_init_fp_trap_1
    libinit.o(.ARM.Collect$$libinit$$00000000) refers (Special) to libinit2.o(.ARM.Collect$$libinit$$00000025) for __rt_lib_init_getenv_1
    libinit.o(.ARM.Collect$$libinit$$00000000) refers (Special) to libinit2.o(.ARM.Collect$$libinit$$0000000C) for __rt_lib_init_heap_1
    libinit.o(.ARM.Collect$$libinit$$00000000) refers (Special) to libinit2.o(.ARM.Collect$$libinit$$00000013) for __rt_lib_init_lc_collate_1
    libinit.o(.ARM.Collect$$libinit$$00000000) refers (Special) to libinit2.o(.ARM.Collect$$libinit$$00000015) for __rt_lib_init_lc_ctype_1
    libinit.o(.ARM.Collect$$libinit$$00000000) refers (Special) to libinit2.o(.ARM.Collect$$libinit$$00000017) for __rt_lib_init_lc_monetary_1
    libinit.o(.ARM.Collect$$libinit$$00000000) refers (Special) to libinit2.o(.ARM.Collect$$libinit$$00000019) for __rt_lib_init_lc_numeric_1
    libinit.o(.ARM.Collect$$libinit$$00000000) refers (Special) to libinit2.o(.ARM.Collect$$libinit$$0000001B) for __rt_lib_init_lc_time_1
    libinit.o(.ARM.Collect$$libinit$$00000000) refers (Special) to libinit2.o(.ARM.Collect$$libinit$$00000006) for __rt_lib_init_preinit_1
    libinit.o(.ARM.Collect$$libinit$$00000000) refers (Special) to libinit2.o(.ARM.Collect$$libinit$$00000010) for __rt_lib_init_rand_1
    libinit.o(.ARM.Collect$$libinit$$00000000) refers (Special) to libinit2.o(.ARM.Collect$$libinit$$00000004) for __rt_lib_init_relocate_pie_1
    libinit.o(.ARM.Collect$$libinit$$00000000) refers (Special) to libinit2.o(.ARM.Collect$$libinit$$00000035) for __rt_lib_init_return
    libinit.o(.ARM.Collect$$libinit$$00000000) refers (Special) to libinit2.o(.ARM.Collect$$libinit$$0000001F) for __rt_lib_init_signal_1
    libinit.o(.ARM.Collect$$libinit$$00000000) refers (Special) to libinit2.o(.ARM.Collect$$libinit$$00000027) for __rt_lib_init_stdio_1
    libinit.o(.ARM.Collect$$libinit$$00000000) refers (Special) to libinit2.o(.ARM.Collect$$libinit$$0000000E) for __rt_lib_init_user_alloc_1
    libspace.o(.text) refers to libspace.o(.bss) for __libspace_start
    sys_stackheap.o(.text) refers (Special) to indicate_semi.o(.text) for __semihosting_library_function
    sys_stackheap.o(.text) refers to use_no_semi.o(.text) for __I$use$semihosting
    sys_stackheap_hlt.o(.text) refers (Special) to indicate_semi.o(.text) for __semihosting_library_function
    sys_stackheap_hlt.o(.text) refers to use_no_semi.o(.text) for __I$use$semihosting
    rtexit.o(.ARM.Collect$$rtexit$$00000000) refers (Special) to rtexit2.o(.ARM.Collect$$rtexit$$00000004) for __rt_exit_exit
    rtexit.o(.ARM.Collect$$rtexit$$00000000) refers (Special) to rtexit2.o(.ARM.Collect$$rtexit$$00000003) for __rt_exit_ls
    rtexit.o(.ARM.Collect$$rtexit$$00000000) refers (Special) to rtexit2.o(.ARM.Collect$$rtexit$$00000002) for __rt_exit_prels_1
    rtexit.o(.ARM.exidx) refers (Special) to rtexit2.o(.ARM.Collect$$rtexit$$00000004) for __rt_exit_exit
    rtexit.o(.ARM.exidx) refers (Special) to rtexit2.o(.ARM.Collect$$rtexit$$00000003) for __rt_exit_ls
    rtexit.o(.ARM.exidx) refers (Special) to rtexit2.o(.ARM.Collect$$rtexit$$00000002) for __rt_exit_prels_1
    rtexit.o(.ARM.exidx) refers to rtexit.o(.ARM.Collect$$rtexit$$00000000) for .ARM.Collect$$rtexit$$00000000
    libinit2.o(.ARM.Collect$$libinit$$00000012) refers to libinit2.o(.ARM.Collect$$libinit$$00000011) for .ARM.Collect$$libinit$$00000011
    libinit2.o(.ARM.Collect$$libinit$$00000014) refers to libinit2.o(.ARM.Collect$$libinit$$00000011) for .ARM.Collect$$libinit$$00000011
    libinit2.o(.ARM.Collect$$libinit$$00000016) refers to libinit2.o(.ARM.Collect$$libinit$$00000011) for .ARM.Collect$$libinit$$00000011
    libinit2.o(.ARM.Collect$$libinit$$00000018) refers to libinit2.o(.ARM.Collect$$libinit$$00000011) for .ARM.Collect$$libinit$$00000011
    libinit2.o(.ARM.Collect$$libinit$$0000001A) refers to libinit2.o(.ARM.Collect$$libinit$$00000011) for .ARM.Collect$$libinit$$00000011
    libinit2.o(.ARM.Collect$$libinit$$00000028) refers to argv_veneer.o(.emb_text) for __ARM_argv_veneer
    libinit2.o(.ARM.Collect$$libinit$$00000029) refers to argv_veneer.o(.emb_text) for __ARM_argv_veneer
    libinit3.o(.ARM.Collect$$libinit$$00000008) refers to libinit3.o(.ARM.Collect$$libinit$$00002719) for __lit__00000000
    libinit3.o(.ARM.Collect$$libinit$$00002719) refers to startup_armcm3.o(HEAP) for __heap_base
    libinit3.o(.ARM.Collect$$libinit$$0000002A) refers to libinit3.o(.ARM.Collect$$libinit$$0000273B) for __lit__00000002
    libinit3.o(.ARM.Collect$$libinit$$0000002A) refers to argv_veneer.o(.emb_text) for __ARM_argv_veneer
    libinit3.o(.ARM.Collect$$libinit$$0000273B) refers to startup_armcm3.o(HEAP) for __heap_base
    rtexit2.o(.ARM.Collect$$rtexit$$00000003) refers to libshutdown.o(.ARM.Collect$$libshutdown$$00000000) for __rt_lib_shutdown
    rtexit2.o(.ARM.Collect$$rtexit$$00000004) refers to sys_exit.o(.text) for _sys_exit
    rtexit2.o(.ARM.exidx) refers to rtexit2.o(.ARM.Collect$$rtexit$$00000001) for .ARM.Collect$$rtexit$$00000001
    rtexit2.o(.ARM.exidx) refers to rtexit2.o(.ARM.Collect$$rtexit$$00000003) for .ARM.Collect$$rtexit$$00000003
    rtexit2.o(.ARM.exidx) refers to rtexit2.o(.ARM.Collect$$rtexit$$00000004) for .ARM.Collect$$rtexit$$00000004
    argv_veneer.o(.emb_text) refers to no_argv.o(.text) for __ARM_get_argv
    sys_exit.o(.text) refers (Special) to use_no_semi.o(.text) for __I$use$semihosting
    sys_exit.o(.text) refers (Special) to indicate_semi.o(.text) for __semihosting_library_function
    sys_exit_hlt.o(.text) refers (Special) to use_no_semi.o(.text) for __I$use$semihosting
    sys_exit_hlt.o(.text) refers (Special) to indicate_semi.o(.text) for __semihosting_library_function
    _get_argv_nomalloc.o(.text) refers (Special) to hrguard.o(.text) for __heap_region$guard
    _get_argv_nomalloc.o(.text) refers to defsig_rtmem_outer.o(.text) for __rt_SIGRTMEM
    _get_argv_nomalloc.o(.text) refers to sys_command.o(.text) for _sys_command_string
    libshutdown.o(.ARM.Collect$$libshutdown$$00000000) refers (Special) to libshutdown2.o(.ARM.Collect$$libshutdown$$00000002) for __rt_lib_shutdown_cpp_1
    libshutdown.o(.ARM.Collect$$libshutdown$$00000000) refers (Special) to libshutdown2.o(.ARM.Collect$$libshutdown$$00000007) for __rt_lib_shutdown_fp_trap_1
    libshutdown.o(.ARM.Collect$$libshutdown$$00000000) refers (Special) to libshutdown2.o(.ARM.Collect$$libshutdown$$0000000F) for __rt_lib_shutdown_heap_1
    libshutdown.o(.ARM.Collect$$libshutdown$$00000000) refers (Special) to libshutdown2.o(.ARM.Collect$$libshutdown$$00000010) for __rt_lib_shutdown_return
    libshutdown.o(.ARM.Collect$$libshutdown$$00000000) refers (Special) to libshutdown2.o(.ARM.Collect$$libshutdown$$0000000A) for __rt_lib_shutdown_signal_1
    libshutdown.o(.ARM.Collect$$libshutdown$$00000000) refers (Special) to libshutdown2.o(.ARM.Collect$$libshutdown$$00000004) for __rt_lib_shutdown_stdio_1
    libshutdown.o(.ARM.Collect$$libshutdown$$00000000) refers (Special) to libshutdown2.o(.ARM.Collect$$libshutdown$$0000000C) for __rt_lib_shutdown_user_alloc_1
    sys_command.o(.text) refers (Special) to use_no_semi.o(.text) for __I$use$semihosting
    sys_command.o(.text) refers (Special) to indicate_semi.o(.text) for __semihosting_library_function
    sys_command_hlt.o(.text) refers (Special) to use_no_semi.o(.text) for __I$use$semihosting
    sys_command_hlt.o(.text) refers (Special) to indicate_semi.o(.text) for __semihosting_library_function
    defsig_rtmem_outer.o(.text) refers to defsig_rtmem_inner.o(.text) for __rt_SIGRTMEM_inner
    defsig_rtmem_outer.o(.text) refers to defsig_exit.o(.text) for __sig_exit
    defsig_rtmem_formal.o(.text) refers to rt_raise.o(.text) for __rt_raise
    rt_raise.o(.text) refers to __raise.o(.text) for __raise
    rt_raise.o(.text) refers to sys_exit.o(.text) for _sys_exit
    defsig_exit.o(.text) refers to sys_exit.o(.text) for _sys_exit
    defsig_rtmem_inner.o(.text) refers to defsig_general.o(.text) for __default_signal_display
    __raise.o(.text) refers to defsig.o(CL$$defsig) for __default_signal_handler
    defsig_general.o(.text) refers to sys_wrch.o(.text) for _ttywrch
    sys_wrch.o(.text) refers (Special) to use_no_semi.o(.text) for __I$use$semihosting
    sys_wrch.o(.text) refers (Special) to indicate_semi.o(.text) for __semihosting_library_function
    sys_wrch_hlt.o(.text) refers (Special) to use_no_semi.o(.text) for __I$use$semihosting
    sys_wrch_hlt.o(.text) refers (Special) to indicate_semi.o(.text) for __semihosting_library_function
    defsig.o(CL$$defsig) refers to defsig_rtmem_inner.o(.text) for __rt_SIGRTMEM_inner
    defsig_abrt_inner.o(.text) refers to defsig_general.o(.text) for __default_signal_display
    defsig_fpe_inner.o(.text) refers to defsig_general.o(.text) for __default_signal_display
    defsig_rtred_inner.o(.text) refers to defsig_general.o(.text) for __default_signal_display
    defsig_stak_inner.o(.text) refers to defsig_general.o(.text) for __default_signal_display
    defsig_pvfn_inner.o(.text) refers to defsig_general.o(.text) for __default_signal_display
    defsig_cppl_inner.o(.text) refers to defsig_general.o(.text) for __default_signal_display
    defsig_segv_inner.o(.text) refers to defsig_general.o(.text) for __default_signal_display
    defsig_other.o(.text) refers to defsig_general.o(.text) for __default_signal_display


==============================================================================

Removing Unused input sections from the image.

    Removing main.o(.text), (0 bytes).
    Removing main.o(.ARM.exidx.text.task1), (8 bytes).
    Removing main.o(.ARM.exidx.text.task2), (8 bytes).
    Removing main.o(.ARM.exidx.text.task3), (8 bytes).
    Removing main.o(.ARM.exidx.text.main), (8 bytes).
    Removing main.o(.ARM.use_no_argv), (4 bytes).
    Removing delay.o(.text), (0 bytes).
    Removing delay.o(.ARM.exidx.text.mk_delay_ms), (8 bytes).
    Removing idle.o(.text), (0 bytes).
    Removing idle.o(.ARM.exidx.text.mk_idle_task), (8 bytes).
    Removing idle.o(.ARM.exidx.text._MK_Idle_Init_), (8 bytes).
    Removing mktype.o(.text), (0 bytes).
    Removing mktype.o(.bss._MK_DelayList), (896 bytes).
    Removing priority.o(.text), (0 bytes).
    Removing priority.o(.ARM.exidx.text.InitReadyList), (8 bytes).
    Removing priority.o(.text.InsertNodeToReadyListHead), (94 bytes).
    Removing priority.o(.ARM.exidx.text.InsertNodeToReadyListHead), (8 bytes).
    Removing priority.o(.ARM.exidx.text.SetBitToPrioTable), (8 bytes).
    Removing priority.o(.ARM.exidx.text.InsertNodeToReadyListTail), (8 bytes).
    Removing priority.o(.text.MoveHeadToTailInReadList), (28 bytes).
    Removing priority.o(.ARM.exidx.text.MoveHeadToTailInReadList), (8 bytes).
    Removing priority.o(.text.RemoveNodeFromReadyList), (122 bytes).
    Removing priority.o(.ARM.exidx.text.RemoveNodeFromReadyList), (8 bytes).
    Removing priority.o(.ARM.exidx.text.ClearBitToPrioTable), (8 bytes).
    Removing priority.o(.ARM.exidx.text.InitPrioTable), (8 bytes).
    Removing priority.o(.text._MK_FindFirstBit_), (58 bytes).
    Removing priority.o(.ARM.exidx.text._MK_FindFirstBit_), (8 bytes).
    Removing priority.o(.text._MK_FindFirstBit), (140 bytes).
    Removing priority.o(.ARM.exidx.text._MK_FindFirstBit), (8 bytes).
    Removing priority.o(.ARM.exidx.text.GetHighestPrioFromPrioTable), (8 bytes).
    Removing priority.o(.ARM.exidx.text.InitDelayList), (8 bytes).
    Removing priority.o(.text.InsertNodeToDelayList), (2 bytes).
    Removing priority.o(.ARM.exidx.text.InsertNodeToDelayList), (8 bytes).
    Removing priority.o(.text.FindFromDelayList), (4 bytes).
    Removing priority.o(.ARM.exidx.text.FindFromDelayList), (8 bytes).
    Removing priority.o(.text.SubDelayList), (2 bytes).
    Removing priority.o(.ARM.exidx.text.SubDelayList), (8 bytes).
    Removing switch.o(.text), (0 bytes).
    Removing switch.o(.ARM.exidx.text._mk_task_switch_), (8 bytes).
    Removing switch.o(.bss.sw), (4 bytes).
    Removing system.o(.text), (0 bytes).
    Removing system.o(.ARM.exidx.text.mk_TaskInit), (8 bytes).
    Removing system.o(.ARM.exidx.text.__MK_Main), (8 bytes).
    Removing time_stamp.o(.text), (0 bytes).
    Removing list.o(.text), (0 bytes).
    Removing list.o(.text.InsertNode), (2 bytes).
    Removing list.o(.ARM.exidx.text.InsertNode), (8 bytes).
    Removing list.o(.text.FindNode), (2 bytes).
    Removing list.o(.ARM.exidx.text.FindNode), (8 bytes).
    Removing list.o(.text.DeleteNode), (2 bytes).
    Removing list.o(.ARM.exidx.text.DeleteNode), (8 bytes).
    Removing str.o(.text), (0 bytes).
    Removing str.o(.text.mk_Strncopy), (50 bytes).
    Removing str.o(.ARM.exidx.text.mk_Strncopy), (8 bytes).
    Removing str.o(.text.mk_Strlen), (30 bytes).
    Removing str.o(.ARM.exidx.text.mk_Strlen), (8 bytes).
    Removing systick.o(.text), (0 bytes).
    Removing systick.o(.ARM.exidx.text.mk_SystickInit), (8 bytes).
    Removing systick.o(.ARM.exidx.text.SysTick_Handler), (8 bytes).
    Removing startup_armcm3.o(HEAP), (3072 bytes).
    Removing system_armcm3.o(.text), (0 bytes).
    Removing system_armcm3.o(.text.SystemCoreClockUpdate), (20 bytes).
    Removing system_armcm3.o(.ARM.exidx.text.SystemCoreClockUpdate), (8 bytes).
    Removing system_armcm3.o(.ARM.exidx.text.SystemInit), (8 bytes).

64 unused section(s) (total 4804 bytes) removed from the image.

==============================================================================

Image Symbol Table

    Local Symbols

    Symbol Name                              Value     Ov Type        Size  Object(Section)

    ../clib/angel/boardlib.s                 0x00000000   Number         0  boardinit1.o ABSOLUTE
    ../clib/angel/boardlib.s                 0x00000000   Number         0  boardinit2.o ABSOLUTE
    ../clib/angel/boardlib.s                 0x00000000   Number         0  boardinit3.o ABSOLUTE
    ../clib/angel/boardlib.s                 0x00000000   Number         0  boardshut.o ABSOLUTE
    ../clib/angel/handlers.s                 0x00000000   Number         0  __scatter_copy.o ABSOLUTE
    ../clib/angel/handlers.s                 0x00000000   Number         0  __scatter_zi.o ABSOLUTE
    ../clib/angel/kernel.s                   0x00000000   Number         0  __rtentry.o ABSOLUTE
    ../clib/angel/kernel.s                   0x00000000   Number         0  __rtentry2.o ABSOLUTE
    ../clib/angel/kernel.s                   0x00000000   Number         0  __rtentry4.o ABSOLUTE
    ../clib/angel/kernel.s                   0x00000000   Number         0  __rtentry5.o ABSOLUTE
    ../clib/angel/kernel.s                   0x00000000   Number         0  rtexit.o ABSOLUTE
    ../clib/angel/kernel.s                   0x00000000   Number         0  rtexit2.o ABSOLUTE
    ../clib/angel/rt.s                       0x00000000   Number         0  rt_raise.o ABSOLUTE
    ../clib/angel/scatter.s                  0x00000000   Number         0  __scatter.o ABSOLUTE
    ../clib/angel/startup.s                  0x00000000   Number         0  __main.o ABSOLUTE
    ../clib/angel/sys.s                      0x00000000   Number         0  sys_stackheap_outer.o ABSOLUTE
    ../clib/angel/sys.s                      0x00000000   Number         0  libspace.o ABSOLUTE
    ../clib/angel/sys.s                      0x00000000   Number         0  sys_stackheap.o ABSOLUTE
    ../clib/angel/sys.s                      0x00000000   Number         0  sys_stackheap_hlt.o ABSOLUTE
    ../clib/angel/sys.s                      0x00000000   Number         0  use_no_semi.o ABSOLUTE
    ../clib/angel/sys.s                      0x00000000   Number         0  indicate_semi.o ABSOLUTE
    ../clib/angel/sysapp.c                   0x00000000   Number         0  sys_exit.o ABSOLUTE
    ../clib/angel/sysapp.c                   0x00000000   Number         0  sys_exit_hlt.o ABSOLUTE
    ../clib/angel/sysapp.c                   0x00000000   Number         0  sys_command.o ABSOLUTE
    ../clib/angel/sysapp.c                   0x00000000   Number         0  sys_command_hlt.o ABSOLUTE
    ../clib/angel/sysapp.c                   0x00000000   Number         0  sys_wrch.o ABSOLUTE
    ../clib/angel/sysapp.c                   0x00000000   Number         0  sys_wrch_hlt.o ABSOLUTE
    ../clib/armsys.c                         0x00000000   Number         0  argv_veneer.o ABSOLUTE
    ../clib/armsys.c                         0x00000000   Number         0  argv_veneer.o ABSOLUTE
    ../clib/armsys.c                         0x00000000   Number         0  _get_argv_nomalloc.o ABSOLUTE
    ../clib/armsys.c                         0x00000000   Number         0  no_argv.o ABSOLUTE
    ../clib/heapalloc.c                      0x00000000   Number         0  hrguard.o ABSOLUTE
    ../clib/heapaux.c                        0x00000000   Number         0  heapauxi.o ABSOLUTE
    ../clib/libinit.s                        0x00000000   Number         0  libinit.o ABSOLUTE
    ../clib/libinit.s                        0x00000000   Number         0  libinit2.o ABSOLUTE
    ../clib/libinit.s                        0x00000000   Number         0  libinit3.o ABSOLUTE
    ../clib/libinit.s                        0x00000000   Number         0  libshutdown.o ABSOLUTE
    ../clib/libinit.s                        0x00000000   Number         0  libshutdown2.o ABSOLUTE
    ../clib/memcpset.s                       0x00000000   Number         0  rt_memclr_w.o ABSOLUTE
    ../clib/signal.c                         0x00000000   Number         0  defsig_rtmem_outer.o ABSOLUTE
    ../clib/signal.c                         0x00000000   Number         0  defsig_rtmem_formal.o ABSOLUTE
    ../clib/signal.c                         0x00000000   Number         0  defsig_exit.o ABSOLUTE
    ../clib/signal.c                         0x00000000   Number         0  defsig_rtmem_inner.o ABSOLUTE
    ../clib/signal.c                         0x00000000   Number         0  __raise.o ABSOLUTE
    ../clib/signal.c                         0x00000000   Number         0  defsig_general.o ABSOLUTE
    ../clib/signal.c                         0x00000000   Number         0  defsig_abrt_inner.o ABSOLUTE
    ../clib/signal.c                         0x00000000   Number         0  defsig_fpe_inner.o ABSOLUTE
    ../clib/signal.c                         0x00000000   Number         0  defsig_rtred_inner.o ABSOLUTE
    ../clib/signal.c                         0x00000000   Number         0  defsig_stak_inner.o ABSOLUTE
    ../clib/signal.c                         0x00000000   Number         0  defsig_pvfn_inner.o ABSOLUTE
    ../clib/signal.c                         0x00000000   Number         0  defsig_cppl_inner.o ABSOLUTE
    ../clib/signal.c                         0x00000000   Number         0  defsig_segv_inner.o ABSOLUTE
    ../clib/signal.c                         0x00000000   Number         0  defsig_other.o ABSOLUTE
    ../clib/signal.s                         0x00000000   Number         0  defsig.o ABSOLUTE
    ../clib/stdlib.c                         0x00000000   Number         0  exit.o ABSOLUTE
    ../fplib/fpinit.s                        0x00000000   Number         0  fpinit.o ABSOLUTE
    ../fplib/fpinit_empty.s                  0x00000000   Number         0  fpinit_empty.o ABSOLUTE
    ..\kernel\libcpu\m3\cpu.asm              0x00000000   Number         0  cpu_1.o ABSOLUTE
    ..\kernel\libcpu\m3\cpu.s                0x00000000   Number         0  cpu.o ABSOLUTE
    RTE/Device/ARMCM3/startup_ARMCM3.s       0x00000000   Number         0  startup_armcm3.o ABSOLUTE
    dc.s                                     0x00000000   Number         0  dc.o ABSOLUTE
    delay.c                                  0x00000000   Number         0  delay.o ABSOLUTE
    idle.c                                   0x00000000   Number         0  idle.o ABSOLUTE
    list.c                                   0x00000000   Number         0  list.o ABSOLUTE
    main.c                                   0x00000000   Number         0  main.o ABSOLUTE
    mktype.c                                 0x00000000   Number         0  mktype.o ABSOLUTE
    priority.c                               0x00000000   Number         0  priority.o ABSOLUTE
    str.c                                    0x00000000   Number         0  str.o ABSOLUTE
    switch.c                                 0x00000000   Number         0  switch.o ABSOLUTE
    system.c                                 0x00000000   Number         0  system.o ABSOLUTE
    system_ARMCM3.c                          0x00000000   Number         0  system_armcm3.o ABSOLUTE
    systick.c                                0x00000000   Number         0  systick.o ABSOLUTE
    time_stamp.c                             0x00000000   Number         0  time_stamp.o ABSOLUTE
    RESET                                    0x00000000   Section      960  startup_armcm3.o(RESET)
    !!!main                                  0x000003c0   Section        8  __main.o(!!!main)
    !!!scatter                               0x000003c8   Section       52  __scatter.o(!!!scatter)
    !!handler_copy                           0x000003fc   Section       26  __scatter_copy.o(!!handler_copy)
    !!handler_zi                             0x00000418   Section       28  __scatter_zi.o(!!handler_zi)
    .ARM.Collect$$libinit$$00000000          0x00000434   Section        2  libinit.o(.ARM.Collect$$libinit$$00000000)
    .ARM.Collect$$libinit$$00000002          0x00000436   Section        0  libinit2.o(.ARM.Collect$$libinit$$00000002)
    .ARM.Collect$$libinit$$00000004          0x00000436   Section        0  libinit2.o(.ARM.Collect$$libinit$$00000004)
    .ARM.Collect$$libinit$$00000006          0x00000436   Section        0  libinit2.o(.ARM.Collect$$libinit$$00000006)
    .ARM.Collect$$libinit$$0000000C          0x00000436   Section        0  libinit2.o(.ARM.Collect$$libinit$$0000000C)
    .ARM.Collect$$libinit$$0000000E          0x00000436   Section        0  libinit2.o(.ARM.Collect$$libinit$$0000000E)
    .ARM.Collect$$libinit$$00000010          0x00000436   Section        0  libinit2.o(.ARM.Collect$$libinit$$00000010)
    .ARM.Collect$$libinit$$00000013          0x00000436   Section        0  libinit2.o(.ARM.Collect$$libinit$$00000013)
    .ARM.Collect$$libinit$$00000015          0x00000436   Section        0  libinit2.o(.ARM.Collect$$libinit$$00000015)
    .ARM.Collect$$libinit$$00000017          0x00000436   Section        0  libinit2.o(.ARM.Collect$$libinit$$00000017)
    .ARM.Collect$$libinit$$00000019          0x00000436   Section        0  libinit2.o(.ARM.Collect$$libinit$$00000019)
    .ARM.Collect$$libinit$$0000001B          0x00000436   Section        0  libinit2.o(.ARM.Collect$$libinit$$0000001B)
    .ARM.Collect$$libinit$$0000001D          0x00000436   Section        0  libinit2.o(.ARM.Collect$$libinit$$0000001D)
    .ARM.Collect$$libinit$$0000001F          0x00000436   Section        0  libinit2.o(.ARM.Collect$$libinit$$0000001F)
    .ARM.Collect$$libinit$$00000021          0x00000436   Section        0  libinit2.o(.ARM.Collect$$libinit$$00000021)
    .ARM.Collect$$libinit$$00000023          0x00000436   Section        0  libinit2.o(.ARM.Collect$$libinit$$00000023)
    .ARM.Collect$$libinit$$00000025          0x00000436   Section        0  libinit2.o(.ARM.Collect$$libinit$$00000025)
    .ARM.Collect$$libinit$$00000027          0x00000436   Section        0  libinit2.o(.ARM.Collect$$libinit$$00000027)
    .ARM.Collect$$libinit$$0000002E          0x00000436   Section        0  libinit2.o(.ARM.Collect$$libinit$$0000002E)
    .ARM.Collect$$libinit$$00000030          0x00000436   Section        0  libinit2.o(.ARM.Collect$$libinit$$00000030)
    .ARM.Collect$$libinit$$00000032          0x00000436   Section        0  libinit2.o(.ARM.Collect$$libinit$$00000032)
    .ARM.Collect$$libinit$$00000034          0x00000436   Section        0  libinit2.o(.ARM.Collect$$libinit$$00000034)
    .ARM.Collect$$libinit$$00000035          0x00000436   Section        2  libinit2.o(.ARM.Collect$$libinit$$00000035)
    .ARM.Collect$$libshutdown$$00000000      0x00000438   Section        2  libshutdown.o(.ARM.Collect$$libshutdown$$00000000)
    .ARM.Collect$$libshutdown$$00000002      0x0000043a   Section        0  libshutdown2.o(.ARM.Collect$$libshutdown$$00000002)
    .ARM.Collect$$libshutdown$$00000004      0x0000043a   Section        0  libshutdown2.o(.ARM.Collect$$libshutdown$$00000004)
    .ARM.Collect$$libshutdown$$00000007      0x0000043a   Section        0  libshutdown2.o(.ARM.Collect$$libshutdown$$00000007)
    .ARM.Collect$$libshutdown$$0000000A      0x0000043a   Section        0  libshutdown2.o(.ARM.Collect$$libshutdown$$0000000A)
    .ARM.Collect$$libshutdown$$0000000C      0x0000043a   Section        0  libshutdown2.o(.ARM.Collect$$libshutdown$$0000000C)
    .ARM.Collect$$libshutdown$$0000000F      0x0000043a   Section        0  libshutdown2.o(.ARM.Collect$$libshutdown$$0000000F)
    .ARM.Collect$$libshutdown$$00000010      0x0000043a   Section        2  libshutdown2.o(.ARM.Collect$$libshutdown$$00000010)
    .ARM.Collect$$rtentry$$00000000          0x0000043c   Section        0  __rtentry.o(.ARM.Collect$$rtentry$$00000000)
    .ARM.Collect$$rtentry$$00000002          0x0000043c   Section        0  __rtentry2.o(.ARM.Collect$$rtentry$$00000002)
    .ARM.Collect$$rtentry$$00000005          0x0000043c   Section        4  __rtentry5.o(.ARM.Collect$$rtentry$$00000005)
    .ARM.Collect$$rtentry$$00000009          0x00000440   Section        0  __rtentry2.o(.ARM.Collect$$rtentry$$00000009)
    .ARM.Collect$$rtentry$$0000000A          0x00000440   Section        4  __rtentry2.o(.ARM.Collect$$rtentry$$0000000A)
    .ARM.Collect$$rtentry$$0000000C          0x00000444   Section        0  __rtentry2.o(.ARM.Collect$$rtentry$$0000000C)
    .ARM.Collect$$rtentry$$0000000D          0x00000444   Section        8  __rtentry2.o(.ARM.Collect$$rtentry$$0000000D)
    __lit__00000000                          0x0000044c   Data           4  __rtentry5.o(.ARM.Collect$$rtentry$$00002716)
    .ARM.Collect$$rtentry$$00002716          0x0000044c   Section        4  __rtentry5.o(.ARM.Collect$$rtentry$$00002716)
    .ARM.Collect$$rtexit$$00000000           0x00000450   Section        2  rtexit.o(.ARM.Collect$$rtexit$$00000000)
    .ARM.Collect$$rtexit$$00000002           0x00000452   Section        0  rtexit2.o(.ARM.Collect$$rtexit$$00000002)
    .ARM.Collect$$rtexit$$00000003           0x00000452   Section        4  rtexit2.o(.ARM.Collect$$rtexit$$00000003)
    .ARM.Collect$$rtexit$$00000004           0x00000456   Section        6  rtexit2.o(.ARM.Collect$$rtexit$$00000004)
    .text                                    0x0000045c   Section       22  cpu_1.o(.text)
    .text                                    0x00000474   Section       56  startup_armcm3.o(.text)
    .text                                    0x000004ac   Section       78  rt_memclr_w.o(.text)
    .text                                    0x000004fa   Section        0  heapauxi.o(.text)
    .text                                    0x00000500   Section        0  exit.o(.text)
    .text                                    0x00000512   Section        2  use_no_semi.o(.text)
    .text                                    0x00000514   Section        0  indicate_semi.o(.text)
    .text                                    0x00000514   Section        0  sys_exit.o(.text)
    [Anonymous Symbol]                       0x00000520   Section        0  priority.o(.text.ClearBitToPrioTable)
    [Anonymous Symbol]                       0x00000544   Section        0  priority.o(.text.GetHighestPrioFromPrioTable)
    [Anonymous Symbol]                       0x00000588   Section        0  priority.o(.text.InitDelayList)
    [Anonymous Symbol]                       0x0000058c   Section        0  priority.o(.text.InitPrioTable)
    [Anonymous Symbol]                       0x0000059c   Section        0  priority.o(.text.InitReadyList)
    [Anonymous Symbol]                       0x000005b0   Section        0  priority.o(.text.InsertNodeToReadyListTail)
    [Anonymous Symbol]                       0x00000614   Section        0  priority.o(.text.SetBitToPrioTable)
    [Anonymous Symbol]                       0x00000638   Section        0  systick.o(.text.SysTick_Handler)
    [Anonymous Symbol]                       0x0000067c   Section        0  system_armcm3.o(.text.SystemInit)
    [Anonymous Symbol]                       0x000006a4   Section        0  idle.o(.text._MK_Idle_Init_)
    [Anonymous Symbol]                       0x000006e4   Section        0  system.o(.text.__MK_Main)
    [Anonymous Symbol]                       0x00000744   Section        0  switch.o(.text._mk_task_switch_)
    [Anonymous Symbol]                       0x00000780   Section        0  main.o(.text.main)
    [Anonymous Symbol]                       0x0000081c   Section        0  systick.o(.text.mk_SystickInit)
    [Anonymous Symbol]                       0x0000085c   Section        0  system.o(.text.mk_TaskInit)
    [Anonymous Symbol]                       0x000008fc   Section        0  delay.o(.text.mk_delay_ms)
    [Anonymous Symbol]                       0x00000924   Section        0  idle.o(.text.mk_idle_task)
    [Anonymous Symbol]                       0x00000928   Section        0  main.o(.text.task1)
    [Anonymous Symbol]                       0x00000948   Section        0  main.o(.text.task2)
    [Anonymous Symbol]                       0x00000968   Section        0  main.o(.text.task3)
    CODE                                     0x00000988   Section       92  cpu.o(CODE)
    idletaskEnv                              0x200001c0   Data         512  idle.o(.bss.idletaskEnv)
    [Anonymous Symbol]                       0x200001c0   Section        0  idle.o(.bss.idletaskEnv)
    STACK                                    0x20001c18   Section     1024  startup_armcm3.o(STACK)

    Global Symbols

    Symbol Name                              Value     Ov Type        Size  Object(Section)

    BuildAttributes$$THM_ISAv4$P$D$K$B$S$PE$A:L22UL41UL21$X:L11$S22US41US21$IEEE1$IW$~IW$USESV6$~STKCKD$USESV7$~SHL$OTIME$ROPI$EBA8$UX$STANDARDLIB$REQ8$PRES8$EABIv2 0x00000000   Number         0  anon$$obj.o ABSOLUTE
    __Vectors                                0x00000000   Data           4  startup_armcm3.o(RESET)
    __fp_init_empty                          0x00000000   Number         0  fpinit_empty.o ABSOLUTE
    Image$$ZI$$Limit                          - Undefined Weak Reference
    __ARM_exceptions_init                     - Undefined Weak Reference
    __alloca_initialize                       - Undefined Weak Reference
    __arm_preinit_                            - Undefined Weak Reference
    __arm_relocate_pie_                       - Undefined Weak Reference
    __cpp_initialize__aeabi_                  - Undefined Weak Reference
    __cxa_finalize                            - Undefined Weak Reference
    __rt_locale                               - Undefined Weak Reference
    __sigvec_lookup                           - Undefined Weak Reference
    _atexit_init                              - Undefined Weak Reference
    _call_atexit_fns                          - Undefined Weak Reference
    _clock_init                               - Undefined Weak Reference
    _fp_trap_init                             - Undefined Weak Reference
    _fp_trap_shutdown                         - Undefined Weak Reference
    _get_lc_collate                           - Undefined Weak Reference
    _get_lc_ctype                             - Undefined Weak Reference
    _get_lc_monetary                          - Undefined Weak Reference
    _get_lc_numeric                           - Undefined Weak Reference
    _get_lc_time                              - Undefined Weak Reference
    _getenv_init                              - Undefined Weak Reference
    _handle_redirection                       - Undefined Weak Reference
    _init_alloc                               - Undefined Weak Reference
    _init_user_alloc                          - Undefined Weak Reference
    _initio                                   - Undefined Weak Reference
    _rand_init                                - Undefined Weak Reference
    _signal_finish                            - Undefined Weak Reference
    _signal_init                              - Undefined Weak Reference
    _terminate_alloc                          - Undefined Weak Reference
    _terminate_user_alloc                     - Undefined Weak Reference
    _terminateio                              - Undefined Weak Reference
    __Vectors_End                            0x000003c0   Data           0  startup_armcm3.o(RESET)
    __Vectors_Size                           0x000003c0   Number         0  startup_armcm3.o ABSOLUTE
    __main                                   0x000003c1   Thumb Code     8  __main.o(!!!main)
    __scatterload                            0x000003c9   Thumb Code     0  __scatter.o(!!!scatter)
    __scatterload_rt2                        0x000003c9   Thumb Code    44  __scatter.o(!!!scatter)
    __scatterload_rt2_thumb_only             0x000003c9   Thumb Code     0  __scatter.o(!!!scatter)
    __scatterload_null                       0x000003d7   Thumb Code     0  __scatter.o(!!!scatter)
    __scatterload_copy                       0x000003fd   Thumb Code    26  __scatter_copy.o(!!handler_copy)
    __scatterload_zeroinit                   0x00000419   Thumb Code    28  __scatter_zi.o(!!handler_zi)
    __rt_lib_init                            0x00000435   Thumb Code     0  libinit.o(.ARM.Collect$$libinit$$00000000)
    __rt_lib_init_alloca_1                   0x00000437   Thumb Code     0  libinit2.o(.ARM.Collect$$libinit$$00000030)
    __rt_lib_init_argv_1                     0x00000437   Thumb Code     0  libinit2.o(.ARM.Collect$$libinit$$0000002E)
    __rt_lib_init_atexit_1                   0x00000437   Thumb Code     0  libinit2.o(.ARM.Collect$$libinit$$0000001D)
    __rt_lib_init_clock_1                    0x00000437   Thumb Code     0  libinit2.o(.ARM.Collect$$libinit$$00000023)
    __rt_lib_init_cpp_1                      0x00000437   Thumb Code     0  libinit2.o(.ARM.Collect$$libinit$$00000034)
    __rt_lib_init_exceptions_1               0x00000437   Thumb Code     0  libinit2.o(.ARM.Collect$$libinit$$00000032)
    __rt_lib_init_fp_1                       0x00000437   Thumb Code     0  libinit2.o(.ARM.Collect$$libinit$$00000002)
    __rt_lib_init_fp_trap_1                  0x00000437   Thumb Code     0  libinit2.o(.ARM.Collect$$libinit$$00000021)
    __rt_lib_init_getenv_1                   0x00000437   Thumb Code     0  libinit2.o(.ARM.Collect$$libinit$$00000025)
    __rt_lib_init_heap_1                     0x00000437   Thumb Code     0  libinit2.o(.ARM.Collect$$libinit$$0000000C)
    __rt_lib_init_lc_collate_1               0x00000437   Thumb Code     0  libinit2.o(.ARM.Collect$$libinit$$00000013)
    __rt_lib_init_lc_ctype_1                 0x00000437   Thumb Code     0  libinit2.o(.ARM.Collect$$libinit$$00000015)
    __rt_lib_init_lc_monetary_1              0x00000437   Thumb Code     0  libinit2.o(.ARM.Collect$$libinit$$00000017)
    __rt_lib_init_lc_numeric_1               0x00000437   Thumb Code     0  libinit2.o(.ARM.Collect$$libinit$$00000019)
    __rt_lib_init_lc_time_1                  0x00000437   Thumb Code     0  libinit2.o(.ARM.Collect$$libinit$$0000001B)
    __rt_lib_init_preinit_1                  0x00000437   Thumb Code     0  libinit2.o(.ARM.Collect$$libinit$$00000006)
    __rt_lib_init_rand_1                     0x00000437   Thumb Code     0  libinit2.o(.ARM.Collect$$libinit$$00000010)
    __rt_lib_init_relocate_pie_1             0x00000437   Thumb Code     0  libinit2.o(.ARM.Collect$$libinit$$00000004)
    __rt_lib_init_return                     0x00000437   Thumb Code     0  libinit2.o(.ARM.Collect$$libinit$$00000035)
    __rt_lib_init_signal_1                   0x00000437   Thumb Code     0  libinit2.o(.ARM.Collect$$libinit$$0000001F)
    __rt_lib_init_stdio_1                    0x00000437   Thumb Code     0  libinit2.o(.ARM.Collect$$libinit$$00000027)
    __rt_lib_init_user_alloc_1               0x00000437   Thumb Code     0  libinit2.o(.ARM.Collect$$libinit$$0000000E)
    __rt_lib_shutdown                        0x00000439   Thumb Code     0  libshutdown.o(.ARM.Collect$$libshutdown$$00000000)
    __rt_lib_shutdown_cpp_1                  0x0000043b   Thumb Code     0  libshutdown2.o(.ARM.Collect$$libshutdown$$00000002)
    __rt_lib_shutdown_fp_trap_1              0x0000043b   Thumb Code     0  libshutdown2.o(.ARM.Collect$$libshutdown$$00000007)
    __rt_lib_shutdown_heap_1                 0x0000043b   Thumb Code     0  libshutdown2.o(.ARM.Collect$$libshutdown$$0000000F)
    __rt_lib_shutdown_return                 0x0000043b   Thumb Code     0  libshutdown2.o(.ARM.Collect$$libshutdown$$00000010)
    __rt_lib_shutdown_signal_1               0x0000043b   Thumb Code     0  libshutdown2.o(.ARM.Collect$$libshutdown$$0000000A)
    __rt_lib_shutdown_stdio_1                0x0000043b   Thumb Code     0  libshutdown2.o(.ARM.Collect$$libshutdown$$00000004)
    __rt_lib_shutdown_user_alloc_1           0x0000043b   Thumb Code     0  libshutdown2.o(.ARM.Collect$$libshutdown$$0000000C)
    __rt_entry                               0x0000043d   Thumb Code     0  __rtentry.o(.ARM.Collect$$rtentry$$00000000)
    __rt_entry_presh_1                       0x0000043d   Thumb Code     0  __rtentry2.o(.ARM.Collect$$rtentry$$00000002)
    __rt_entry_sh                            0x0000043d   Thumb Code     0  __rtentry5.o(.ARM.Collect$$rtentry$$00000005)
    __rt_entry_li                            0x00000441   Thumb Code     0  __rtentry2.o(.ARM.Collect$$rtentry$$0000000A)
    __rt_entry_postsh_1                      0x00000441   Thumb Code     0  __rtentry2.o(.ARM.Collect$$rtentry$$00000009)
    __rt_entry_main                          0x00000445   Thumb Code     0  __rtentry2.o(.ARM.Collect$$rtentry$$0000000D)
    __rt_entry_postli_1                      0x00000445   Thumb Code     0  __rtentry2.o(.ARM.Collect$$rtentry$$0000000C)
    __rt_exit                                0x00000451   Thumb Code     0  rtexit.o(.ARM.Collect$$rtexit$$00000000)
    __rt_exit_ls                             0x00000453   Thumb Code     0  rtexit2.o(.ARM.Collect$$rtexit$$00000003)
    __rt_exit_prels_1                        0x00000453   Thumb Code     0  rtexit2.o(.ARM.Collect$$rtexit$$00000002)
    __rt_exit_exit                           0x00000457   Thumb Code     0  rtexit2.o(.ARM.Collect$$rtexit$$00000004)
    _CPU_InterruptEnable_                    0x0000045d   Thumb Code     4  cpu_1.o(.text)
    _CPU_InterruptDisable_                   0x00000461   Thumb Code     4  cpu_1.o(.text)
    _MK_SR_Save_                             0x00000465   Thumb Code     8  cpu_1.o(.text)
    _MK_SR_Restore_                          0x0000046d   Thumb Code     6  cpu_1.o(.text)
    Reset_Handler                            0x00000475   Thumb Code     8  startup_armcm3.o(.text)
    HardFault_Handler                        0x0000047d   Thumb Code     2  startup_armcm3.o(.text)
    NMI_Handler                              0x0000047f   Thumb Code     2  startup_armcm3.o(.text)
    MemManage_Handler                        0x00000481   Thumb Code     2  startup_armcm3.o(.text)
    BusFault_Handler                         0x00000483   Thumb Code     2  startup_armcm3.o(.text)
    UsageFault_Handler                       0x00000485   Thumb Code     2  startup_armcm3.o(.text)
    SVC_Handler                              0x00000487   Thumb Code     2  startup_armcm3.o(.text)
    DebugMon_Handler                         0x00000489   Thumb Code     2  startup_armcm3.o(.text)
    Interrupt0_Handler                       0x0000048f   Thumb Code     2  startup_armcm3.o(.text)
    Interrupt1_Handler                       0x00000491   Thumb Code     2  startup_armcm3.o(.text)
    Interrupt2_Handler                       0x00000493   Thumb Code     2  startup_armcm3.o(.text)
    Interrupt3_Handler                       0x00000495   Thumb Code     2  startup_armcm3.o(.text)
    Interrupt4_Handler                       0x00000497   Thumb Code     2  startup_armcm3.o(.text)
    Interrupt5_Handler                       0x00000499   Thumb Code     2  startup_armcm3.o(.text)
    Interrupt6_Handler                       0x0000049b   Thumb Code     2  startup_armcm3.o(.text)
    Interrupt7_Handler                       0x0000049d   Thumb Code     2  startup_armcm3.o(.text)
    Interrupt8_Handler                       0x0000049f   Thumb Code     2  startup_armcm3.o(.text)
    Interrupt9_Handler                       0x000004a1   Thumb Code     2  startup_armcm3.o(.text)
    __aeabi_memclr4                          0x000004ad   Thumb Code     0  rt_memclr_w.o(.text)
    __aeabi_memclr8                          0x000004ad   Thumb Code     0  rt_memclr_w.o(.text)
    __rt_memclr_w                            0x000004ad   Thumb Code     0  rt_memclr_w.o(.text)
    _memset_w                                0x000004b1   Thumb Code    74  rt_memclr_w.o(.text)
    __use_two_region_memory                  0x000004fb   Thumb Code     2  heapauxi.o(.text)
    __rt_heap_escrow$2region                 0x000004fd   Thumb Code     2  heapauxi.o(.text)
    __rt_heap_expand$2region                 0x000004ff   Thumb Code     2  heapauxi.o(.text)
    exit                                     0x00000501   Thumb Code    18  exit.o(.text)
    __I$use$semihosting                      0x00000513   Thumb Code     0  use_no_semi.o(.text)
    __use_no_semihosting_swi                 0x00000513   Thumb Code     2  use_no_semi.o(.text)
    __semihosting_library_function           0x00000515   Thumb Code     0  indicate_semi.o(.text)
    _sys_exit                                0x00000515   Thumb Code     8  sys_exit.o(.text)
    ClearBitToPrioTable                      0x00000521   Thumb Code    36  priority.o(.text.ClearBitToPrioTable)
    GetHighestPrioFromPrioTable              0x00000545   Thumb Code    68  priority.o(.text.GetHighestPrioFromPrioTable)
    InitDelayList                            0x00000589   Thumb Code     2  priority.o(.text.InitDelayList)
    InitPrioTable                            0x0000058d   Thumb Code    14  priority.o(.text.InitPrioTable)
    InitReadyList                            0x0000059d   Thumb Code    20  priority.o(.text.InitReadyList)
    InsertNodeToReadyListTail                0x000005b1   Thumb Code    98  priority.o(.text.InsertNodeToReadyListTail)
    SetBitToPrioTable                        0x00000615   Thumb Code    36  priority.o(.text.SetBitToPrioTable)
    SysTick_Handler                          0x00000639   Thumb Code    66  systick.o(.text.SysTick_Handler)
    SystemInit                               0x0000067d   Thumb Code    38  system_armcm3.o(.text.SystemInit)
    _MK_Idle_Init_                           0x000006a5   Thumb Code    56  idle.o(.text._MK_Idle_Init_)
    __MK_Main                                0x000006e5   Thumb Code    96  system.o(.text.__MK_Main)
    _mk_task_switch_                         0x00000745   Thumb Code    60  switch.o(.text._mk_task_switch_)
    main                                     0x00000781   Thumb Code   132  main.o(.text.main)
    mk_SystickInit                           0x0000081d   Thumb Code    64  systick.o(.text.mk_SystickInit)
    mk_TaskInit                              0x0000085d   Thumb Code   160  system.o(.text.mk_TaskInit)
    mk_delay_ms                              0x000008fd   Thumb Code    40  delay.o(.text.mk_delay_ms)
    mk_idle_task                             0x00000925   Thumb Code     2  idle.o(.text.mk_idle_task)
    task1                                    0x00000929   Thumb Code    30  main.o(.text.task1)
    task2                                    0x00000949   Thumb Code    30  main.o(.text.task2)
    task3                                    0x00000969   Thumb Code    30  main.o(.text.task3)
    _MK_RTOS_RUN_                            0x00000989   Thumb Code    24  cpu.o(CODE)
    _TriggerPendSV_                          0x000009a1   Thumb Code     8  cpu.o(CODE)
    PendSV_Handler                           0x000009a9   Thumb Code    16  cpu.o(CODE)
    Region$$Table$$Base                      0x000009e4   Number         0  anon$$obj.o(Region$$Table)
    Region$$Table$$Limit                     0x00000a04   Number         0  anon$$obj.o(Region$$Table)
    SystemCoreClock                          0x20000000   Data           4  system_armcm3.o(.data.SystemCoreClock)
    _MK_Current_Pro_                         0x20000008   Data           4  mktype.o(.bss._MK_Current_Pro_)
    _MK_Highest_Prio_Index                   0x2000000c   Data           4  mktype.o(.bss._MK_Highest_Prio_Index)
    _MK_Highest_Pro_                         0x20000010   Data           4  mktype.o(.bss._MK_Highest_Pro_)
    _MK_PrioTable                            0x20000014   Data           4  mktype.o(.bss._MK_PrioTable)
    _MK_ReadyList                            0x20000018   Data         384  mktype.o(.bss._MK_ReadyList)
    bit1                                     0x20000198   Data           4  main.o(.bss.bit1)
    bit2                                     0x2000019c   Data           4  main.o(.bss.bit2)
    bit3                                     0x200001a0   Data           4  main.o(.bss.bit3)
    idletask                                 0x200001a4   Data          28  idle.o(.bss.idletask)
    taskEnv1                                 0x200003c0   Data        2048  main.o(.bss.taskEnv1)
    taskEnv2                                 0x20000bc0   Data        2048  main.o(.bss.taskEnv2)
    taskEnv3                                 0x200013c0   Data        2048  main.o(.bss.taskEnv3)
    task_1                                   0x20001bc0   Data          28  main.o(.bss.task_1)
    task_2                                   0x20001bdc   Data          28  main.o(.bss.task_2)
    task_3                                   0x20001bf8   Data          28  main.o(.bss.task_3)
    __stack_limit                            0x20001c18   Data           0  startup_armcm3.o(STACK)
    __initial_sp                             0x20002018   Data           0  startup_armcm3.o(STACK)



==============================================================================

Memory Map of the image

  Image Entry point : 0x000003c1

  Load Region LR_IROM1 (Base: 0x00000000, Size: 0x00000a10, Max: 0x00040000, ABSOLUTE)

    Execution Region ER_IROM1 (Exec base: 0x00000000, Load base: 0x00000000, Size: 0x00000a04, Max: 0x00040000, ABSOLUTE)

    Exec Addr    Load Addr    Size         Type   Attr      Idx    E Section Name        Object

    0x00000000   0x00000000   0x000003c0   Data   RO          170    RESET               startup_armcm3.o
    0x000003c0   0x000003c0   0x00000008   Code   RO          193  * !!!main             c_w.l(__main.o)
    0x000003c8   0x000003c8   0x00000034   Code   RO          371    !!!scatter          c_w.l(__scatter.o)
    0x000003fc   0x000003fc   0x0000001a   Code   RO          373    !!handler_copy      c_w.l(__scatter_copy.o)
    0x00000416   0x00000416   0x00000002   PAD
    0x00000418   0x00000418   0x0000001c   Code   RO          375    !!handler_zi        c_w.l(__scatter_zi.o)
    0x00000434   0x00000434   0x00000002   Code   RO          225    .ARM.Collect$$libinit$$00000000  c_w.l(libinit.o)
    0x00000436   0x00000436   0x00000000   Code   RO          236    .ARM.Collect$$libinit$$00000002  c_w.l(libinit2.o)
    0x00000436   0x00000436   0x00000000   Code   RO          238    .ARM.Collect$$libinit$$00000004  c_w.l(libinit2.o)
    0x00000436   0x00000436   0x00000000   Code   RO          240    .ARM.Collect$$libinit$$00000006  c_w.l(libinit2.o)
    0x00000436   0x00000436   0x00000000   Code   RO          243    .ARM.Collect$$libinit$$0000000C  c_w.l(libinit2.o)
    0x00000436   0x00000436   0x00000000   Code   RO          245    .ARM.Collect$$libinit$$0000000E  c_w.l(libinit2.o)
    0x00000436   0x00000436   0x00000000   Code   RO          247    .ARM.Collect$$libinit$$00000010  c_w.l(libinit2.o)
    0x00000436   0x00000436   0x00000000   Code   RO          250    .ARM.Collect$$libinit$$00000013  c_w.l(libinit2.o)
    0x00000436   0x00000436   0x00000000   Code   RO          252    .ARM.Collect$$libinit$$00000015  c_w.l(libinit2.o)
    0x00000436   0x00000436   0x00000000   Code   RO          254    .ARM.Collect$$libinit$$00000017  c_w.l(libinit2.o)
    0x00000436   0x00000436   0x00000000   Code   RO          256    .ARM.Collect$$libinit$$00000019  c_w.l(libinit2.o)
    0x00000436   0x00000436   0x00000000   Code   RO          258    .ARM.Collect$$libinit$$0000001B  c_w.l(libinit2.o)
    0x00000436   0x00000436   0x00000000   Code   RO          260    .ARM.Collect$$libinit$$0000001D  c_w.l(libinit2.o)
    0x00000436   0x00000436   0x00000000   Code   RO          262    .ARM.Collect$$libinit$$0000001F  c_w.l(libinit2.o)
    0x00000436   0x00000436   0x00000000   Code   RO          264    .ARM.Collect$$libinit$$00000021  c_w.l(libinit2.o)
    0x00000436   0x00000436   0x00000000   Code   RO          266    .ARM.Collect$$libinit$$00000023  c_w.l(libinit2.o)
    0x00000436   0x00000436   0x00000000   Code   RO          268    .ARM.Collect$$libinit$$00000025  c_w.l(libinit2.o)
    0x00000436   0x00000436   0x00000000   Code   RO          270    .ARM.Collect$$libinit$$00000027  c_w.l(libinit2.o)
    0x00000436   0x00000436   0x00000000   Code   RO          274    .ARM.Collect$$libinit$$0000002E  c_w.l(libinit2.o)
    0x00000436   0x00000436   0x00000000   Code   RO          276    .ARM.Collect$$libinit$$00000030  c_w.l(libinit2.o)
    0x00000436   0x00000436   0x00000000   Code   RO          278    .ARM.Collect$$libinit$$00000032  c_w.l(libinit2.o)
    0x00000436   0x00000436   0x00000000   Code   RO          280    .ARM.Collect$$libinit$$00000034  c_w.l(libinit2.o)
    0x00000436   0x00000436   0x00000002   Code   RO          281    .ARM.Collect$$libinit$$00000035  c_w.l(libinit2.o)
    0x00000438   0x00000438   0x00000002   Code   RO          310    .ARM.Collect$$libshutdown$$00000000  c_w.l(libshutdown.o)
    0x0000043a   0x0000043a   0x00000000   Code   RO          322    .ARM.Collect$$libshutdown$$00000002  c_w.l(libshutdown2.o)
    0x0000043a   0x0000043a   0x00000000   Code   RO          324    .ARM.Collect$$libshutdown$$00000004  c_w.l(libshutdown2.o)
    0x0000043a   0x0000043a   0x00000000   Code   RO          327    .ARM.Collect$$libshutdown$$00000007  c_w.l(libshutdown2.o)
    0x0000043a   0x0000043a   0x00000000   Code   RO          330    .ARM.Collect$$libshutdown$$0000000A  c_w.l(libshutdown2.o)
    0x0000043a   0x0000043a   0x00000000   Code   RO          332    .ARM.Collect$$libshutdown$$0000000C  c_w.l(libshutdown2.o)
    0x0000043a   0x0000043a   0x00000000   Code   RO          335    .ARM.Collect$$libshutdown$$0000000F  c_w.l(libshutdown2.o)
    0x0000043a   0x0000043a   0x00000002   Code   RO          336    .ARM.Collect$$libshutdown$$00000010  c_w.l(libshutdown2.o)
    0x0000043c   0x0000043c   0x00000000   Code   RO          195    .ARM.Collect$$rtentry$$00000000  c_w.l(__rtentry.o)
    0x0000043c   0x0000043c   0x00000000   Code   RO          197    .ARM.Collect$$rtentry$$00000002  c_w.l(__rtentry2.o)
    0x0000043c   0x0000043c   0x00000004   Code   RO          211    .ARM.Collect$$rtentry$$00000005  c_w.l(__rtentry5.o)
    0x00000440   0x00000440   0x00000000   Code   RO          199    .ARM.Collect$$rtentry$$00000009  c_w.l(__rtentry2.o)
    0x00000440   0x00000440   0x00000004   Code   RO          200    .ARM.Collect$$rtentry$$0000000A  c_w.l(__rtentry2.o)
    0x00000444   0x00000444   0x00000000   Code   RO          202    .ARM.Collect$$rtentry$$0000000C  c_w.l(__rtentry2.o)
    0x00000444   0x00000444   0x00000008   Code   RO          203    .ARM.Collect$$rtentry$$0000000D  c_w.l(__rtentry2.o)
    0x0000044c   0x0000044c   0x00000004   Code   RO          212    .ARM.Collect$$rtentry$$00002716  c_w.l(__rtentry5.o)
    0x00000450   0x00000450   0x00000002   Code   RO          233    .ARM.Collect$$rtexit$$00000000  c_w.l(rtexit.o)
    0x00000452   0x00000452   0x00000000   Code   RO          290    .ARM.Collect$$rtexit$$00000002  c_w.l(rtexit2.o)
    0x00000452   0x00000452   0x00000004   Code   RO          291    .ARM.Collect$$rtexit$$00000003  c_w.l(rtexit2.o)
    0x00000456   0x00000456   0x00000006   Code   RO          292    .ARM.Collect$$rtexit$$00000004  c_w.l(rtexit2.o)
    0x0000045c   0x0000045c   0x00000016   Code   RO          164    .text               cpu_1.o
    0x00000472   0x00000472   0x00000002   PAD
    0x00000474   0x00000474   0x00000038   Code   RO          171    .text               startup_armcm3.o
    0x000004ac   0x000004ac   0x0000004e   Code   RO          189    .text               c_w.l(rt_memclr_w.o)
    0x000004fa   0x000004fa   0x00000006   Code   RO          191    .text               c_w.l(heapauxi.o)
    0x00000500   0x00000500   0x00000012   Code   RO          218    .text               c_w.l(exit.o)
    0x00000512   0x00000512   0x00000002   Code   RO          286    .text               c_w.l(use_no_semi.o)
    0x00000514   0x00000514   0x00000000   Code   RO          288    .text               c_w.l(indicate_semi.o)
    0x00000514   0x00000514   0x0000000c   Code   RO          300    .text               c_w.l(sys_exit.o)
    0x00000520   0x00000520   0x00000024   Code   RO           73    .text.ClearBitToPrioTable  priority.o
    0x00000544   0x00000544   0x00000044   Code   RO           81    .text.GetHighestPrioFromPrioTable  priority.o
    0x00000588   0x00000588   0x00000002   Code   RO           83    .text.InitDelayList  priority.o
    0x0000058a   0x0000058a   0x00000002   PAD
    0x0000058c   0x0000058c   0x0000000e   Code   RO           75    .text.InitPrioTable  priority.o
    0x0000059a   0x0000059a   0x00000002   PAD
    0x0000059c   0x0000059c   0x00000014   Code   RO           61    .text.InitReadyList  priority.o
    0x000005b0   0x000005b0   0x00000062   Code   RO           67    .text.InsertNodeToReadyListTail  priority.o
    0x00000612   0x00000612   0x00000002   PAD
    0x00000614   0x00000614   0x00000024   Code   RO           65    .text.SetBitToPrioTable  priority.o
    0x00000638   0x00000638   0x00000042   Code   RO          155    .text.SysTick_Handler  systick.o
    0x0000067a   0x0000067a   0x00000002   PAD
    0x0000067c   0x0000067c   0x00000026   Code   RO          178    .text.SystemInit    system_armcm3.o
    0x000006a2   0x000006a2   0x00000002   PAD
    0x000006a4   0x000006a4   0x00000040   Code   RO           39    .text._MK_Idle_Init_  idle.o
    0x000006e4   0x000006e4   0x00000060   Code   RO          111    .text.__MK_Main     system.o
    0x00000744   0x00000744   0x0000003c   Code   RO           99    .text._mk_task_switch_  switch.o
    0x00000780   0x00000780   0x0000009c   Code   RO            8    .text.main          main.o
    0x0000081c   0x0000081c   0x00000040   Code   RO          153    .text.mk_SystickInit  systick.o
    0x0000085c   0x0000085c   0x000000a0   Code   RO          109    .text.mk_TaskInit   system.o
    0x000008fc   0x000008fc   0x00000028   Code   RO           27    .text.mk_delay_ms   delay.o
    0x00000924   0x00000924   0x00000002   Code   RO           37    .text.mk_idle_task  idle.o
    0x00000926   0x00000926   0x00000002   PAD
    0x00000928   0x00000928   0x0000001e   Code   RO            2    .text.task1         main.o
    0x00000946   0x00000946   0x00000002   PAD
    0x00000948   0x00000948   0x0000001e   Code   RO            4    .text.task2         main.o
    0x00000966   0x00000966   0x00000002   PAD
    0x00000968   0x00000968   0x0000001e   Code   RO            6    .text.task3         main.o
    0x00000986   0x00000986   0x00000002   PAD
    0x00000988   0x00000988   0x0000005c   Code   RO          146    CODE                cpu.o
    0x000009e4   0x000009e4   0x00000020   Data   RO          370    Region$$Table       anon$$obj.o


    Execution Region RW_IRAM1 (Exec base: 0x20000000, Load base: 0x00000a08, Size: 0x00002018, Max: 0x00020000, ABSOLUTE)

    Exec Addr    Load Addr    Size         Type   Attr      Idx    E Section Name        Object

    0x20000000   0x00000a08   0x00000004   Data   RW          180    .data.SystemCoreClock  system_armcm3.o
    0x20000004   0x00000a0c   0x00000004   PAD
    0x20000008        -       0x00000004   Zero   RW           51    .bss._MK_Current_Pro_  mktype.o
    0x2000000c        -       0x00000004   Zero   RW           50    .bss._MK_Highest_Prio_Index  mktype.o
    0x20000010        -       0x00000004   Zero   RW           52    .bss._MK_Highest_Pro_  mktype.o
    0x20000014        -       0x00000004   Zero   RW           55    .bss._MK_PrioTable  mktype.o
    0x20000018        -       0x00000180   Zero   RW           54    .bss._MK_ReadyList  mktype.o
    0x20000198        -       0x00000004   Zero   RW           10    .bss.bit1           main.o
    0x2000019c        -       0x00000004   Zero   RW           11    .bss.bit2           main.o
    0x200001a0        -       0x00000004   Zero   RW           12    .bss.bit3           main.o
    0x200001a4        -       0x0000001c   Zero   RW           41    .bss.idletask       idle.o
    0x200001c0        -       0x00000200   Zero   RW           42    .bss.idletaskEnv    idle.o
    0x200003c0        -       0x00000800   Zero   RW           14    .bss.taskEnv1       main.o
    0x20000bc0        -       0x00000800   Zero   RW           16    .bss.taskEnv2       main.o
    0x200013c0        -       0x00000800   Zero   RW           18    .bss.taskEnv3       main.o
    0x20001bc0        -       0x0000001c   Zero   RW           13    .bss.task_1         main.o
    0x20001bdc        -       0x0000001c   Zero   RW           15    .bss.task_2         main.o
    0x20001bf8        -       0x0000001c   Zero   RW           17    .bss.task_3         main.o
    0x20001c14   0x00000a0c   0x00000004   PAD
    0x20001c18        -       0x00000400   Zero   RW          168    STACK               startup_armcm3.o


==============================================================================

Image component sizes


      Code (inc. data)   RO Data    RW Data    ZI Data      Debug   Object Name

        92         16          0          0          0        504   cpu.o
        22          0          0          0          0        472   cpu_1.o
        40          0          0          0          0        788   delay.o
        66          8          0          0        540       1225   idle.o
       246         24          0          0       6240       1569   main.o
         0          0          0          0        400       1106   mktype.o
       274          0          0          0          0       5111   priority.o
        56         10        960          0       1024       1160   startup_armcm3.o
        60          0          0          0          0        662   switch.o
       256          0          0          0          0       2269   system.o
        38          0          0          4          0       1386   system_armcm3.o
       130          0          0          0          0       3104   systick.o

    ----------------------------------------------------------------------
      1300         58        992          4       8212      19356   Object Totals
         0          0         32          0          0          0   (incl. Generated)
        20          0          0          0          8          0   (incl. Padding)

    ----------------------------------------------------------------------

      Code (inc. data)   RO Data    RW Data    ZI Data      Debug   Library Member Name

         8          0          0          0          0         68   __main.o
         0          0          0          0          0          0   __rtentry.o
        12          0          0          0          0          0   __rtentry2.o
         8          4          0          0          0          0   __rtentry5.o
        52          8          0          0          0          0   __scatter.o
        26          0          0          0          0          0   __scatter_copy.o
        28          0          0          0          0          0   __scatter_zi.o
        18          0          0          0          0         80   exit.o
         6          0          0          0          0        152   heapauxi.o
         0          0          0          0          0          0   indicate_semi.o
         2          0          0          0          0          0   libinit.o
         2          0          0          0          0          0   libinit2.o
         2          0          0          0          0          0   libshutdown.o
         2          0          0          0          0          0   libshutdown2.o
        78          0          0          0          0         80   rt_memclr_w.o
         2          0          0          0          0          0   rtexit.o
        10          0          0          0          0          0   rtexit2.o
        12          4          0          0          0         68   sys_exit.o
         2          0          0          0          0         68   use_no_semi.o

    ----------------------------------------------------------------------
       272         16          0          0          0        516   Library Totals
         2          0          0          0          0          0   (incl. Padding)

    ----------------------------------------------------------------------

      Code (inc. data)   RO Data    RW Data    ZI Data      Debug   Library Name

       270         16          0          0          0        516   c_w.l

    ----------------------------------------------------------------------
       272         16          0          0          0        516   Library Totals

    ----------------------------------------------------------------------

==============================================================================


      Code (inc. data)   RO Data    RW Data    ZI Data      Debug   

      1572         74        992          4       8212      19572   Grand Totals
      1572         74        992          4       8212      19572   ELF Image Totals
      1572         74        992          4          0          0   ROM Totals

==============================================================================

    Total RO  Size (Code + RO Data)                 2564 (   2.50kB)
    Total RW  Size (RW Data + ZI Data)              8216 (   8.02kB)
    Total ROM Size (Code + RO Data + RW Data)       2568 (   2.51kB)

==============================================================================

