Component: Arm Compiler for Embedded 6.18 Tool: armlink [5e4cc100]

==============================================================================

Section Cross References

    main.o(.text.main) refers to main.o(.bss.taskEnv1) for taskEnv1
    main.o(.text.main) refers to main.o(.bss.task_1) for task_1
    main.o(.text.main) refers to main.o(.text.task1) for task1
    main.o(.text.main) refers to system.o(.text.mk_task_init) for mk_task_init
    main.o(.text.main) refers to main.o(.bss.taskEnv2) for taskEnv2
    main.o(.text.main) refers to main.o(.bss.task_2) for task_2
    main.o(.text.main) refers to main.o(.text.task2) for task2
    main.o(.text.main) refers to data_type.o(.bss._OSReadyList) for _OSReadyList
    main.o(.ARM.exidx.text.main) refers to main.o(.text.main) for [Anonymous Symbol]
    main.o(.text.task1) refers to main.o(.bss.bit1) for bit1
    main.o(.text.task1) refers to delay.o(.text.mk_delay_ms) for mk_delay_ms
    main.o(.ARM.exidx.text.task1) refers to main.o(.text.task1) for [Anonymous Symbol]
    main.o(.text.task2) refers to main.o(.bss.bit2) for bit2
    main.o(.text.task2) refers to delay.o(.text.mk_delay_ms) for mk_delay_ms
    main.o(.ARM.exidx.text.task2) refers to main.o(.text.task2) for [Anonymous Symbol]
    system.o(.text.mk_task_init) refers to priority.o(.text._MK_InsertTCBToPrioTable) for _MK_InsertTCBToPrioTable
    system.o(.ARM.exidx.text.mk_task_init) refers to system.o(.text.mk_task_init) for [Anonymous Symbol]
    system.o(.text._MK_main_) refers to cpu_o.o(.text) for _CPU_InterruptDisable_
    system.o(.text._MK_main_) refers to systick.o(.text.mk_SystickInit) for mk_SystickInit
    system.o(.text._MK_main_) refers to idle.o(.text.mk_idle_init) for mk_idle_init
    system.o(.text._MK_main_) refers to priority.o(.text._MK_PrioInit_) for _MK_PrioInit_
    system.o(.text._MK_main_) refers to priority.o(.text._MK_GetTCBFromPrioTable) for _MK_GetTCBFromPrioTable
    system.o(.text._MK_main_) refers to data_type.o(.bss._MK_Next_Pro_) for _MK_Next_Pro_
    system.o(.text._MK_main_) refers to cpu.o(CODE) for _MK_RTOS_RUN_
    system.o(.ARM.exidx.text._MK_main_) refers to system.o(.text._MK_main_) for [Anonymous Symbol]
    system.o(.text.mk_rtos_init) refers to cpu_o.o(.text) for _CPU_InterruptDisable_
    system.o(.text.mk_rtos_init) refers to systick.o(.text.mk_SystickInit) for mk_SystickInit
    system.o(.text.mk_rtos_init) refers to idle.o(.text.mk_idle_init) for mk_idle_init
    system.o(.text.mk_rtos_init) refers to priority.o(.text._MK_PrioInit_) for _MK_PrioInit_
    system.o(.text.mk_rtos_init) refers to priority.o(.text._MK_GetTCBFromPrioTable) for _MK_GetTCBFromPrioTable
    system.o(.text.mk_rtos_init) refers to data_type.o(.bss._MK_Next_Pro_) for _MK_Next_Pro_
    system.o(.text.mk_rtos_init) refers to cpu.o(CODE) for _MK_RTOS_RUN_
    system.o(.ARM.exidx.text.mk_rtos_init) refers to system.o(.text.mk_rtos_init) for [Anonymous Symbol]
    switch.o(.text._mk_task_switch_) refers to data_type.o(.bss._MK_Current_Pro_) for _MK_Current_Pro_
    switch.o(.text._mk_task_switch_) refers to data_type.o(.bss._OSReadyList) for _OSReadyList
    switch.o(.text._mk_task_switch_) refers to idle.o(.bss.idletask) for idletask
    switch.o(.text._mk_task_switch_) refers to data_type.o(.bss._MK_Next_Pro_) for _MK_Next_Pro_
    switch.o(.text._mk_task_switch_) refers to switch.o(.bss.i) for i
    switch.o(.text._mk_task_switch_) refers to cpu.o(CODE) for _TriggerPendSV_
    switch.o(.ARM.exidx.text._mk_task_switch_) refers to switch.o(.text._mk_task_switch_) for [Anonymous Symbol]
    idle.o(.ARM.exidx.text.mk_idle_task) refers to idle.o(.text.mk_idle_task) for [Anonymous Symbol]
    idle.o(.text.mk_idle_init) refers to idle.o(.bss.idletaskEnv) for idletaskEnv
    idle.o(.text.mk_idle_init) refers to idle.o(.bss.idletask) for idletask
    idle.o(.text.mk_idle_init) refers to idle.o(.text.mk_idle_task) for mk_idle_task
    idle.o(.text.mk_idle_init) refers to system.o(.text.mk_task_init) for mk_task_init
    idle.o(.ARM.exidx.text.mk_idle_init) refers to idle.o(.text.mk_idle_init) for [Anonymous Symbol]
    delay.o(.text.mk_delay_ms) refers to data_type.o(.bss._MK_Current_Pro_) for _MK_Current_Pro_
    delay.o(.text.mk_delay_ms) refers to switch.o(.text._mk_task_switch_) for _mk_task_switch_
    delay.o(.ARM.exidx.text.mk_delay_ms) refers to delay.o(.text.mk_delay_ms) for [Anonymous Symbol]
    priority.o(.text._MK_PrioInit_) refers to priority.o(.bss._MK_Prio_Table_) for _MK_Prio_Table_
    priority.o(.ARM.exidx.text._MK_PrioInit_) refers to priority.o(.text._MK_PrioInit_) for [Anonymous Symbol]
    priority.o(.text._MK_InsertTCBToPrioTable) refers to priority.o(.bss._MK_Prio_Table_) for _MK_Prio_Table_
    priority.o(.ARM.exidx.text._MK_InsertTCBToPrioTable) refers to priority.o(.text._MK_InsertTCBToPrioTable) for [Anonymous Symbol]
    priority.o(.text._MK_GetTCBFromPrioTable) refers to priority.o(.bss._MK_Prio_Table_) for _MK_Prio_Table_
    priority.o(.ARM.exidx.text._MK_GetTCBFromPrioTable) refers to priority.o(.text._MK_GetTCBFromPrioTable) for [Anonymous Symbol]
    cpu.o(CODE) refers to data_type.o(.bss._MK_Current_Pro_) for _MK_Current_Pro_
    cpu.o(CODE) refers to data_type.o(.bss._MK_Next_Pro_) for _MK_Next_Pro_
    systick.o(.text.mk_SystickInit) refers to system_armcm3.o(.data.SystemCoreClock) for SystemCoreClock
    systick.o(.ARM.exidx.text.mk_SystickInit) refers to systick.o(.text.mk_SystickInit) for [Anonymous Symbol]
    systick.o(.text.SysTick_Handler) refers to data_type.o(.bss._OSReadyList) for _OSReadyList
    systick.o(.text.SysTick_Handler) refers to switch.o(.text._mk_task_switch_) for _mk_task_switch_
    systick.o(.ARM.exidx.text.SysTick_Handler) refers to systick.o(.text.SysTick_Handler) for [Anonymous Symbol]
    list.o(.ARM.exidx.text.InsertNode) refers to list.o(.text.InsertNode) for [Anonymous Symbol]
    list.o(.ARM.exidx.text.FindNode) refers to list.o(.text.FindNode) for [Anonymous Symbol]
    list.o(.ARM.exidx.text.DeleteNode) refers to list.o(.text.DeleteNode) for [Anonymous Symbol]
    startup_armcm3.o(STACK) refers (Special) to heapauxi.o(.text) for __use_two_region_memory
    startup_armcm3.o(HEAP) refers (Special) to heapauxi.o(.text) for __use_two_region_memory
    startup_armcm3.o(RESET) refers (Special) to heapauxi.o(.text) for __use_two_region_memory
    startup_armcm3.o(RESET) refers to startup_armcm3.o(STACK) for __initial_sp
    startup_armcm3.o(RESET) refers to startup_armcm3.o(.text) for Reset_Handler
    startup_armcm3.o(RESET) refers to cpu.o(CODE) for PendSV_Handler
    startup_armcm3.o(RESET) refers to systick.o(.text.SysTick_Handler) for SysTick_Handler
    startup_armcm3.o(.text) refers (Special) to heapauxi.o(.text) for __use_two_region_memory
    startup_armcm3.o(.text) refers to system_armcm3.o(.text.SystemInit) for SystemInit
    startup_armcm3.o(.text) refers to system.o(.text._MK_main_) for _MK_main_
    system_armcm3.o(.text.SystemCoreClockUpdate) refers to system_armcm3.o(.data.SystemCoreClock) for SystemCoreClock
    system_armcm3.o(.ARM.exidx.text.SystemCoreClockUpdate) refers to system_armcm3.o(.text.SystemCoreClockUpdate) for [Anonymous Symbol]
    system_armcm3.o(.text.SystemInit) refers to startup_armcm3.o(RESET) for __Vectors
    system_armcm3.o(.text.SystemInit) refers to system_armcm3.o(.data.SystemCoreClock) for SystemCoreClock
    system_armcm3.o(.ARM.exidx.text.SystemInit) refers to system_armcm3.o(.text.SystemInit) for [Anonymous Symbol]
    __main.o(!!!main) refers to __rtentry.o(.ARM.Collect$$rtentry$$00000000) for __rt_entry
    __rtentry.o(.ARM.Collect$$rtentry$$00000000) refers (Special) to __rtentry2.o(.ARM.Collect$$rtentry$$0000000A) for __rt_entry_li
    __rtentry.o(.ARM.Collect$$rtentry$$00000000) refers (Special) to __rtentry2.o(.ARM.Collect$$rtentry$$0000000D) for __rt_entry_main
    __rtentry.o(.ARM.Collect$$rtentry$$00000000) refers (Special) to __rtentry2.o(.ARM.Collect$$rtentry$$0000000C) for __rt_entry_postli_1
    __rtentry.o(.ARM.Collect$$rtentry$$00000000) refers (Special) to __rtentry2.o(.ARM.Collect$$rtentry$$00000009) for __rt_entry_postsh_1
    __rtentry.o(.ARM.Collect$$rtentry$$00000000) refers (Special) to __rtentry2.o(.ARM.Collect$$rtentry$$00000002) for __rt_entry_presh_1
    __rtentry.o(.ARM.Collect$$rtentry$$00000000) refers (Special) to __rtentry5.o(.ARM.Collect$$rtentry$$00000005) for __rt_entry_sh
    __rtentry2.o(.ARM.Collect$$rtentry$$00000008) refers to boardinit2.o(.text) for _platform_post_stackheap_init
    __rtentry2.o(.ARM.Collect$$rtentry$$0000000A) refers to libinit.o(.ARM.Collect$$libinit$$00000000) for __rt_lib_init
    __rtentry2.o(.ARM.Collect$$rtentry$$0000000B) refers to boardinit3.o(.text) for _platform_post_lib_init
    __rtentry2.o(.ARM.Collect$$rtentry$$0000000D) refers to main.o(.text.main) for main
    __rtentry2.o(.ARM.Collect$$rtentry$$0000000D) refers to exit.o(.text) for exit
    __rtentry2.o(.ARM.exidx) refers to __rtentry2.o(.ARM.Collect$$rtentry$$00000001) for .ARM.Collect$$rtentry$$00000001
    __rtentry2.o(.ARM.exidx) refers to __rtentry2.o(.ARM.Collect$$rtentry$$00000008) for .ARM.Collect$$rtentry$$00000008
    __rtentry2.o(.ARM.exidx) refers to __rtentry2.o(.ARM.Collect$$rtentry$$0000000A) for .ARM.Collect$$rtentry$$0000000A
    __rtentry2.o(.ARM.exidx) refers to __rtentry2.o(.ARM.Collect$$rtentry$$0000000B) for .ARM.Collect$$rtentry$$0000000B
    __rtentry2.o(.ARM.exidx) refers to __rtentry2.o(.ARM.Collect$$rtentry$$0000000D) for .ARM.Collect$$rtentry$$0000000D
    __rtentry4.o(.ARM.Collect$$rtentry$$00000004) refers to sys_stackheap_outer.o(.text) for __user_setup_stackheap
    __rtentry4.o(.ARM.exidx) refers to __rtentry4.o(.ARM.Collect$$rtentry$$00000004) for .ARM.Collect$$rtentry$$00000004
    __rtentry5.o(.ARM.Collect$$rtentry$$00000005) refers to __rtentry5.o(.ARM.Collect$$rtentry$$00002716) for __lit__00000000
    __rtentry5.o(.ARM.Collect$$rtentry$$00002716) refers to startup_armcm3.o(STACK) for __initial_sp
    __rtentry5.o(__vectab_stack_and_reset_sym_area) refers to startup_armcm3.o(STACK) for __initial_sp
    __rtentry5.o(__vectab_stack_and_reset_sym_area) refers to __main.o(!!!main) for __main
    __rtentry5.o(.ARM.exidx) refers to __rtentry5.o(.ARM.Collect$$rtentry$$00000005) for .ARM.Collect$$rtentry$$00000005
    __rtentry5.o(.ARM.exidx) refers to __rtentry5.o(.ARM.Collect$$rtentry$$00002716) for .ARM.Collect$$rtentry$$00002716
    sys_stackheap_outer.o(.text) refers to libspace.o(.text) for __user_perproc_libspace
    sys_stackheap_outer.o(.text) refers to sys_stackheap.o(.text) for __user_initial_stackheap
    exit.o(.text) refers to rtexit.o(.ARM.Collect$$rtexit$$00000000) for __rt_exit
    libinit.o(.ARM.Collect$$libinit$$00000000) refers (Special) to libinit2.o(.ARM.Collect$$libinit$$00000030) for __rt_lib_init_alloca_1
    libinit.o(.ARM.Collect$$libinit$$00000000) refers (Special) to libinit2.o(.ARM.Collect$$libinit$$0000002E) for __rt_lib_init_argv_1
    libinit.o(.ARM.Collect$$libinit$$00000000) refers (Special) to libinit2.o(.ARM.Collect$$libinit$$0000001D) for __rt_lib_init_atexit_1
    libinit.o(.ARM.Collect$$libinit$$00000000) refers (Special) to libinit2.o(.ARM.Collect$$libinit$$00000023) for __rt_lib_init_clock_1
    libinit.o(.ARM.Collect$$libinit$$00000000) refers (Special) to libinit2.o(.ARM.Collect$$libinit$$00000034) for __rt_lib_init_cpp_1
    libinit.o(.ARM.Collect$$libinit$$00000000) refers (Special) to libinit2.o(.ARM.Collect$$libinit$$00000032) for __rt_lib_init_exceptions_1
    libinit.o(.ARM.Collect$$libinit$$00000000) refers (Special) to libinit2.o(.ARM.Collect$$libinit$$00000002) for __rt_lib_init_fp_1
    libinit.o(.ARM.Collect$$libinit$$00000000) refers (Special) to libinit2.o(.ARM.Collect$$libinit$$00000021) for __rt_lib_init_fp_trap_1
    libinit.o(.ARM.Collect$$libinit$$00000000) refers (Special) to libinit2.o(.ARM.Collect$$libinit$$00000025) for __rt_lib_init_getenv_1
    libinit.o(.ARM.Collect$$libinit$$00000000) refers (Special) to libinit2.o(.ARM.Collect$$libinit$$0000000C) for __rt_lib_init_heap_1
    libinit.o(.ARM.Collect$$libinit$$00000000) refers (Special) to libinit2.o(.ARM.Collect$$libinit$$00000013) for __rt_lib_init_lc_collate_1
    libinit.o(.ARM.Collect$$libinit$$00000000) refers (Special) to libinit2.o(.ARM.Collect$$libinit$$00000015) for __rt_lib_init_lc_ctype_1
    libinit.o(.ARM.Collect$$libinit$$00000000) refers (Special) to libinit2.o(.ARM.Collect$$libinit$$00000017) for __rt_lib_init_lc_monetary_1
    libinit.o(.ARM.Collect$$libinit$$00000000) refers (Special) to libinit2.o(.ARM.Collect$$libinit$$00000019) for __rt_lib_init_lc_numeric_1
    libinit.o(.ARM.Collect$$libinit$$00000000) refers (Special) to libinit2.o(.ARM.Collect$$libinit$$0000001B) for __rt_lib_init_lc_time_1
    libinit.o(.ARM.Collect$$libinit$$00000000) refers (Special) to libinit2.o(.ARM.Collect$$libinit$$00000006) for __rt_lib_init_preinit_1
    libinit.o(.ARM.Collect$$libinit$$00000000) refers (Special) to libinit2.o(.ARM.Collect$$libinit$$00000010) for __rt_lib_init_rand_1
    libinit.o(.ARM.Collect$$libinit$$00000000) refers (Special) to libinit2.o(.ARM.Collect$$libinit$$00000004) for __rt_lib_init_relocate_pie_1
    libinit.o(.ARM.Collect$$libinit$$00000000) refers (Special) to libinit2.o(.ARM.Collect$$libinit$$00000035) for __rt_lib_init_return
    libinit.o(.ARM.Collect$$libinit$$00000000) refers (Special) to libinit2.o(.ARM.Collect$$libinit$$0000001F) for __rt_lib_init_signal_1
    libinit.o(.ARM.Collect$$libinit$$00000000) refers (Special) to libinit2.o(.ARM.Collect$$libinit$$00000027) for __rt_lib_init_stdio_1
    libinit.o(.ARM.Collect$$libinit$$00000000) refers (Special) to libinit2.o(.ARM.Collect$$libinit$$0000000E) for __rt_lib_init_user_alloc_1
    libspace.o(.text) refers to libspace.o(.bss) for __libspace_start
    sys_stackheap.o(.text) refers (Special) to indicate_semi.o(.text) for __semihosting_library_function
    sys_stackheap.o(.text) refers to use_no_semi.o(.text) for __I$use$semihosting
    sys_stackheap_hlt.o(.text) refers (Special) to indicate_semi.o(.text) for __semihosting_library_function
    sys_stackheap_hlt.o(.text) refers to use_no_semi.o(.text) for __I$use$semihosting
    rtexit.o(.ARM.Collect$$rtexit$$00000000) refers (Special) to rtexit2.o(.ARM.Collect$$rtexit$$00000004) for __rt_exit_exit
    rtexit.o(.ARM.Collect$$rtexit$$00000000) refers (Special) to rtexit2.o(.ARM.Collect$$rtexit$$00000003) for __rt_exit_ls
    rtexit.o(.ARM.Collect$$rtexit$$00000000) refers (Special) to rtexit2.o(.ARM.Collect$$rtexit$$00000002) for __rt_exit_prels_1
    rtexit.o(.ARM.exidx) refers (Special) to rtexit2.o(.ARM.Collect$$rtexit$$00000004) for __rt_exit_exit
    rtexit.o(.ARM.exidx) refers (Special) to rtexit2.o(.ARM.Collect$$rtexit$$00000003) for __rt_exit_ls
    rtexit.o(.ARM.exidx) refers (Special) to rtexit2.o(.ARM.Collect$$rtexit$$00000002) for __rt_exit_prels_1
    rtexit.o(.ARM.exidx) refers to rtexit.o(.ARM.Collect$$rtexit$$00000000) for .ARM.Collect$$rtexit$$00000000
    libinit2.o(.ARM.Collect$$libinit$$00000012) refers to libinit2.o(.ARM.Collect$$libinit$$00000011) for .ARM.Collect$$libinit$$00000011
    libinit2.o(.ARM.Collect$$libinit$$00000014) refers to libinit2.o(.ARM.Collect$$libinit$$00000011) for .ARM.Collect$$libinit$$00000011
    libinit2.o(.ARM.Collect$$libinit$$00000016) refers to libinit2.o(.ARM.Collect$$libinit$$00000011) for .ARM.Collect$$libinit$$00000011
    libinit2.o(.ARM.Collect$$libinit$$00000018) refers to libinit2.o(.ARM.Collect$$libinit$$00000011) for .ARM.Collect$$libinit$$00000011
    libinit2.o(.ARM.Collect$$libinit$$0000001A) refers to libinit2.o(.ARM.Collect$$libinit$$00000011) for .ARM.Collect$$libinit$$00000011
    libinit2.o(.ARM.Collect$$libinit$$00000028) refers to argv_veneer.o(.emb_text) for __ARM_argv_veneer
    libinit2.o(.ARM.Collect$$libinit$$00000029) refers to argv_veneer.o(.emb_text) for __ARM_argv_veneer
    libinit3.o(.ARM.Collect$$libinit$$00000008) refers to libinit3.o(.ARM.Collect$$libinit$$00002719) for __lit__00000000
    libinit3.o(.ARM.Collect$$libinit$$00002719) refers to startup_armcm3.o(HEAP) for __heap_base
    libinit3.o(.ARM.Collect$$libinit$$0000002A) refers to libinit3.o(.ARM.Collect$$libinit$$0000273B) for __lit__00000002
    libinit3.o(.ARM.Collect$$libinit$$0000002A) refers to argv_veneer.o(.emb_text) for __ARM_argv_veneer
    libinit3.o(.ARM.Collect$$libinit$$0000273B) refers to startup_armcm3.o(HEAP) for __heap_base
    rtexit2.o(.ARM.Collect$$rtexit$$00000003) refers to libshutdown.o(.ARM.Collect$$libshutdown$$00000000) for __rt_lib_shutdown
    rtexit2.o(.ARM.Collect$$rtexit$$00000004) refers to sys_exit.o(.text) for _sys_exit
    rtexit2.o(.ARM.exidx) refers to rtexit2.o(.ARM.Collect$$rtexit$$00000001) for .ARM.Collect$$rtexit$$00000001
    rtexit2.o(.ARM.exidx) refers to rtexit2.o(.ARM.Collect$$rtexit$$00000003) for .ARM.Collect$$rtexit$$00000003
    rtexit2.o(.ARM.exidx) refers to rtexit2.o(.ARM.Collect$$rtexit$$00000004) for .ARM.Collect$$rtexit$$00000004
    argv_veneer.o(.emb_text) refers to no_argv.o(.text) for __ARM_get_argv
    sys_exit.o(.text) refers (Special) to use_no_semi.o(.text) for __I$use$semihosting
    sys_exit.o(.text) refers (Special) to indicate_semi.o(.text) for __semihosting_library_function
    sys_exit_hlt.o(.text) refers (Special) to use_no_semi.o(.text) for __I$use$semihosting
    sys_exit_hlt.o(.text) refers (Special) to indicate_semi.o(.text) for __semihosting_library_function
    _get_argv_nomalloc.o(.text) refers (Special) to hrguard.o(.text) for __heap_region$guard
    _get_argv_nomalloc.o(.text) refers to defsig_rtmem_outer.o(.text) for __rt_SIGRTMEM
    _get_argv_nomalloc.o(.text) refers to sys_command.o(.text) for _sys_command_string
    libshutdown.o(.ARM.Collect$$libshutdown$$00000000) refers (Special) to libshutdown2.o(.ARM.Collect$$libshutdown$$00000002) for __rt_lib_shutdown_cpp_1
    libshutdown.o(.ARM.Collect$$libshutdown$$00000000) refers (Special) to libshutdown2.o(.ARM.Collect$$libshutdown$$00000007) for __rt_lib_shutdown_fp_trap_1
    libshutdown.o(.ARM.Collect$$libshutdown$$00000000) refers (Special) to libshutdown2.o(.ARM.Collect$$libshutdown$$0000000F) for __rt_lib_shutdown_heap_1
    libshutdown.o(.ARM.Collect$$libshutdown$$00000000) refers (Special) to libshutdown2.o(.ARM.Collect$$libshutdown$$00000010) for __rt_lib_shutdown_return
    libshutdown.o(.ARM.Collect$$libshutdown$$00000000) refers (Special) to libshutdown2.o(.ARM.Collect$$libshutdown$$0000000A) for __rt_lib_shutdown_signal_1
    libshutdown.o(.ARM.Collect$$libshutdown$$00000000) refers (Special) to libshutdown2.o(.ARM.Collect$$libshutdown$$00000004) for __rt_lib_shutdown_stdio_1
    libshutdown.o(.ARM.Collect$$libshutdown$$00000000) refers (Special) to libshutdown2.o(.ARM.Collect$$libshutdown$$0000000C) for __rt_lib_shutdown_user_alloc_1
    sys_command.o(.text) refers (Special) to use_no_semi.o(.text) for __I$use$semihosting
    sys_command.o(.text) refers (Special) to indicate_semi.o(.text) for __semihosting_library_function
    sys_command_hlt.o(.text) refers (Special) to use_no_semi.o(.text) for __I$use$semihosting
    sys_command_hlt.o(.text) refers (Special) to indicate_semi.o(.text) for __semihosting_library_function
    defsig_rtmem_outer.o(.text) refers to defsig_rtmem_inner.o(.text) for __rt_SIGRTMEM_inner
    defsig_rtmem_outer.o(.text) refers to defsig_exit.o(.text) for __sig_exit
    defsig_rtmem_formal.o(.text) refers to rt_raise.o(.text) for __rt_raise
    rt_raise.o(.text) refers to __raise.o(.text) for __raise
    rt_raise.o(.text) refers to sys_exit.o(.text) for _sys_exit
    defsig_exit.o(.text) refers to sys_exit.o(.text) for _sys_exit
    defsig_rtmem_inner.o(.text) refers to defsig_general.o(.text) for __default_signal_display
    __raise.o(.text) refers to defsig.o(CL$$defsig) for __default_signal_handler
    defsig_general.o(.text) refers to sys_wrch.o(.text) for _ttywrch
    sys_wrch.o(.text) refers (Special) to use_no_semi.o(.text) for __I$use$semihosting
    sys_wrch.o(.text) refers (Special) to indicate_semi.o(.text) for __semihosting_library_function
    sys_wrch_hlt.o(.text) refers (Special) to use_no_semi.o(.text) for __I$use$semihosting
    sys_wrch_hlt.o(.text) refers (Special) to indicate_semi.o(.text) for __semihosting_library_function
    defsig.o(CL$$defsig) refers to defsig_rtmem_inner.o(.text) for __rt_SIGRTMEM_inner
    defsig_abrt_inner.o(.text) refers to defsig_general.o(.text) for __default_signal_display
    defsig_fpe_inner.o(.text) refers to defsig_general.o(.text) for __default_signal_display
    defsig_rtred_inner.o(.text) refers to defsig_general.o(.text) for __default_signal_display
    defsig_stak_inner.o(.text) refers to defsig_general.o(.text) for __default_signal_display
    defsig_pvfn_inner.o(.text) refers to defsig_general.o(.text) for __default_signal_display
    defsig_cppl_inner.o(.text) refers to defsig_general.o(.text) for __default_signal_display
    defsig_segv_inner.o(.text) refers to defsig_general.o(.text) for __default_signal_display
    defsig_other.o(.text) refers to defsig_general.o(.text) for __default_signal_display


==============================================================================

Removing Unused input sections from the image.

    Removing main.o(.text), (0 bytes).
    Removing main.o(.ARM.exidx.text.main), (8 bytes).
    Removing main.o(.ARM.exidx.text.task1), (8 bytes).
    Removing main.o(.ARM.exidx.text.task2), (8 bytes).
    Removing main.o(.ARM.use_no_argv), (4 bytes).
    Removing data_type.o(.text), (0 bytes).
    Removing system.o(.text), (0 bytes).
    Removing system.o(.ARM.exidx.text.mk_task_init), (8 bytes).
    Removing system.o(.ARM.exidx.text._MK_main_), (8 bytes).
    Removing system.o(.text.mk_rtos_init), (40 bytes).
    Removing system.o(.ARM.exidx.text.mk_rtos_init), (8 bytes).
    Removing switch.o(.text), (0 bytes).
    Removing switch.o(.ARM.exidx.text._mk_task_switch_), (8 bytes).
    Removing idle.o(.text), (0 bytes).
    Removing idle.o(.ARM.exidx.text.mk_idle_task), (8 bytes).
    Removing idle.o(.ARM.exidx.text.mk_idle_init), (8 bytes).
    Removing delay.o(.text), (0 bytes).
    Removing delay.o(.ARM.exidx.text.mk_delay_ms), (8 bytes).
    Removing time_stamp.o(.text), (0 bytes).
    Removing priority.o(.text), (0 bytes).
    Removing priority.o(.ARM.exidx.text._MK_PrioInit_), (8 bytes).
    Removing priority.o(.ARM.exidx.text._MK_InsertTCBToPrioTable), (8 bytes).
    Removing priority.o(.ARM.exidx.text._MK_GetTCBFromPrioTable), (8 bytes).
    Removing systick.o(.text), (0 bytes).
    Removing systick.o(.ARM.exidx.text.mk_SystickInit), (8 bytes).
    Removing systick.o(.ARM.exidx.text.SysTick_Handler), (8 bytes).
    Removing list.o(.text), (0 bytes).
    Removing list.o(.text.InsertNode), (2 bytes).
    Removing list.o(.ARM.exidx.text.InsertNode), (8 bytes).
    Removing list.o(.text.FindNode), (2 bytes).
    Removing list.o(.ARM.exidx.text.FindNode), (8 bytes).
    Removing list.o(.text.DeleteNode), (2 bytes).
    Removing list.o(.ARM.exidx.text.DeleteNode), (8 bytes).
    Removing startup_armcm3.o(HEAP), (3072 bytes).
    Removing system_armcm3.o(.text), (0 bytes).
    Removing system_armcm3.o(.text.SystemCoreClockUpdate), (20 bytes).
    Removing system_armcm3.o(.ARM.exidx.text.SystemCoreClockUpdate), (8 bytes).
    Removing system_armcm3.o(.ARM.exidx.text.SystemInit), (8 bytes).

38 unused section(s) (total 3302 bytes) removed from the image.

==============================================================================

Image Symbol Table

    Local Symbols

    Symbol Name                              Value     Ov Type        Size  Object(Section)

    ../clib/angel/boardlib.s                 0x00000000   Number         0  boardinit1.o ABSOLUTE
    ../clib/angel/boardlib.s                 0x00000000   Number         0  boardinit2.o ABSOLUTE
    ../clib/angel/boardlib.s                 0x00000000   Number         0  boardinit3.o ABSOLUTE
    ../clib/angel/boardlib.s                 0x00000000   Number         0  boardshut.o ABSOLUTE
    ../clib/angel/handlers.s                 0x00000000   Number         0  __scatter_copy.o ABSOLUTE
    ../clib/angel/handlers.s                 0x00000000   Number         0  __scatter_zi.o ABSOLUTE
    ../clib/angel/kernel.s                   0x00000000   Number         0  __rtentry.o ABSOLUTE
    ../clib/angel/kernel.s                   0x00000000   Number         0  __rtentry2.o ABSOLUTE
    ../clib/angel/kernel.s                   0x00000000   Number         0  __rtentry4.o ABSOLUTE
    ../clib/angel/kernel.s                   0x00000000   Number         0  __rtentry5.o ABSOLUTE
    ../clib/angel/kernel.s                   0x00000000   Number         0  rtexit.o ABSOLUTE
    ../clib/angel/kernel.s                   0x00000000   Number         0  rtexit2.o ABSOLUTE
    ../clib/angel/rt.s                       0x00000000   Number         0  rt_raise.o ABSOLUTE
    ../clib/angel/scatter.s                  0x00000000   Number         0  __scatter.o ABSOLUTE
    ../clib/angel/startup.s                  0x00000000   Number         0  __main.o ABSOLUTE
    ../clib/angel/sys.s                      0x00000000   Number         0  sys_stackheap_outer.o ABSOLUTE
    ../clib/angel/sys.s                      0x00000000   Number         0  libspace.o ABSOLUTE
    ../clib/angel/sys.s                      0x00000000   Number         0  sys_stackheap.o ABSOLUTE
    ../clib/angel/sys.s                      0x00000000   Number         0  sys_stackheap_hlt.o ABSOLUTE
    ../clib/angel/sys.s                      0x00000000   Number         0  use_no_semi.o ABSOLUTE
    ../clib/angel/sys.s                      0x00000000   Number         0  indicate_semi.o ABSOLUTE
    ../clib/angel/sysapp.c                   0x00000000   Number         0  sys_exit.o ABSOLUTE
    ../clib/angel/sysapp.c                   0x00000000   Number         0  sys_exit_hlt.o ABSOLUTE
    ../clib/angel/sysapp.c                   0x00000000   Number         0  sys_command.o ABSOLUTE
    ../clib/angel/sysapp.c                   0x00000000   Number         0  sys_command_hlt.o ABSOLUTE
    ../clib/angel/sysapp.c                   0x00000000   Number         0  sys_wrch.o ABSOLUTE
    ../clib/angel/sysapp.c                   0x00000000   Number         0  sys_wrch_hlt.o ABSOLUTE
    ../clib/armsys.c                         0x00000000   Number         0  argv_veneer.o ABSOLUTE
    ../clib/armsys.c                         0x00000000   Number         0  argv_veneer.o ABSOLUTE
    ../clib/armsys.c                         0x00000000   Number         0  _get_argv_nomalloc.o ABSOLUTE
    ../clib/armsys.c                         0x00000000   Number         0  no_argv.o ABSOLUTE
    ../clib/heapalloc.c                      0x00000000   Number         0  hrguard.o ABSOLUTE
    ../clib/heapaux.c                        0x00000000   Number         0  heapauxi.o ABSOLUTE
    ../clib/libinit.s                        0x00000000   Number         0  libinit.o ABSOLUTE
    ../clib/libinit.s                        0x00000000   Number         0  libinit2.o ABSOLUTE
    ../clib/libinit.s                        0x00000000   Number         0  libinit3.o ABSOLUTE
    ../clib/libinit.s                        0x00000000   Number         0  libshutdown.o ABSOLUTE
    ../clib/libinit.s                        0x00000000   Number         0  libshutdown2.o ABSOLUTE
    ../clib/signal.c                         0x00000000   Number         0  defsig_rtmem_outer.o ABSOLUTE
    ../clib/signal.c                         0x00000000   Number         0  defsig_rtmem_formal.o ABSOLUTE
    ../clib/signal.c                         0x00000000   Number         0  defsig_exit.o ABSOLUTE
    ../clib/signal.c                         0x00000000   Number         0  defsig_rtmem_inner.o ABSOLUTE
    ../clib/signal.c                         0x00000000   Number         0  __raise.o ABSOLUTE
    ../clib/signal.c                         0x00000000   Number         0  defsig_general.o ABSOLUTE
    ../clib/signal.c                         0x00000000   Number         0  defsig_abrt_inner.o ABSOLUTE
    ../clib/signal.c                         0x00000000   Number         0  defsig_fpe_inner.o ABSOLUTE
    ../clib/signal.c                         0x00000000   Number         0  defsig_rtred_inner.o ABSOLUTE
    ../clib/signal.c                         0x00000000   Number         0  defsig_stak_inner.o ABSOLUTE
    ../clib/signal.c                         0x00000000   Number         0  defsig_pvfn_inner.o ABSOLUTE
    ../clib/signal.c                         0x00000000   Number         0  defsig_cppl_inner.o ABSOLUTE
    ../clib/signal.c                         0x00000000   Number         0  defsig_segv_inner.o ABSOLUTE
    ../clib/signal.c                         0x00000000   Number         0  defsig_other.o ABSOLUTE
    ../clib/signal.s                         0x00000000   Number         0  defsig.o ABSOLUTE
    ../clib/stdlib.c                         0x00000000   Number         0  exit.o ABSOLUTE
    ../fplib/fpinit.s                        0x00000000   Number         0  fpinit.o ABSOLUTE
    ../fplib/fpinit_empty.s                  0x00000000   Number         0  fpinit_empty.o ABSOLUTE
    ..\kernel\libcpu\m3\cpu.s                0x00000000   Number         0  cpu.o ABSOLUTE
    ..\kernel\libcpu\m3\cpu_o.asm            0x00000000   Number         0  cpu_o.o ABSOLUTE
    RTE/Device/ARMCM3/startup_ARMCM3.s       0x00000000   Number         0  startup_armcm3.o ABSOLUTE
    data_type.c                              0x00000000   Number         0  data_type.o ABSOLUTE
    dc.s                                     0x00000000   Number         0  dc.o ABSOLUTE
    delay.c                                  0x00000000   Number         0  delay.o ABSOLUTE
    idle.c                                   0x00000000   Number         0  idle.o ABSOLUTE
    list.c                                   0x00000000   Number         0  list.o ABSOLUTE
    main.c                                   0x00000000   Number         0  main.o ABSOLUTE
    priority.c                               0x00000000   Number         0  priority.o ABSOLUTE
    switch.c                                 0x00000000   Number         0  switch.o ABSOLUTE
    system.c                                 0x00000000   Number         0  system.o ABSOLUTE
    system_ARMCM3.c                          0x00000000   Number         0  system_armcm3.o ABSOLUTE
    systick.c                                0x00000000   Number         0  systick.o ABSOLUTE
    time_stamp.c                             0x00000000   Number         0  time_stamp.o ABSOLUTE
    RESET                                    0x00000000   Section      960  startup_armcm3.o(RESET)
    !!!main                                  0x000003c0   Section        8  __main.o(!!!main)
    !!!scatter                               0x000003c8   Section       52  __scatter.o(!!!scatter)
    !!handler_copy                           0x000003fc   Section       26  __scatter_copy.o(!!handler_copy)
    !!handler_zi                             0x00000418   Section       28  __scatter_zi.o(!!handler_zi)
    .ARM.Collect$$libinit$$00000000          0x00000434   Section        2  libinit.o(.ARM.Collect$$libinit$$00000000)
    .ARM.Collect$$libinit$$00000002          0x00000436   Section        0  libinit2.o(.ARM.Collect$$libinit$$00000002)
    .ARM.Collect$$libinit$$00000004          0x00000436   Section        0  libinit2.o(.ARM.Collect$$libinit$$00000004)
    .ARM.Collect$$libinit$$00000006          0x00000436   Section        0  libinit2.o(.ARM.Collect$$libinit$$00000006)
    .ARM.Collect$$libinit$$0000000C          0x00000436   Section        0  libinit2.o(.ARM.Collect$$libinit$$0000000C)
    .ARM.Collect$$libinit$$0000000E          0x00000436   Section        0  libinit2.o(.ARM.Collect$$libinit$$0000000E)
    .ARM.Collect$$libinit$$00000010          0x00000436   Section        0  libinit2.o(.ARM.Collect$$libinit$$00000010)
    .ARM.Collect$$libinit$$00000013          0x00000436   Section        0  libinit2.o(.ARM.Collect$$libinit$$00000013)
    .ARM.Collect$$libinit$$00000015          0x00000436   Section        0  libinit2.o(.ARM.Collect$$libinit$$00000015)
    .ARM.Collect$$libinit$$00000017          0x00000436   Section        0  libinit2.o(.ARM.Collect$$libinit$$00000017)
    .ARM.Collect$$libinit$$00000019          0x00000436   Section        0  libinit2.o(.ARM.Collect$$libinit$$00000019)
    .ARM.Collect$$libinit$$0000001B          0x00000436   Section        0  libinit2.o(.ARM.Collect$$libinit$$0000001B)
    .ARM.Collect$$libinit$$0000001D          0x00000436   Section        0  libinit2.o(.ARM.Collect$$libinit$$0000001D)
    .ARM.Collect$$libinit$$0000001F          0x00000436   Section        0  libinit2.o(.ARM.Collect$$libinit$$0000001F)
    .ARM.Collect$$libinit$$00000021          0x00000436   Section        0  libinit2.o(.ARM.Collect$$libinit$$00000021)
    .ARM.Collect$$libinit$$00000023          0x00000436   Section        0  libinit2.o(.ARM.Collect$$libinit$$00000023)
    .ARM.Collect$$libinit$$00000025          0x00000436   Section        0  libinit2.o(.ARM.Collect$$libinit$$00000025)
    .ARM.Collect$$libinit$$00000027          0x00000436   Section        0  libinit2.o(.ARM.Collect$$libinit$$00000027)
    .ARM.Collect$$libinit$$0000002E          0x00000436   Section        0  libinit2.o(.ARM.Collect$$libinit$$0000002E)
    .ARM.Collect$$libinit$$00000030          0x00000436   Section        0  libinit2.o(.ARM.Collect$$libinit$$00000030)
    .ARM.Collect$$libinit$$00000032          0x00000436   Section        0  libinit2.o(.ARM.Collect$$libinit$$00000032)
    .ARM.Collect$$libinit$$00000034          0x00000436   Section        0  libinit2.o(.ARM.Collect$$libinit$$00000034)
    .ARM.Collect$$libinit$$00000035          0x00000436   Section        2  libinit2.o(.ARM.Collect$$libinit$$00000035)
    .ARM.Collect$$libshutdown$$00000000      0x00000438   Section        2  libshutdown.o(.ARM.Collect$$libshutdown$$00000000)
    .ARM.Collect$$libshutdown$$00000002      0x0000043a   Section        0  libshutdown2.o(.ARM.Collect$$libshutdown$$00000002)
    .ARM.Collect$$libshutdown$$00000004      0x0000043a   Section        0  libshutdown2.o(.ARM.Collect$$libshutdown$$00000004)
    .ARM.Collect$$libshutdown$$00000007      0x0000043a   Section        0  libshutdown2.o(.ARM.Collect$$libshutdown$$00000007)
    .ARM.Collect$$libshutdown$$0000000A      0x0000043a   Section        0  libshutdown2.o(.ARM.Collect$$libshutdown$$0000000A)
    .ARM.Collect$$libshutdown$$0000000C      0x0000043a   Section        0  libshutdown2.o(.ARM.Collect$$libshutdown$$0000000C)
    .ARM.Collect$$libshutdown$$0000000F      0x0000043a   Section        0  libshutdown2.o(.ARM.Collect$$libshutdown$$0000000F)
    .ARM.Collect$$libshutdown$$00000010      0x0000043a   Section        2  libshutdown2.o(.ARM.Collect$$libshutdown$$00000010)
    .ARM.Collect$$rtentry$$00000000          0x0000043c   Section        0  __rtentry.o(.ARM.Collect$$rtentry$$00000000)
    .ARM.Collect$$rtentry$$00000002          0x0000043c   Section        0  __rtentry2.o(.ARM.Collect$$rtentry$$00000002)
    .ARM.Collect$$rtentry$$00000005          0x0000043c   Section        4  __rtentry5.o(.ARM.Collect$$rtentry$$00000005)
    .ARM.Collect$$rtentry$$00000009          0x00000440   Section        0  __rtentry2.o(.ARM.Collect$$rtentry$$00000009)
    .ARM.Collect$$rtentry$$0000000A          0x00000440   Section        4  __rtentry2.o(.ARM.Collect$$rtentry$$0000000A)
    .ARM.Collect$$rtentry$$0000000C          0x00000444   Section        0  __rtentry2.o(.ARM.Collect$$rtentry$$0000000C)
    .ARM.Collect$$rtentry$$0000000D          0x00000444   Section        8  __rtentry2.o(.ARM.Collect$$rtentry$$0000000D)
    __lit__00000000                          0x0000044c   Data           4  __rtentry5.o(.ARM.Collect$$rtentry$$00002716)
    .ARM.Collect$$rtentry$$00002716          0x0000044c   Section        4  __rtentry5.o(.ARM.Collect$$rtentry$$00002716)
    .ARM.Collect$$rtexit$$00000000           0x00000450   Section        2  rtexit.o(.ARM.Collect$$rtexit$$00000000)
    .ARM.Collect$$rtexit$$00000002           0x00000452   Section        0  rtexit2.o(.ARM.Collect$$rtexit$$00000002)
    .ARM.Collect$$rtexit$$00000003           0x00000452   Section        4  rtexit2.o(.ARM.Collect$$rtexit$$00000003)
    .ARM.Collect$$rtexit$$00000004           0x00000456   Section        6  rtexit2.o(.ARM.Collect$$rtexit$$00000004)
    .text                                    0x0000045c   Section       22  cpu_o.o(.text)
    .text                                    0x00000474   Section       56  startup_armcm3.o(.text)
    .text                                    0x000004ac   Section        0  heapauxi.o(.text)
    .text                                    0x000004b2   Section        0  exit.o(.text)
    .text                                    0x000004c4   Section        2  use_no_semi.o(.text)
    .text                                    0x000004c6   Section        0  indicate_semi.o(.text)
    .text                                    0x000004c8   Section        0  sys_exit.o(.text)
    [Anonymous Symbol]                       0x000004d4   Section        0  systick.o(.text.SysTick_Handler)
    [Anonymous Symbol]                       0x000004f8   Section        0  system_armcm3.o(.text.SystemInit)
    [Anonymous Symbol]                       0x00000520   Section        0  priority.o(.text._MK_GetTCBFromPrioTable)
    [Anonymous Symbol]                       0x0000055c   Section        0  priority.o(.text._MK_InsertTCBToPrioTable)
    [Anonymous Symbol]                       0x0000058c   Section        0  priority.o(.text._MK_PrioInit_)
    [Anonymous Symbol]                       0x000005a8   Section        0  system.o(.text._MK_main_)
    [Anonymous Symbol]                       0x000005d4   Section        0  switch.o(.text._mk_task_switch_)
    [Anonymous Symbol]                       0x00000648   Section        0  main.o(.text.main)
    [Anonymous Symbol]                       0x000006b4   Section        0  systick.o(.text.mk_SystickInit)
    [Anonymous Symbol]                       0x000006f4   Section        0  delay.o(.text.mk_delay_ms)
    [Anonymous Symbol]                       0x00000708   Section        0  idle.o(.text.mk_idle_init)
    [Anonymous Symbol]                       0x0000073c   Section        0  idle.o(.text.mk_idle_task)
    [Anonymous Symbol]                       0x00000740   Section        0  system.o(.text.mk_task_init)
    [Anonymous Symbol]                       0x000007a8   Section        0  main.o(.text.task1)
    [Anonymous Symbol]                       0x000007c8   Section        0  main.o(.text.task2)
    CODE                                     0x000007e8   Section       92  cpu.o(CODE)
    _MK_Prio_Table_                          0x20000010   Data         640  priority.o(.bss._MK_Prio_Table_)
    [Anonymous Symbol]                       0x20000010   Section        0  priority.o(.bss._MK_Prio_Table_)
    idletaskEnv                              0x20000530   Data         512  idle.o(.bss.idletaskEnv)
    [Anonymous Symbol]                       0x20000530   Section        0  idle.o(.bss.idletaskEnv)
    STACK                                    0x20001758   Section     1024  startup_armcm3.o(STACK)

    Global Symbols

    Symbol Name                              Value     Ov Type        Size  Object(Section)

    BuildAttributes$$THM_ISAv4$P$D$K$B$S$PE$A:L22UL41UL21$X:L11$S22US41US21$IEEE1$IW$~IW$USESV6$~STKCKD$USESV7$~SHL$OTIME$ROPI$EBA8$UX$STANDARDLIB$REQ8$PRES8$EABIv2 0x00000000   Number         0  anon$$obj.o ABSOLUTE
    __Vectors                                0x00000000   Data           4  startup_armcm3.o(RESET)
    __fp_init_empty                          0x00000000   Number         0  fpinit_empty.o ABSOLUTE
    Image$$ZI$$Limit                          - Undefined Weak Reference
    __ARM_exceptions_init                     - Undefined Weak Reference
    __alloca_initialize                       - Undefined Weak Reference
    __arm_preinit_                            - Undefined Weak Reference
    __arm_relocate_pie_                       - Undefined Weak Reference
    __cpp_initialize__aeabi_                  - Undefined Weak Reference
    __cxa_finalize                            - Undefined Weak Reference
    __rt_locale                               - Undefined Weak Reference
    __sigvec_lookup                           - Undefined Weak Reference
    _atexit_init                              - Undefined Weak Reference
    _call_atexit_fns                          - Undefined Weak Reference
    _clock_init                               - Undefined Weak Reference
    _fp_trap_init                             - Undefined Weak Reference
    _fp_trap_shutdown                         - Undefined Weak Reference
    _get_lc_collate                           - Undefined Weak Reference
    _get_lc_ctype                             - Undefined Weak Reference
    _get_lc_monetary                          - Undefined Weak Reference
    _get_lc_numeric                           - Undefined Weak Reference
    _get_lc_time                              - Undefined Weak Reference
    _getenv_init                              - Undefined Weak Reference
    _handle_redirection                       - Undefined Weak Reference
    _init_alloc                               - Undefined Weak Reference
    _init_user_alloc                          - Undefined Weak Reference
    _initio                                   - Undefined Weak Reference
    _rand_init                                - Undefined Weak Reference
    _signal_finish                            - Undefined Weak Reference
    _signal_init                              - Undefined Weak Reference
    _terminate_alloc                          - Undefined Weak Reference
    _terminate_user_alloc                     - Undefined Weak Reference
    _terminateio                              - Undefined Weak Reference
    __Vectors_End                            0x000003c0   Data           0  startup_armcm3.o(RESET)
    __Vectors_Size                           0x000003c0   Number         0  startup_armcm3.o ABSOLUTE
    __main                                   0x000003c1   Thumb Code     8  __main.o(!!!main)
    __scatterload                            0x000003c9   Thumb Code     0  __scatter.o(!!!scatter)
    __scatterload_rt2                        0x000003c9   Thumb Code    44  __scatter.o(!!!scatter)
    __scatterload_rt2_thumb_only             0x000003c9   Thumb Code     0  __scatter.o(!!!scatter)
    __scatterload_null                       0x000003d7   Thumb Code     0  __scatter.o(!!!scatter)
    __scatterload_copy                       0x000003fd   Thumb Code    26  __scatter_copy.o(!!handler_copy)
    __scatterload_zeroinit                   0x00000419   Thumb Code    28  __scatter_zi.o(!!handler_zi)
    __rt_lib_init                            0x00000435   Thumb Code     0  libinit.o(.ARM.Collect$$libinit$$00000000)
    __rt_lib_init_alloca_1                   0x00000437   Thumb Code     0  libinit2.o(.ARM.Collect$$libinit$$00000030)
    __rt_lib_init_argv_1                     0x00000437   Thumb Code     0  libinit2.o(.ARM.Collect$$libinit$$0000002E)
    __rt_lib_init_atexit_1                   0x00000437   Thumb Code     0  libinit2.o(.ARM.Collect$$libinit$$0000001D)
    __rt_lib_init_clock_1                    0x00000437   Thumb Code     0  libinit2.o(.ARM.Collect$$libinit$$00000023)
    __rt_lib_init_cpp_1                      0x00000437   Thumb Code     0  libinit2.o(.ARM.Collect$$libinit$$00000034)
    __rt_lib_init_exceptions_1               0x00000437   Thumb Code     0  libinit2.o(.ARM.Collect$$libinit$$00000032)
    __rt_lib_init_fp_1                       0x00000437   Thumb Code     0  libinit2.o(.ARM.Collect$$libinit$$00000002)
    __rt_lib_init_fp_trap_1                  0x00000437   Thumb Code     0  libinit2.o(.ARM.Collect$$libinit$$00000021)
    __rt_lib_init_getenv_1                   0x00000437   Thumb Code     0  libinit2.o(.ARM.Collect$$libinit$$00000025)
    __rt_lib_init_heap_1                     0x00000437   Thumb Code     0  libinit2.o(.ARM.Collect$$libinit$$0000000C)
    __rt_lib_init_lc_collate_1               0x00000437   Thumb Code     0  libinit2.o(.ARM.Collect$$libinit$$00000013)
    __rt_lib_init_lc_ctype_1                 0x00000437   Thumb Code     0  libinit2.o(.ARM.Collect$$libinit$$00000015)
    __rt_lib_init_lc_monetary_1              0x00000437   Thumb Code     0  libinit2.o(.ARM.Collect$$libinit$$00000017)
    __rt_lib_init_lc_numeric_1               0x00000437   Thumb Code     0  libinit2.o(.ARM.Collect$$libinit$$00000019)
    __rt_lib_init_lc_time_1                  0x00000437   Thumb Code     0  libinit2.o(.ARM.Collect$$libinit$$0000001B)
    __rt_lib_init_preinit_1                  0x00000437   Thumb Code     0  libinit2.o(.ARM.Collect$$libinit$$00000006)
    __rt_lib_init_rand_1                     0x00000437   Thumb Code     0  libinit2.o(.ARM.Collect$$libinit$$00000010)
    __rt_lib_init_relocate_pie_1             0x00000437   Thumb Code     0  libinit2.o(.ARM.Collect$$libinit$$00000004)
    __rt_lib_init_return                     0x00000437   Thumb Code     0  libinit2.o(.ARM.Collect$$libinit$$00000035)
    __rt_lib_init_signal_1                   0x00000437   Thumb Code     0  libinit2.o(.ARM.Collect$$libinit$$0000001F)
    __rt_lib_init_stdio_1                    0x00000437   Thumb Code     0  libinit2.o(.ARM.Collect$$libinit$$00000027)
    __rt_lib_init_user_alloc_1               0x00000437   Thumb Code     0  libinit2.o(.ARM.Collect$$libinit$$0000000E)
    __rt_lib_shutdown                        0x00000439   Thumb Code     0  libshutdown.o(.ARM.Collect$$libshutdown$$00000000)
    __rt_lib_shutdown_cpp_1                  0x0000043b   Thumb Code     0  libshutdown2.o(.ARM.Collect$$libshutdown$$00000002)
    __rt_lib_shutdown_fp_trap_1              0x0000043b   Thumb Code     0  libshutdown2.o(.ARM.Collect$$libshutdown$$00000007)
    __rt_lib_shutdown_heap_1                 0x0000043b   Thumb Code     0  libshutdown2.o(.ARM.Collect$$libshutdown$$0000000F)
    __rt_lib_shutdown_return                 0x0000043b   Thumb Code     0  libshutdown2.o(.ARM.Collect$$libshutdown$$00000010)
    __rt_lib_shutdown_signal_1               0x0000043b   Thumb Code     0  libshutdown2.o(.ARM.Collect$$libshutdown$$0000000A)
    __rt_lib_shutdown_stdio_1                0x0000043b   Thumb Code     0  libshutdown2.o(.ARM.Collect$$libshutdown$$00000004)
    __rt_lib_shutdown_user_alloc_1           0x0000043b   Thumb Code     0  libshutdown2.o(.ARM.Collect$$libshutdown$$0000000C)
    __rt_entry                               0x0000043d   Thumb Code     0  __rtentry.o(.ARM.Collect$$rtentry$$00000000)
    __rt_entry_presh_1                       0x0000043d   Thumb Code     0  __rtentry2.o(.ARM.Collect$$rtentry$$00000002)
    __rt_entry_sh                            0x0000043d   Thumb Code     0  __rtentry5.o(.ARM.Collect$$rtentry$$00000005)
    __rt_entry_li                            0x00000441   Thumb Code     0  __rtentry2.o(.ARM.Collect$$rtentry$$0000000A)
    __rt_entry_postsh_1                      0x00000441   Thumb Code     0  __rtentry2.o(.ARM.Collect$$rtentry$$00000009)
    __rt_entry_main                          0x00000445   Thumb Code     0  __rtentry2.o(.ARM.Collect$$rtentry$$0000000D)
    __rt_entry_postli_1                      0x00000445   Thumb Code     0  __rtentry2.o(.ARM.Collect$$rtentry$$0000000C)
    __rt_exit                                0x00000451   Thumb Code     0  rtexit.o(.ARM.Collect$$rtexit$$00000000)
    __rt_exit_ls                             0x00000453   Thumb Code     0  rtexit2.o(.ARM.Collect$$rtexit$$00000003)
    __rt_exit_prels_1                        0x00000453   Thumb Code     0  rtexit2.o(.ARM.Collect$$rtexit$$00000002)
    __rt_exit_exit                           0x00000457   Thumb Code     0  rtexit2.o(.ARM.Collect$$rtexit$$00000004)
    _CPU_InterruptEnable_                    0x0000045d   Thumb Code     4  cpu_o.o(.text)
    _CPU_InterruptDisable_                   0x00000461   Thumb Code     4  cpu_o.o(.text)
    _MK_SR_Save_                             0x00000465   Thumb Code     8  cpu_o.o(.text)
    _MK_SR_Restore_                          0x0000046d   Thumb Code     6  cpu_o.o(.text)
    Reset_Handler                            0x00000475   Thumb Code     8  startup_armcm3.o(.text)
    NMI_Handler                              0x0000047d   Thumb Code     2  startup_armcm3.o(.text)
    HardFault_Handler                        0x0000047f   Thumb Code     2  startup_armcm3.o(.text)
    MemManage_Handler                        0x00000481   Thumb Code     2  startup_armcm3.o(.text)
    BusFault_Handler                         0x00000483   Thumb Code     2  startup_armcm3.o(.text)
    UsageFault_Handler                       0x00000485   Thumb Code     2  startup_armcm3.o(.text)
    SVC_Handler                              0x00000487   Thumb Code     2  startup_armcm3.o(.text)
    DebugMon_Handler                         0x00000489   Thumb Code     2  startup_armcm3.o(.text)
    Interrupt0_Handler                       0x0000048f   Thumb Code     2  startup_armcm3.o(.text)
    Interrupt1_Handler                       0x00000491   Thumb Code     2  startup_armcm3.o(.text)
    Interrupt2_Handler                       0x00000493   Thumb Code     2  startup_armcm3.o(.text)
    Interrupt3_Handler                       0x00000495   Thumb Code     2  startup_armcm3.o(.text)
    Interrupt4_Handler                       0x00000497   Thumb Code     2  startup_armcm3.o(.text)
    Interrupt5_Handler                       0x00000499   Thumb Code     2  startup_armcm3.o(.text)
    Interrupt6_Handler                       0x0000049b   Thumb Code     2  startup_armcm3.o(.text)
    Interrupt7_Handler                       0x0000049d   Thumb Code     2  startup_armcm3.o(.text)
    Interrupt8_Handler                       0x0000049f   Thumb Code     2  startup_armcm3.o(.text)
    Interrupt9_Handler                       0x000004a1   Thumb Code     2  startup_armcm3.o(.text)
    __use_two_region_memory                  0x000004ad   Thumb Code     2  heapauxi.o(.text)
    __rt_heap_escrow$2region                 0x000004af   Thumb Code     2  heapauxi.o(.text)
    __rt_heap_expand$2region                 0x000004b1   Thumb Code     2  heapauxi.o(.text)
    exit                                     0x000004b3   Thumb Code    18  exit.o(.text)
    __I$use$semihosting                      0x000004c5   Thumb Code     0  use_no_semi.o(.text)
    __use_no_semihosting_swi                 0x000004c5   Thumb Code     2  use_no_semi.o(.text)
    __semihosting_library_function           0x000004c7   Thumb Code     0  indicate_semi.o(.text)
    _sys_exit                                0x000004c9   Thumb Code     8  sys_exit.o(.text)
    SysTick_Handler                          0x000004d5   Thumb Code    34  systick.o(.text.SysTick_Handler)
    SystemInit                               0x000004f9   Thumb Code    38  system_armcm3.o(.text.SystemInit)
    _MK_GetTCBFromPrioTable                  0x00000521   Thumb Code    60  priority.o(.text._MK_GetTCBFromPrioTable)
    _MK_InsertTCBToPrioTable                 0x0000055d   Thumb Code    46  priority.o(.text._MK_InsertTCBToPrioTable)
    _MK_PrioInit_                            0x0000058d   Thumb Code    28  priority.o(.text._MK_PrioInit_)
    _MK_main_                                0x000005a9   Thumb Code    42  system.o(.text._MK_main_)
    _mk_task_switch_                         0x000005d5   Thumb Code   114  switch.o(.text._mk_task_switch_)
    main                                     0x00000649   Thumb Code   106  main.o(.text.main)
    mk_SystickInit                           0x000006b5   Thumb Code    64  systick.o(.text.mk_SystickInit)
    mk_delay_ms                              0x000006f5   Thumb Code    20  delay.o(.text.mk_delay_ms)
    mk_idle_init                             0x00000709   Thumb Code    50  idle.o(.text.mk_idle_init)
    mk_idle_task                             0x0000073d   Thumb Code     2  idle.o(.text.mk_idle_task)
    mk_task_init                             0x00000741   Thumb Code   104  system.o(.text.mk_task_init)
    task1                                    0x000007a9   Thumb Code    30  main.o(.text.task1)
    task2                                    0x000007c9   Thumb Code    30  main.o(.text.task2)
    _MK_RTOS_RUN_                            0x000007e9   Thumb Code    24  cpu.o(CODE)
    _TriggerPendSV_                          0x00000801   Thumb Code     8  cpu.o(CODE)
    PendSV_Handler                           0x00000809   Thumb Code    16  cpu.o(CODE)
    Region$$Table$$Base                      0x00000844   Number         0  anon$$obj.o(Region$$Table)
    Region$$Table$$Limit                     0x00000864   Number         0  anon$$obj.o(Region$$Table)
    SystemCoreClock                          0x20000000   Data           4  system_armcm3.o(.data.SystemCoreClock)
    _MK_Current_Pro_                         0x20000008   Data           4  data_type.o(.bss._MK_Current_Pro_)
    _MK_Next_Pro_                            0x2000000c   Data           4  data_type.o(.bss._MK_Next_Pro_)
    _OSReadyList                             0x20000290   Data         640  data_type.o(.bss._OSReadyList)
    bit1                                     0x20000510   Data           4  main.o(.bss.bit1)
    bit2                                     0x20000514   Data           4  main.o(.bss.bit2)
    i                                        0x20000518   Data           4  switch.o(.bss.i)
    idletask                                 0x2000051c   Data          20  idle.o(.bss.idletask)
    taskEnv1                                 0x20000730   Data        2048  main.o(.bss.taskEnv1)
    taskEnv2                                 0x20000f30   Data        2048  main.o(.bss.taskEnv2)
    task_1                                   0x20001730   Data          20  main.o(.bss.task_1)
    task_2                                   0x20001744   Data          20  main.o(.bss.task_2)
    __stack_limit                            0x20001758   Data           0  startup_armcm3.o(STACK)
    __initial_sp                             0x20001b58   Data           0  startup_armcm3.o(STACK)



==============================================================================

Memory Map of the image

  Image Entry point : 0x000003c1

  Load Region LR_IROM1 (Base: 0x00000000, Size: 0x00000870, Max: 0x00040000, ABSOLUTE)

    Execution Region ER_IROM1 (Exec base: 0x00000000, Load base: 0x00000000, Size: 0x00000864, Max: 0x00040000, ABSOLUTE)

    Exec Addr    Load Addr    Size         Type   Attr      Idx    E Section Name        Object

    0x00000000   0x00000000   0x000003c0   Data   RO          127    RESET               startup_armcm3.o
    0x000003c0   0x000003c0   0x00000008   Code   RO          148  * !!!main             c_w.l(__main.o)
    0x000003c8   0x000003c8   0x00000034   Code   RO          326    !!!scatter          c_w.l(__scatter.o)
    0x000003fc   0x000003fc   0x0000001a   Code   RO          328    !!handler_copy      c_w.l(__scatter_copy.o)
    0x00000416   0x00000416   0x00000002   PAD
    0x00000418   0x00000418   0x0000001c   Code   RO          330    !!handler_zi        c_w.l(__scatter_zi.o)
    0x00000434   0x00000434   0x00000002   Code   RO          180    .ARM.Collect$$libinit$$00000000  c_w.l(libinit.o)
    0x00000436   0x00000436   0x00000000   Code   RO          191    .ARM.Collect$$libinit$$00000002  c_w.l(libinit2.o)
    0x00000436   0x00000436   0x00000000   Code   RO          193    .ARM.Collect$$libinit$$00000004  c_w.l(libinit2.o)
    0x00000436   0x00000436   0x00000000   Code   RO          195    .ARM.Collect$$libinit$$00000006  c_w.l(libinit2.o)
    0x00000436   0x00000436   0x00000000   Code   RO          198    .ARM.Collect$$libinit$$0000000C  c_w.l(libinit2.o)
    0x00000436   0x00000436   0x00000000   Code   RO          200    .ARM.Collect$$libinit$$0000000E  c_w.l(libinit2.o)
    0x00000436   0x00000436   0x00000000   Code   RO          202    .ARM.Collect$$libinit$$00000010  c_w.l(libinit2.o)
    0x00000436   0x00000436   0x00000000   Code   RO          205    .ARM.Collect$$libinit$$00000013  c_w.l(libinit2.o)
    0x00000436   0x00000436   0x00000000   Code   RO          207    .ARM.Collect$$libinit$$00000015  c_w.l(libinit2.o)
    0x00000436   0x00000436   0x00000000   Code   RO          209    .ARM.Collect$$libinit$$00000017  c_w.l(libinit2.o)
    0x00000436   0x00000436   0x00000000   Code   RO          211    .ARM.Collect$$libinit$$00000019  c_w.l(libinit2.o)
    0x00000436   0x00000436   0x00000000   Code   RO          213    .ARM.Collect$$libinit$$0000001B  c_w.l(libinit2.o)
    0x00000436   0x00000436   0x00000000   Code   RO          215    .ARM.Collect$$libinit$$0000001D  c_w.l(libinit2.o)
    0x00000436   0x00000436   0x00000000   Code   RO          217    .ARM.Collect$$libinit$$0000001F  c_w.l(libinit2.o)
    0x00000436   0x00000436   0x00000000   Code   RO          219    .ARM.Collect$$libinit$$00000021  c_w.l(libinit2.o)
    0x00000436   0x00000436   0x00000000   Code   RO          221    .ARM.Collect$$libinit$$00000023  c_w.l(libinit2.o)
    0x00000436   0x00000436   0x00000000   Code   RO          223    .ARM.Collect$$libinit$$00000025  c_w.l(libinit2.o)
    0x00000436   0x00000436   0x00000000   Code   RO          225    .ARM.Collect$$libinit$$00000027  c_w.l(libinit2.o)
    0x00000436   0x00000436   0x00000000   Code   RO          229    .ARM.Collect$$libinit$$0000002E  c_w.l(libinit2.o)
    0x00000436   0x00000436   0x00000000   Code   RO          231    .ARM.Collect$$libinit$$00000030  c_w.l(libinit2.o)
    0x00000436   0x00000436   0x00000000   Code   RO          233    .ARM.Collect$$libinit$$00000032  c_w.l(libinit2.o)
    0x00000436   0x00000436   0x00000000   Code   RO          235    .ARM.Collect$$libinit$$00000034  c_w.l(libinit2.o)
    0x00000436   0x00000436   0x00000002   Code   RO          236    .ARM.Collect$$libinit$$00000035  c_w.l(libinit2.o)
    0x00000438   0x00000438   0x00000002   Code   RO          265    .ARM.Collect$$libshutdown$$00000000  c_w.l(libshutdown.o)
    0x0000043a   0x0000043a   0x00000000   Code   RO          277    .ARM.Collect$$libshutdown$$00000002  c_w.l(libshutdown2.o)
    0x0000043a   0x0000043a   0x00000000   Code   RO          279    .ARM.Collect$$libshutdown$$00000004  c_w.l(libshutdown2.o)
    0x0000043a   0x0000043a   0x00000000   Code   RO          282    .ARM.Collect$$libshutdown$$00000007  c_w.l(libshutdown2.o)
    0x0000043a   0x0000043a   0x00000000   Code   RO          285    .ARM.Collect$$libshutdown$$0000000A  c_w.l(libshutdown2.o)
    0x0000043a   0x0000043a   0x00000000   Code   RO          287    .ARM.Collect$$libshutdown$$0000000C  c_w.l(libshutdown2.o)
    0x0000043a   0x0000043a   0x00000000   Code   RO          290    .ARM.Collect$$libshutdown$$0000000F  c_w.l(libshutdown2.o)
    0x0000043a   0x0000043a   0x00000002   Code   RO          291    .ARM.Collect$$libshutdown$$00000010  c_w.l(libshutdown2.o)
    0x0000043c   0x0000043c   0x00000000   Code   RO          150    .ARM.Collect$$rtentry$$00000000  c_w.l(__rtentry.o)
    0x0000043c   0x0000043c   0x00000000   Code   RO          152    .ARM.Collect$$rtentry$$00000002  c_w.l(__rtentry2.o)
    0x0000043c   0x0000043c   0x00000004   Code   RO          166    .ARM.Collect$$rtentry$$00000005  c_w.l(__rtentry5.o)
    0x00000440   0x00000440   0x00000000   Code   RO          154    .ARM.Collect$$rtentry$$00000009  c_w.l(__rtentry2.o)
    0x00000440   0x00000440   0x00000004   Code   RO          155    .ARM.Collect$$rtentry$$0000000A  c_w.l(__rtentry2.o)
    0x00000444   0x00000444   0x00000000   Code   RO          157    .ARM.Collect$$rtentry$$0000000C  c_w.l(__rtentry2.o)
    0x00000444   0x00000444   0x00000008   Code   RO          158    .ARM.Collect$$rtentry$$0000000D  c_w.l(__rtentry2.o)
    0x0000044c   0x0000044c   0x00000004   Code   RO          167    .ARM.Collect$$rtentry$$00002716  c_w.l(__rtentry5.o)
    0x00000450   0x00000450   0x00000002   Code   RO          188    .ARM.Collect$$rtexit$$00000000  c_w.l(rtexit.o)
    0x00000452   0x00000452   0x00000000   Code   RO          245    .ARM.Collect$$rtexit$$00000002  c_w.l(rtexit2.o)
    0x00000452   0x00000452   0x00000004   Code   RO          246    .ARM.Collect$$rtexit$$00000003  c_w.l(rtexit2.o)
    0x00000456   0x00000456   0x00000006   Code   RO          247    .ARM.Collect$$rtexit$$00000004  c_w.l(rtexit2.o)
    0x0000045c   0x0000045c   0x00000016   Code   RO          108    .text               cpu_o.o
    0x00000472   0x00000472   0x00000002   PAD
    0x00000474   0x00000474   0x00000038   Code   RO          128    .text               startup_armcm3.o
    0x000004ac   0x000004ac   0x00000006   Code   RO          146    .text               c_w.l(heapauxi.o)
    0x000004b2   0x000004b2   0x00000012   Code   RO          173    .text               c_w.l(exit.o)
    0x000004c4   0x000004c4   0x00000002   Code   RO          241    .text               c_w.l(use_no_semi.o)
    0x000004c6   0x000004c6   0x00000000   Code   RO          243    .text               c_w.l(indicate_semi.o)
    0x000004c6   0x000004c6   0x00000002   PAD
    0x000004c8   0x000004c8   0x0000000c   Code   RO          255    .text               c_w.l(sys_exit.o)
    0x000004d4   0x000004d4   0x00000022   Code   RO           99    .text.SysTick_Handler  systick.o
    0x000004f6   0x000004f6   0x00000002   PAD
    0x000004f8   0x000004f8   0x00000026   Code   RO          135    .text.SystemInit    system_armcm3.o
    0x0000051e   0x0000051e   0x00000002   PAD
    0x00000520   0x00000520   0x0000003c   Code   RO           80    .text._MK_GetTCBFromPrioTable  priority.o
    0x0000055c   0x0000055c   0x0000002e   Code   RO           78    .text._MK_InsertTCBToPrioTable  priority.o
    0x0000058a   0x0000058a   0x00000002   PAD
    0x0000058c   0x0000058c   0x0000001c   Code   RO           76    .text._MK_PrioInit_  priority.o
    0x000005a8   0x000005a8   0x0000002a   Code   RO           32    .text._MK_main_     system.o
    0x000005d2   0x000005d2   0x00000002   PAD
    0x000005d4   0x000005d4   0x00000072   Code   RO           44    .text._mk_task_switch_  switch.o
    0x00000646   0x00000646   0x00000002   PAD
    0x00000648   0x00000648   0x0000006a   Code   RO            2    .text.main          main.o
    0x000006b2   0x000006b2   0x00000002   PAD
    0x000006b4   0x000006b4   0x00000040   Code   RO           97    .text.mk_SystickInit  systick.o
    0x000006f4   0x000006f4   0x00000014   Code   RO           66    .text.mk_delay_ms   delay.o
    0x00000708   0x00000708   0x00000032   Code   RO           55    .text.mk_idle_init  idle.o
    0x0000073a   0x0000073a   0x00000002   PAD
    0x0000073c   0x0000073c   0x00000002   Code   RO           53    .text.mk_idle_task  idle.o
    0x0000073e   0x0000073e   0x00000002   PAD
    0x00000740   0x00000740   0x00000068   Code   RO           30    .text.mk_task_init  system.o
    0x000007a8   0x000007a8   0x0000001e   Code   RO            4    .text.task1         main.o
    0x000007c6   0x000007c6   0x00000002   PAD
    0x000007c8   0x000007c8   0x0000001e   Code   RO            6    .text.task2         main.o
    0x000007e6   0x000007e6   0x00000002   PAD
    0x000007e8   0x000007e8   0x0000005c   Code   RO           90    CODE                cpu.o
    0x00000844   0x00000844   0x00000020   Data   RO          325    Region$$Table       anon$$obj.o


    Execution Region RW_IRAM1 (Exec base: 0x20000000, Load base: 0x00000868, Size: 0x00001b58, Max: 0x00020000, ABSOLUTE)

    Exec Addr    Load Addr    Size         Type   Attr      Idx    E Section Name        Object

    0x20000000   0x00000868   0x00000004   Data   RW          137    .data.SystemCoreClock  system_armcm3.o
    0x20000004   0x0000086c   0x00000004   PAD
    0x20000008        -       0x00000004   Zero   RW           23    .bss._MK_Current_Pro_  data_type.o
    0x2000000c        -       0x00000004   Zero   RW           24    .bss._MK_Next_Pro_  data_type.o
    0x20000010        -       0x00000280   Zero   RW           82    .bss._MK_Prio_Table_  priority.o
    0x20000290        -       0x00000280   Zero   RW           22    .bss._OSReadyList   data_type.o
    0x20000510        -       0x00000004   Zero   RW           12    .bss.bit1           main.o
    0x20000514        -       0x00000004   Zero   RW           13    .bss.bit2           main.o
    0x20000518        -       0x00000004   Zero   RW           46    .bss.i              switch.o
    0x2000051c        -       0x00000014   Zero   RW           57    .bss.idletask       idle.o
    0x20000530        -       0x00000200   Zero   RW           58    .bss.idletaskEnv    idle.o
    0x20000730        -       0x00000800   Zero   RW            9    .bss.taskEnv1       main.o
    0x20000f30        -       0x00000800   Zero   RW           11    .bss.taskEnv2       main.o
    0x20001730        -       0x00000014   Zero   RW            8    .bss.task_1         main.o
    0x20001744        -       0x00000014   Zero   RW           10    .bss.task_2         main.o
    0x20001758        -       0x00000400   Zero   RW          125    STACK               startup_armcm3.o


==============================================================================

Image component sizes


      Code (inc. data)   RO Data    RW Data    ZI Data      Debug   Object Name

        92         16          0          0          0        504   cpu.o
        22          0          0          0          0        480   cpu_o.o
         0          0          0          0        648        783   data_type.o
        20          0          0          0          0        543   delay.o
        52          0          0          0        532       1067   idle.o
       166          0          0          0       4144       1248   main.o
       134          0          0          0        640       1494   priority.o
        56         10        960          0       1024       1156   startup_armcm3.o
       114          0          0          0          4        551   switch.o
       146          0          0          0          0       1643   system.o
        38          0          0          4          0       1386   system_armcm3.o
        98          0          0          0          0       2908   systick.o

    ----------------------------------------------------------------------
       960         26        992          4       6996      13763   Object Totals
         0          0         32          0          0          0   (incl. Generated)
        22          0          0          0          4          0   (incl. Padding)

    ----------------------------------------------------------------------

      Code (inc. data)   RO Data    RW Data    ZI Data      Debug   Library Member Name

         8          0          0          0          0         68   __main.o
         0          0          0          0          0          0   __rtentry.o
        12          0          0          0          0          0   __rtentry2.o
         8          4          0          0          0          0   __rtentry5.o
        52          8          0          0          0          0   __scatter.o
        26          0          0          0          0          0   __scatter_copy.o
        28          0          0          0          0          0   __scatter_zi.o
        18          0          0          0          0         80   exit.o
         6          0          0          0          0        152   heapauxi.o
         0          0          0          0          0          0   indicate_semi.o
         2          0          0          0          0          0   libinit.o
         2          0          0          0          0          0   libinit2.o
         2          0          0          0          0          0   libshutdown.o
         2          0          0          0          0          0   libshutdown2.o
         2          0          0          0          0          0   rtexit.o
        10          0          0          0          0          0   rtexit2.o
        12          4          0          0          0         68   sys_exit.o
         2          0          0          0          0         68   use_no_semi.o

    ----------------------------------------------------------------------
       196         16          0          0          0        436   Library Totals
         4          0          0          0          0          0   (incl. Padding)

    ----------------------------------------------------------------------

      Code (inc. data)   RO Data    RW Data    ZI Data      Debug   Library Name

       192         16          0          0          0        436   c_w.l

    ----------------------------------------------------------------------
       196         16          0          0          0        436   Library Totals

    ----------------------------------------------------------------------

==============================================================================


      Code (inc. data)   RO Data    RW Data    ZI Data      Debug   

      1156         42        992          4       6996      13951   Grand Totals
      1156         42        992          4       6996      13951   ELF Image Totals
      1156         42        992          4          0          0   ROM Totals

==============================================================================

    Total RO  Size (Code + RO Data)                 2148 (   2.10kB)
    Total RW  Size (RW Data + ZI Data)              7000 (   6.84kB)
    Total ROM Size (Code + RO Data + RW Data)       2152 (   2.10kB)

==============================================================================

